    Hinst Name                               Module Name                                                                                                                                                                             Inst Count           Total Area
-----------------------------------------------------------------------------------------------------------------------------------------------------------------------------------------------------------------------------------------------------------------
GCN                                                                                                                                                                                                                                       10520            21409.272
  transformation_block_inst                  Transformation_Block_FEATURE_COLS96_WEIGHT_ROWS96_FEATURE_ROWS6_WEIGHT_COLS3_FEATURE_WIDTH5_WEIGHT_WIDTH5_DOT_PROD_WIDTH16_ADDRESS_WIDTH13_COUNTER_WEIGHT_WIDTH2_COUNTER_FEATURE_WIDTH3       8775            17919.403
    transformation_block_inst/vector_mult_inst Vector_Multiplier_FEATURE_COLS96_FEATURE_WIDTH5_WEIGHT_WIDTH5_DOT_PROD_WIDTH16                                                                                                                5499            10558.486
