#-check_same_via_cell true               # bool, default=false, user setting
 *** Starting Verify DRC (MEM: 3865.4) ***

  VERIFY DRC ...... Starting Verification
  VERIFY DRC ...... Initializing
  VERIFY DRC ...... Deleting Existing Violations
  VERIFY DRC ...... Creating Sub-Areas
  VERIFY DRC ...... Using new threading
  VERIFY DRC ...... Sub-Area: {0.000 0.000 55.296 55.296} 1 of 16
  VERIFY DRC ...... Sub-Area : 1 complete 882 Viols.
  VERIFY DRC ...... Sub-Area: {55.296 0.000 110.592 55.296} 2 of 16
  VERIFY DRC ...... Sub-Area : 2 complete 79 Viols.
  VERIFY DRC ...... Sub-Area: {110.592 0.000 165.888 55.296} 3 of 16
  VERIFY DRC ...... Sub-Area : 3 complete 26 Viols.
  VERIFY DRC ...... Sub-Area: {165.888 0.000 219.168 55.296} 4 of 16
  VERIFY DRC ...... Sub-Area : 4 complete 8 Viols.
  VERIFY DRC ...... Sub-Area: {0.000 55.296 55.296 110.592} 5 of 16
  VERIFY DRC ...... Sub-Area : 5 complete 3 Viols.
  VERIFY DRC ...... Sub-Area: {55.296 55.296 110.592 110.592} 6 of 16
**WARN: (IMPVFG-1103):	VERIFY DRC did not complete: Number of violations exceeds the Error Limit [1000]

  Verification Complete : 1000 Viols.

 Violation Summary By Layer and Type:

	            Enc   OffGrd     Rect   Totals
	M2            0      355      240      595
	M3            0        2        0        2
	V3          360        0        0      360
	V5           43        0        0       43
	Totals      403      357      240     1000

 *** End Verify DRC (CPU TIME: 0:00:01.4  ELAPSED TIME: 0:00:01.0  MEM: 256.1M) ***

