*----------------------------------------------------------------------------------------
*	Innovus 23.12-s091_1 (64bit) 07/30/2024 16:11 (Linux 3.10.0-693.el7.x86_64)
*	
*
* 	Date & Time:	2026-Jun-26 06:19:09 (2026-Jun-26 06:19:09 GMT)
*
*----------------------------------------------------------------------------------------
*
*	Design: GCN
*
*	Liberty Libraries used: 
*	        default_setup_view: /apps/share64/rocky8/asap7/asap7-20250127/asap7sc7p5t_28/LIB/NLDM/asap7sc7p5t_INVBUF_RVT_TT_nldm_220122.lib
*	        default_setup_view: /apps/share64/rocky8/asap7/asap7-20250127/asap7sc7p5t_28/LIB/NLDM/asap7sc7p5t_AO_RVT_TT_nldm_211120.lib
*	        default_setup_view: /apps/share64/rocky8/asap7/asap7-20250127/asap7sc7p5t_28/LIB/NLDM/asap7sc7p5t_OA_RVT_TT_nldm_211120.lib
*	        default_setup_view: ./asap7sc7p5t_SEQ_RVT_TT_nldm_201020.lib
*	        default_setup_view: /apps/share64/rocky8/asap7/asap7-20250127/asap7sc7p5t_28/LIB/NLDM/asap7sc7p5t_SIMPLE_RVT_TT_nldm_211120.lib
*
*	Power Domain used: 
*              Rail:        VDD      Voltage:        0.7 
*
*       Power View : default_setup_view
*
*       User-Defined Activity : N.A.
*
*       Activity File: N.A.
*
*       Hierarchical Global Activity: N.A.
*
*       Global Activity: N.A.
*
*       Sequential Element Activity: 0.200000
*
*       Primary Input Activity: 0.200000
*
*       Default icg ratio: N.A.
*
*       Global Comb ClockGate Ratio: N.A.
*
*	Power Units = 1mW
*
*	Time Units = 1e-12 secs 
*
*       report_power -outfile ./reports/power/power.rpt
*
-----------------------------------------------------------------------------------------


Total Power 
-----------------------------------------------------------------------------------------
Total Internal Power:        5.01499343 	   45.8823%
Total Switching Power:       5.91284356 	   54.0968%
Total Leakage Power:         0.00227843 	    0.0208%
Total Power:                10.93011543 
-----------------------------------------------------------------------------------------


Group                           Internal   Switching     Leakage       Total  Percentage 
                                Power      Power         Power         Power  (%)        
-----------------------------------------------------------------------------------------
Sequential                         1.637      0.1904   0.0003163       1.827       16.72 
Macro                                  0           0           0           0           0 
IO                                     0           0           0           0           0 
Combinational                      3.273       5.255     0.00195       8.529       78.04 
Clock (Combinational)             0.1056      0.4678   1.207e-05      0.5734       5.246 
Clock (Sequential)                     0           0           0           0           0 
-----------------------------------------------------------------------------------------
Total                              5.015       5.913    0.002278       10.93         100 
-----------------------------------------------------------------------------------------


Rail                  Voltage   Internal   Switching     Leakage       Total  Percentage 
                                Power      Power         Power         Power  (%)        
-----------------------------------------------------------------------------------------
VDD                       0.7      5.015       5.913    0.002278       10.93         100 


Clock                           Internal   Switching     Leakage       Total  Percentage 
                                Power      Power         Power         Power  (%)        
-----------------------------------------------------------------------------------------
clk                               0.1056      0.4678   1.207e-05      0.5734       5.246 
-----------------------------------------------------------------------------------------
Total (excluding duplicates)      0.1056      0.4678   1.207e-05      0.5734       5.246 
-----------------------------------------------------------------------------------------
Clock: clk
Clock Period: 0.000800 usec 
Clock Toggle Rate:  2500.0000 Mhz 
Clock Static Probability:  0.5000



-----------------------------------------------------------------------------------------
*	Power Distribution Summary: 
*                Highest Average Power: transformation_block_inst/CTS_ccl_a_buf_00012 (BUFx24_ASAP7_75t_R):          0.05964 
*                Highest Leakage Power: transformation_block_inst/CTS_ccl_a_buf_00012 (BUFx24_ASAP7_75t_R):        1.432e-06 
*          Total Cap:      4.24852e-11 F
*          Total instances in design: 23541
*          Total instances in design with no power:     0
*          Total instances in design with no activity:     0
*          Total Fillers and Decap:     0
-----------------------------------------------------------------------------------------

