*----------------------------------------------------------------------------------------
*	Innovus 23.12-s091_1 (64bit) 07/30/2024 16:11 (Linux 3.10.0-693.el7.x86_64)
*	
*
* 	Date & Time:	2026-Jun-25 21:45:54 (2026-Jun-25 21:45:54 GMT)
*
*----------------------------------------------------------------------------------------
*
*	Design: GCN
*
*	Liberty Libraries used: 
*	        default_setup_view: /apps/share64/rocky8/asap7/asap7-20250127/asap7sc7p5t_28/LIB/NLDM/asap7sc7p5t_INVBUF_RVT_TT_nldm_220122.lib
*	        default_setup_view: /apps/share64/rocky8/asap7/asap7-20250127/asap7sc7p5t_28/LIB/NLDM/asap7sc7p5t_AO_RVT_TT_nldm_211120.lib
*	        default_setup_view: /apps/share64/rocky8/asap7/asap7-20250127/asap7sc7p5t_28/LIB/NLDM/asap7sc7p5t_OA_RVT_TT_nldm_211120.lib
*	        default_setup_view: asap7sc7p5t_SEQ_RVT_TT_nldm_201020.lib
*	        default_setup_view: /apps/share64/rocky8/asap7/asap7-20250127/asap7sc7p5t_28/LIB/NLDM/asap7sc7p5t_SIMPLE_RVT_TT_nldm_211120.lib
*
*	Power Domain used: 
*              Rail:        VDD      Voltage:        0.7 
*
*       Power View : default_setup_view
*
*       User-Defined Activity : N.A.
*
*       Activity File: N.A.
*
*       Hierarchical Global Activity: N.A.
*
*       Global Activity: N.A.
*
*       Sequential Element Activity: 0.200000
*
*       Primary Input Activity: 0.200000
*
*       Default icg ratio: N.A.
*
*       Global Comb ClockGate Ratio: N.A.
*
*	Power Units = 1mW
*
*	Time Units = 1e-12 secs 
*
*       report_power -outfile ./reports/power/power.rpt
*
-----------------------------------------------------------------------------------------


Total Power 
-----------------------------------------------------------------------------------------
Total Internal Power:        1.50424154 	   48.1468%
Total Switching Power:       1.61891017 	   51.8170%
Total Leakage Power:         0.00113206 	    0.0362%
Total Power:                 3.12428377 
-----------------------------------------------------------------------------------------


Group                           Internal   Switching     Leakage       Total  Percentage 
                                Power      Power         Power         Power  (%)        
-----------------------------------------------------------------------------------------
Sequential                        0.9322     0.07875   0.0003163       1.011       32.37 
Macro                                  0           0           0           0           0 
IO                                     0           0           0           0           0 
Combinational                     0.5254        1.32   0.0008063       1.846       59.08 
Clock (Combinational)            0.04666      0.2206   9.379e-06      0.2672       8.554 
Clock (Sequential)                     0           0           0           0           0 
-----------------------------------------------------------------------------------------
Total                              1.504       1.619    0.001132       3.124         100 
-----------------------------------------------------------------------------------------


Rail                  Voltage   Internal   Switching     Leakage       Total  Percentage 
                                Power      Power         Power         Power  (%)        
-----------------------------------------------------------------------------------------
VDD                       0.7      1.504       1.619    0.001132       3.124         100 


Clock                           Internal   Switching     Leakage       Total  Percentage 
                                Power      Power         Power         Power  (%)        
-----------------------------------------------------------------------------------------
clk                              0.04666      0.2206   9.379e-06      0.2672       8.554 
-----------------------------------------------------------------------------------------
Total (excluding duplicates)     0.04666      0.2206   9.379e-06      0.2672       8.554 
-----------------------------------------------------------------------------------------
Clock: clk
Clock Period: 0.001400 usec 
Clock Toggle Rate:  1428.5714 Mhz 
Clock Static Probability:  0.5000



-----------------------------------------------------------------------------------------
*	Power Distribution Summary: 
*                Highest Average Power: transformation_block_inst/CTS_ccl_a_buf_00007 (BUFx12f_ASAP7_75t_R):          0.02307 
*                Highest Leakage Power:       CTS_ccl_a_buf_00005 (BUFx12f_ASAP7_75t_R):        8.185e-07 
*          Total Cap:      2.75213e-11 F
*          Total instances in design: 10540
*          Total instances in design with no power:     0
*          Total instances in design with no activity:     0
*          Total Fillers and Decap:     0
-----------------------------------------------------------------------------------------

