###############################################################
#  Generated by:      Cadence Innovus 23.12-s091_1
#  OS:                Linux x86_64(Host ID toolsession-0022-56dbdd798c-v95n7)
#  Generated on:      Fri Jun 26 06:06:27 2026
#  Design:            GCN
#  Command:           report_ccopt_clock_trees -filename ./CTS/clock_trees.rpt
###############################################################

Clock DAG stats:
================

--------------------------------------------------------
Cell type                 Count    Area      Capacitance
--------------------------------------------------------
Buffers                    43      68.118      27.295
Inverters                   2       4.666       9.221
Integrated Clock Gates      0       0.000       0.000
Discrete Clock Gates        0       0.000       0.000
Clock Logic                 0       0.000       0.000
All                        45      72.783      36.516
--------------------------------------------------------

Clock DAG miscellaneous counts:
===============================

------------------------------
Type                     Count
------------------------------
Roots                      1
Preserved Ports            0
Multiple Clock Inputs      0
------------------------------


Clock DAG sink counts:
======================

-------------------------
Sink type           Count
-------------------------
Regular             1087
Enable Latch           0
Load Capacitance       0
Antenna Diode          0
Node Sink              0
Total               1087
-------------------------


Clock DAG wire lengths:
=======================

--------------------
Type     Wire Length
--------------------
Top          0.000
Trunk      818.400
Leaf      3648.120
Total     4466.520
--------------------


Clock DAG hp wire lengths:
==========================

-----------------------
Type     hp Wire Length
-----------------------
Top            0.000
Trunk        449.280
Leaf        2446.632
Total       2895.912
-----------------------


Clock DAG capacitances:
=======================

--------------------------------------
Type     Gate       Wire       Total
--------------------------------------
Top        0.000      0.000      0.000
Trunk     29.738     24.012     53.750
Leaf     524.689    107.411    632.100
Total    554.426    131.423    685.849
--------------------------------------


Clock DAG sink capacitances:
============================

-------------------------------------------------
Total      Average    Std. Dev.    Min      Max
-------------------------------------------------
517.916     0.476       0.000      0.476    0.476
-------------------------------------------------


Clock DAG net violations:
=========================

None


Clock DAG primary half-corner transition distribution:
======================================================

---------------------------------------------------------------------------------------------------------------------------------------------------------
Net Type    Target    Count    Average    Std. Dev.    Min     Max     Distribution                                                           Over Target
---------------------------------------------------------------------------------------------------------------------------------------------------------
Trunk       100.0      17       25.9        29.5        5.2    94.9    {14 <= 60.0ps, 1 <= 80.0ps, 1 <= 90.0ps, 1 <= 95.0ps, 0 <= 100.0ps}         -
Leaf        100.0      29       50.0        37.0       13.7    98.8    {17 <= 60.0ps, 0 <= 80.0ps, 4 <= 90.0ps, 4 <= 95.0ps, 4 <= 100.0ps}         -
---------------------------------------------------------------------------------------------------------------------------------------------------------


Clock DAG library cell distribution:
====================================

------------------------------------------------------
Name                   Type        Inst     Inst Area 
                                   Count    (um^2)
------------------------------------------------------
BUFx24_ASAP7_75t_R     buffer        1         6.998
BUFx12f_ASAP7_75t_R    buffer        1         4.199
BUFx10_ASAP7_75t_R     buffer        2         6.532
BUFx8_ASAP7_75t_R      buffer        1         2.799
BUFx6f_ASAP7_75t_R     buffer        5        11.664
BUFx5_ASAP7_75t_R      buffer        3         5.599
BUFx3_ASAP7_75t_R      buffer        2         2.799
BUFx2_ASAP7_75t_R      buffer        6         6.998
HB1xp67_ASAP7_75t_R    buffer       22        20.529
INVx8_ASAP7_75t_R      inverter      2         4.666
------------------------------------------------------



Please note that the following tables reflect only the defined clock trees, so the flop counts might not include all flops in your design.

Clock Tree Summary:
===================

--------------------------------------------------------------------------------------------------------------------------
Clock Tree  Clock  Bufs  Invs  Other  Max       Max     Max      Max          Standard   Wire     Gate     Clock Tree Root
Name        Gates              Clock  Non-leaf  Leaf    Length   Source-sink  cell area  cap      cap      
                               Cells  Fanout    Fanout  (um)     Resistance   (um^2)     (fF)     (fF)     
                                                                 (Ohms)                                    
--------------------------------------------------------------------------------------------------------------------------
clk           0     43    2      0       7       100    230.268    35192.4     72.783    131.423  554.426  clk
--------------------------------------------------------------------------------------------------------------------------

Clock Sink Summary:
===================

-------------------------------------------------------------------------------------------------------------------------------------------
Clock Tree  Explicit      Implicit      Explicit     Implicit     Explicit   Implicit   Posedge  Negedge  Memory  Enable  Non enable  Other
Name        exclude pins  exclude pins  ignore pins  ignore pins  stop pins  stop pins  Flops    Flops    Clock   Latch   Latch       Sinks
                                                                                                          Pins    Sinks   Sinks       
-------------------------------------------------------------------------------------------------------------------------------------------
clk              0             0             0            0           0          0       1087       0       0       0         0         0
-------------------------------------------------------------------------------------------------------------------------------------------

Summary across all clock trees:
===============================

----------------------------------------------------------------------------------------------------------------
Clock  Bufs  Invs  Other  Max       Average   Max     Average  Max      Max          Standard   Wire     Gate
Gates              Clock  Non-leaf  Non-leaf  Leaf    Leaf     Length   Source-sink  cell area  cap      cap
                   Cells  Fanout    Fanout    Fanout  Fanout   (um)     Resistance   (um^2)     (fF)     (fF)
                                                                        (Ohms)                           
----------------------------------------------------------------------------------------------------------------
  0     43    2      0       7      1.76471    100      38     230.268   3519.237     72.783    131.423  554.426
----------------------------------------------------------------------------------------------------------------

Clock Sink Summary across all clock trees:
==========================================

-------------------------------------------------------------------------------------------------------------------------------
Explicit      Implicit      Explicit     Implicit     Explicit   Implicit   Posedge  Negedge  Memory  Enable  Non enable  Other
exclude pins  exclude pins  ignore pins  ignore pins  stop pins  stop pins  Flops    Flops    Clock   Latch   Latch       Sinks
                                                                                              Pins    Sinks   Sinks       
-------------------------------------------------------------------------------------------------------------------------------
     0             0             0            0           0          0       1087       0       0       0         0         0
-------------------------------------------------------------------------------------------------------------------------------

Physical metrics across all clock trees:
========================================

------------------------------------------------------------------------
Metric                               Minimum  Average  Maximum   Std.dev
------------------------------------------------------------------------
Source-sink routed net length (um)    0.576    39.718   230.268   56.802
Source-sink manhattan distance (um)   0.432    49.955   271.512   70.137
Source-sink resistance (Ohm)         38.650   703.265  3519.237  903.222
------------------------------------------------------------------------

Transition distribution for half-corner delayCorner_slow:setup.late:
====================================================================

---------------------------------------------------------------------------------------------------------------------------------------------------------
Net Type    Target    Count    Average    Std. Dev.    Min     Max     Distribution                                                           Over Target
---------------------------------------------------------------------------------------------------------------------------------------------------------
Trunk       100.0      17       25.9        29.5        5.2    94.9    {14 <= 60.0ps, 1 <= 80.0ps, 1 <= 90.0ps, 1 <= 95.0ps, 0 <= 100.0ps}         -
Leaf        100.0      29       50.0        37.0       13.7    98.8    {17 <= 60.0ps, 0 <= 80.0ps, 4 <= 90.0ps, 4 <= 95.0ps, 4 <= 100.0ps}         -
---------------------------------------------------------------------------------------------------------------------------------------------------------

Count of violations across all clock trees:
===========================================

---------------------------------------------------------------------------------------
Clock Tree  # Max capacitance  # Max resistance  # Max length  # Max fanout  # Slew
Name        violations         violations        violations    violations    violations
---------------------------------------------------------------------------------------
clk                 0                 0               0             0            0
---------------------------------------------------------------------------------------
Total               0                 0               0             0            0
---------------------------------------------------------------------------------------

Note the above table per clock tree is based on CCOpt clock tree view. The violations are counted across half corners.

Found a total of 0 clock tree pins with max capacitance violations.
Found a total of 0 clock tree nets with max resistance violations.
Found a total of 0 clock tree nets with max length violations.
Found a total of 0 clock tree nets with max fanout violations.
Found a total of 0 clock tree pins with a slew violation.

Report for clock tree: clk:
===========================

Clock Tree Gating Structure (Logical):

# Full cycle clock gates   : 0
Minimum clock gating depth : 0
Maximum clock gating depth : 0
Clock gate area (um^2)     : 0.000

Clock Tree Buffering Structure (Logical):

# Buffers             : 43
# Inverters           :  2
  Total               : 45
Minimum depth         :  1
Maximum depth         : 16
Buffering area (um^2) : 72.783

Clock Tree Level Structure (Logical):

-----------------------------------------------------------------
Level  Full   Posedge  Negedge  Memory  Enable  Non enable  Other
       Cycle  Flops    Flops    Clock   Latch   Latch       Sinks
                                Pins    Sinks   Sinks       
-----------------------------------------------------------------
root     0     1087       0       0       0         0         0
-----------------------------------------------------------------
Total    0     1087       0       0       0         0         0
-----------------------------------------------------------------

Target and measured clock slews (in ps):

---------------------------------------------------------------------------------------------------------------------------------------
Timing Corner                 Worst Rising  Worst Falling  Worst Rising  Worst Falling  Leaf Slew    Leaf Slew  Trunk Slew   Trunk Slew
                              Leaf Slew     Leaf Slew      Trunk Slew    Trunk Slew     Target Type  Target     Target Type  Target
---------------------------------------------------------------------------------------------------------------------------------------
delayCorner_fast:hold.early       78.0          72.8           93.6          73.7       ignored          -      ignored          -
delayCorner_fast:hold.late        98.8          91.4           94.9          78.2       ignored          -      ignored          -
delayCorner_slow:setup.early      78.0          72.8           93.6          73.7       ignored          -      ignored          -
delayCorner_slow:setup.late       98.8          91.4           94.9          78.2       explicit      100.0     explicit      100.0
---------------------------------------------------------------------------------------------------------------------------------------

* - indicates that target was not met.

auto extracted - target was extracted from SDC.
auto computed - target was computed when balancing trees.

