###############################################################
#  Generated by:      Cadence Innovus 23.12-s091_1
#  OS:                Linux x86_64(Host ID toolsession-0022-56dbdd798c-v95n7)
#  Generated on:      Fri Jun 26 06:06:27 2026
#  Design:            GCN
#  Command:           report_ccopt_skew_groups -filename ./CTS/skew_groups.rpt
###############################################################

Skew Group Structure:
=====================

-----------------------------------------------------------------
Skew Group    Sources    Constrained Sinks    Unconstrained Sinks
-----------------------------------------------------------------
clk/common       1             1087                    0
-----------------------------------------------------------------

Skew Group Summary:
===================

-------------------------------------------------------------------------------------------------------------------------------------------------------------------------
Timing Corner                   Skew Group    ID Target    Min ID    Max ID    Avg ID    Std.Dev. ID    Skew Target Type    Skew Target    Skew     Skew window occupancy
-------------------------------------------------------------------------------------------------------------------------------------------------------------------------
delayCorner_slow:setup.early    clk/common        -        363.8     409.1     378.7        11.7        ignored                  -          45.3              -
delayCorner_slow:setup.late     clk/common    none         235.3     441.0     340.8        74.9        explicit            *30.0          205.7    46.6% {388.6, 418.6}
delayCorner_fast:hold.early     clk/common        -        363.8     409.1     378.7        11.7        ignored                  -          45.3              -
delayCorner_fast:hold.late      clk/common        -        388.6     441.0     406.5        13.7        ignored                  -          52.4              -
-------------------------------------------------------------------------------------------------------------------------------------------------------------------------

* - indicates that target was not met.

Skew Group Min/Max path pins:
=============================

----------------------------------------------------------------------------------
Timing Corner                   Skew Group    Min ID    PathID    Max ID    PathID
----------------------------------------------------------------------------------
delayCorner_slow:setup.early    clk/common    363.8       1       409.1       2
-    min combination_block_inst_adj_memory_inst_mem_reg_1__2__5_/CLK
-    max transformation_block_inst/result_memory_inst_mem_reg_0__2__14_/CLK
delayCorner_slow:setup.late     clk/common    235.3       3       441.0       4
-    min transformation_block_inst/scratchpad_inst_memory_reg_46__0_/CLK
-    max transformation_block_inst/result_memory_inst_mem_reg_0__2__14_/CLK
delayCorner_fast:hold.early     clk/common    363.8       5       409.1       6
-    min combination_block_inst_adj_memory_inst_mem_reg_1__2__5_/CLK
-    max transformation_block_inst/result_memory_inst_mem_reg_0__2__14_/CLK
delayCorner_fast:hold.late      clk/common    388.6       7       441.0       8
-    min combination_block_inst_adj_memory_inst_mem_reg_1__2__5_/CLK
-    max transformation_block_inst/result_memory_inst_mem_reg_0__2__14_/CLK
----------------------------------------------------------------------------------

Timing for timing corner delayCorner_slow:setup.early, min clock_path:
======================================================================

PathID    :   1
Path type : skew group clk/common (path 1 of 1)
Start     : clk
End       : combination_block_inst_adj_memory_inst_mem_reg_1__2__5_/CLK
Delay     : 363.8

---------------------------------------------------------------------------------------------------------------
Name  Lib cell                  Event  Incr  Arrival  Slew  Cap     Location           Distance  Fanout  Status
                                       (ps)  (ps)     (ps)  (fF)                       (um)              
-- Clockpath trace --------------------------------------------------------------------------------------------
clk
-     -                         rise   -        0.0   44.3  13.822  (219.024,0.000)    -            5    
CTS_cdb_buf_00034/A
-     BUFx3_ASAP7_75t_R         rise    3.3     3.3   52.6  -       (208.800,7.956)     18.180   -       
CTS_cdb_buf_00034/Y
-     BUFx3_ASAP7_75t_R         rise   26.3    29.6    7.6   0.408  (208.224,8.100)      0.720      1    
FE_USKC2653_CTS_10/A
-     HB1xp67_ASAP7_75t_R       rise    0.1    29.7    7.6  -       (207.504,7.956)      0.864   -       
FE_USKC2653_CTS_10/Y
-     HB1xp67_ASAP7_75t_R       rise   22.7    52.4   20.8   1.652  (206.928,8.100)      0.720      2    
CTS_ccl_buf_00014/A
-     HB1xp67_ASAP7_75t_R       rise    0.0    52.4   20.8  -       (205.992,7.956)      1.080   -       
CTS_ccl_buf_00014/Y
-     HB1xp67_ASAP7_75t_R       rise   20.7    73.1    9.5   0.414  (205.416,8.100)      0.720      1    
FE_USKC2650_CTS_9/A
-     HB1xp67_ASAP7_75t_R       rise    0.0    73.1    9.5  -       (199.944,12.276)     9.648   -       
FE_USKC2650_CTS_9/Y
-     HB1xp67_ASAP7_75t_R       rise   16.8    89.9    8.6   0.362  (199.368,12.420)     0.720      1    
FE_USKC2655_CTS_9/A
-     HB1xp67_ASAP7_75t_R       rise    0.0    89.9    8.6  -       (198.648,12.276)     0.864   -       
FE_USKC2655_CTS_9/Y
-     HB1xp67_ASAP7_75t_R       rise   47.9   137.8   90.5   6.448  (198.072,12.420)     0.720      1    
CTS_cdb_buf_00049/A
-     HB1xp67_ASAP7_75t_R       rise   11.0   148.8   93.6  -       (173.880,172.764)  184.536   -       
CTS_cdb_buf_00049/Y
-     HB1xp67_ASAP7_75t_R       rise   33.5   182.3   12.1   0.406  (174.456,172.620)    0.720      1    
FE_USKC2651_CTS_8/A
-     HB1xp67_ASAP7_75t_R       rise    0.0   182.3   12.1  -       (174.528,172.116)    0.576   -       
FE_USKC2651_CTS_8/Y
-     HB1xp67_ASAP7_75t_R       rise   17.8   200.1    9.1   0.404  (175.104,172.260)    0.720      1    
FE_USKC2656_CTS_8/A
-     HB1xp67_ASAP7_75t_R       rise    0.0   200.1    9.1  -       (175.392,172.116)    0.432   -       
FE_USKC2656_CTS_8/Y
-     HB1xp67_ASAP7_75t_R       rise   17.6   217.7   10.5   0.579  (175.968,172.260)    0.720      1    
CTS_ccl_a_buf_00013/A
-     BUFx2_ASAP7_75t_R         rise    0.0   217.7   10.5  -       (176.040,172.764)    0.576   -       
CTS_ccl_a_buf_00013/Y
-     BUFx2_ASAP7_75t_R         rise   17.0   234.7    6.6   0.572  (176.616,172.620)    0.720      1    
FE_USKC2652_CTS_7/A
-     BUFx2_ASAP7_75t_R         rise    0.0   234.7    6.6  -       (176.256,172.116)    0.864   -       
FE_USKC2652_CTS_7/Y
-     BUFx2_ASAP7_75t_R         rise   15.2   249.9    5.9   0.360  (176.832,172.260)    0.720      1    
FE_USKC8503_CTS_7/A
-     HB1xp67_ASAP7_75t_R       rise    0.0   249.9    5.9  -       (177.336,172.116)    0.648   -       
FE_USKC8503_CTS_7/Y
-     HB1xp67_ASAP7_75t_R       rise   17.1   267.0   11.5   0.653  (177.912,172.260)    0.720      1    
FE_USKC2657_CTS_7/A
-     BUFx2_ASAP7_75t_R         rise    0.0   267.0   11.5  -       (177.552,170.604)    2.016   -       
FE_USKC2657_CTS_7/Y
-     BUFx2_ASAP7_75t_R         rise   32.3   299.3   62.7  13.799  (178.128,170.460)    0.720      7    
CTS_ccl_a_buf_00006/A
-     BUFx5_ASAP7_75t_R         rise    0.2   299.5   62.9  -       (179.064,168.444)    2.952   -       
CTS_ccl_a_buf_00006/Y
-     BUFx5_ASAP7_75t_R         rise   63.0   362.5   73.3  45.915  (179.640,168.300)    0.720     84    
combination_block_inst_adj_memory_inst_mem_reg_1__2__5_/CLK
-     ASYNC_DFFHx1_ASAP7_75t_R  rise    1.3   363.8   73.6  -       (174.240,166.284)    7.416   -       
---------------------------------------------------------------------------------------------------------------

Timing for timing corner delayCorner_slow:setup.early, max clock_path:
======================================================================

PathID    :   2
Path type : skew group clk/common (path 1 of 1)
Start     : clk
End       : transformation_block_inst/result_memory_inst_mem_reg_0__2__14_/CLK
Delay     : 409.1

---------------------------------------------------------------------------------------------------------------
Name  Lib cell                  Event  Incr  Arrival  Slew  Cap     Location           Distance  Fanout  Status
                                       (ps)  (ps)     (ps)  (fF)                       (um)              
-- Clockpath trace --------------------------------------------------------------------------------------------
clk
-     -                         rise   -        0.0   44.3  13.822  (219.024,0.000)    -            5    
CTS_cdb_buf_00034/A
-     BUFx3_ASAP7_75t_R         rise    3.3     3.3   52.6  -       (208.800,7.956)     18.180   -       
CTS_cdb_buf_00034/Y
-     BUFx3_ASAP7_75t_R         rise   26.3    29.6    7.6   0.408  (208.224,8.100)      0.720      1    
FE_USKC2653_CTS_10/A
-     HB1xp67_ASAP7_75t_R       rise    0.1    29.7    7.6  -       (207.504,7.956)      0.864   -       
FE_USKC2653_CTS_10/Y
-     HB1xp67_ASAP7_75t_R       rise   22.7    52.4   20.8   1.652  (206.928,8.100)      0.720      2    
CTS_ccl_buf_00014/A
-     HB1xp67_ASAP7_75t_R       rise    0.0    52.4   20.8  -       (205.992,7.956)      1.080   -       
CTS_ccl_buf_00014/Y
-     HB1xp67_ASAP7_75t_R       rise   20.7    73.1    9.5   0.414  (205.416,8.100)      0.720      1    
FE_USKC2650_CTS_9/A
-     HB1xp67_ASAP7_75t_R       rise    0.0    73.1    9.5  -       (199.944,12.276)     9.648   -       
FE_USKC2650_CTS_9/Y
-     HB1xp67_ASAP7_75t_R       rise   16.8    89.9    8.6   0.362  (199.368,12.420)     0.720      1    
FE_USKC2655_CTS_9/A
-     HB1xp67_ASAP7_75t_R       rise    0.0    89.9    8.6  -       (198.648,12.276)     0.864   -       
FE_USKC2655_CTS_9/Y
-     HB1xp67_ASAP7_75t_R       rise   47.9   137.8   90.5   6.448  (198.072,12.420)     0.720      1    
CTS_cdb_buf_00049/A
-     HB1xp67_ASAP7_75t_R       rise   11.0   148.8   93.6  -       (173.880,172.764)  184.536   -       
CTS_cdb_buf_00049/Y
-     HB1xp67_ASAP7_75t_R       rise   33.5   182.3   12.1   0.406  (174.456,172.620)    0.720      1    
FE_USKC2651_CTS_8/A
-     HB1xp67_ASAP7_75t_R       rise    0.0   182.3   12.1  -       (174.528,172.116)    0.576   -       
FE_USKC2651_CTS_8/Y
-     HB1xp67_ASAP7_75t_R       rise   17.8   200.1    9.1   0.404  (175.104,172.260)    0.720      1    
FE_USKC2656_CTS_8/A
-     HB1xp67_ASAP7_75t_R       rise    0.0   200.1    9.1  -       (175.392,172.116)    0.432   -       
FE_USKC2656_CTS_8/Y
-     HB1xp67_ASAP7_75t_R       rise   17.6   217.7   10.5   0.579  (175.968,172.260)    0.720      1    
CTS_ccl_a_buf_00013/A
-     BUFx2_ASAP7_75t_R         rise    0.0   217.7   10.5  -       (176.040,172.764)    0.576   -       
CTS_ccl_a_buf_00013/Y
-     BUFx2_ASAP7_75t_R         rise   17.0   234.7    6.6   0.572  (176.616,172.620)    0.720      1    
FE_USKC2652_CTS_7/A
-     BUFx2_ASAP7_75t_R         rise    0.0   234.7    6.6  -       (176.256,172.116)    0.864   -       
FE_USKC2652_CTS_7/Y
-     BUFx2_ASAP7_75t_R         rise   15.2   249.9    5.9   0.360  (176.832,172.260)    0.720      1    
FE_USKC8503_CTS_7/A
-     HB1xp67_ASAP7_75t_R       rise    0.0   249.9    5.9  -       (177.336,172.116)    0.648   -       
FE_USKC8503_CTS_7/Y
-     HB1xp67_ASAP7_75t_R       rise   17.1   267.0   11.5   0.653  (177.912,172.260)    0.720      1    
FE_USKC2657_CTS_7/A
-     BUFx2_ASAP7_75t_R         rise    0.0   267.0   11.5  -       (177.552,170.604)    2.016   -       
FE_USKC2657_CTS_7/Y
-     BUFx2_ASAP7_75t_R         rise   32.3   299.3   62.7  13.799  (178.128,170.460)    0.720      7    
CTS_ccl_a_buf_00002/A
-     BUFx6f_ASAP7_75t_R        rise   18.1   317.4   74.0  -       (38.016,189.900)   159.552   -       
CTS_ccl_a_buf_00002/Y
-     BUFx6f_ASAP7_75t_R        rise   48.8   366.2   67.8  48.493  (38.736,189.900)     0.720     90    
transformation_block_inst/FE_USKC2672_CTS_2/A
-     HB1xp67_ASAP7_75t_R       rise   11.4   377.6   73.8  -       (15.768,200.196)    33.264   -       
transformation_block_inst/FE_USKC2672_CTS_2/Y
-     HB1xp67_ASAP7_75t_R       rise   31.5   409.1   12.2   0.522  (16.344,200.340)     0.720      1    
transformation_block_inst/result_memory_inst_mem_reg_0__2__14_/CLK
-     ASYNC_DFFHx1_ASAP7_75t_R  rise    0.0   409.1   12.2  -       (15.912,200.844)     0.936   -       
---------------------------------------------------------------------------------------------------------------

Timing for timing corner delayCorner_slow:setup.late, min clock_path:
=====================================================================

PathID    :   3
Path type : skew group clk/common (path 1 of 1)
Start     : clk
End       : transformation_block_inst/scratchpad_inst_memory_reg_46__0_/CLK
Delay     : 235.3

----------------------------------------------------------------------------------------------------------------
Name  Lib cell                  Event  Incr   Arrival  Slew  Cap     Location           Distance  Fanout  Status
                                       (ps)   (ps)     (ps)  (fF)                       (um)              
-- Clockpath trace ---------------------------------------------------------------------------------------------
clk
-     -                         rise   -         0.0   49.4  13.822  (219.024,0.000)    -            5    
transformation_block_inst/CTS_ccl_a_buf_00010/A
-     BUFx24_ASAP7_75t_R        rise    27.8    27.8   78.5  -       (97.560,107.460)   228.924   -       
transformation_block_inst/CTS_ccl_a_buf_00010/Y
-     BUFx24_ASAP7_75t_R        rise    39.6    67.4   47.9  59.437  (96.408,107.460)     1.152     99    
transformation_block_inst/scratchpad_inst_memory_reg_46__0_/CLK
-     ASYNC_DFFHx1_ASAP7_75t_R  rise     7.9    75.3   72.2  -       (113.544,107.316)   17.280   -       
Pin Insertion delay
-     -                         rise   160.0   235.3   -     -       -                  -         -       -
----------------------------------------------------------------------------------------------------------------

Timing for timing corner delayCorner_slow:setup.late, max clock_path:
=====================================================================

PathID    :   4
Path type : skew group clk/common (path 1 of 1)
Start     : clk
End       : transformation_block_inst/result_memory_inst_mem_reg_0__2__14_/CLK
Delay     : 441.0

---------------------------------------------------------------------------------------------------------------
Name  Lib cell                  Event  Incr  Arrival  Slew  Cap     Location           Distance  Fanout  Status
                                       (ps)  (ps)     (ps)  (fF)                       (um)              
-- Clockpath trace --------------------------------------------------------------------------------------------
clk
-     -                         rise   -        0.0   49.4  13.822  (219.024,0.000)    -            5    
CTS_cdb_buf_00034/A
-     BUFx3_ASAP7_75t_R         rise    3.7     3.7   58.9  -       (208.800,7.956)     18.180   -       
CTS_cdb_buf_00034/Y
-     BUFx3_ASAP7_75t_R         rise   27.6    31.3    8.1   0.408  (208.224,8.100)      0.720      1    
FE_USKC2653_CTS_10/A
-     HB1xp67_ASAP7_75t_R       rise    0.0    31.3    8.1  -       (207.504,7.956)      0.864   -       
FE_USKC2653_CTS_10/Y
-     HB1xp67_ASAP7_75t_R       rise   25.1    56.4   25.7   1.652  (206.928,8.100)      0.720      2    
CTS_ccl_buf_00014/A
-     HB1xp67_ASAP7_75t_R       rise    0.1    56.5   25.7  -       (205.992,7.956)      1.080   -       
CTS_ccl_buf_00014/Y
-     HB1xp67_ASAP7_75t_R       rise   22.6    79.1   10.6   0.414  (205.416,8.100)      0.720      1    
FE_USKC2650_CTS_9/A
-     HB1xp67_ASAP7_75t_R       rise    0.0    79.1   10.6  -       (199.944,12.276)     9.648   -       
FE_USKC2650_CTS_9/Y
-     HB1xp67_ASAP7_75t_R       rise   17.7    96.8    9.6   0.362  (199.368,12.420)     0.720      1    
FE_USKC2655_CTS_9/A
-     HB1xp67_ASAP7_75t_R       rise    0.1    96.9    9.6  -       (198.648,12.276)     0.864   -       
FE_USKC2655_CTS_9/Y
-     HB1xp67_ASAP7_75t_R       rise   48.6   145.5   91.7   6.448  (198.072,12.420)     0.720      1    
CTS_cdb_buf_00049/A
-     HB1xp67_ASAP7_75t_R       rise   11.2   156.7   94.9  -       (173.880,172.764)  184.536   -       
CTS_cdb_buf_00049/Y
-     HB1xp67_ASAP7_75t_R       rise   34.3   191.0   13.0   0.406  (174.456,172.620)    0.720      1    
FE_USKC2651_CTS_8/A
-     HB1xp67_ASAP7_75t_R       rise    0.0   191.0   13.0  -       (174.528,172.116)    0.576   -       
FE_USKC2651_CTS_8/Y
-     HB1xp67_ASAP7_75t_R       rise   18.7   209.7   10.1   0.404  (175.104,172.260)    0.720      1    
FE_USKC2656_CTS_8/A
-     HB1xp67_ASAP7_75t_R       rise    0.0   209.7   10.1  -       (175.392,172.116)    0.432   -       
FE_USKC2656_CTS_8/Y
-     HB1xp67_ASAP7_75t_R       rise   18.9   228.6   12.2   0.579  (175.968,172.260)    0.720      1    
CTS_ccl_a_buf_00013/A
-     BUFx2_ASAP7_75t_R         rise    0.1   228.7   12.2  -       (176.040,172.764)    0.576   -       
CTS_ccl_a_buf_00013/Y
-     BUFx2_ASAP7_75t_R         rise   17.6   246.3    7.1   0.572  (176.616,172.620)    0.720      1    
FE_USKC2652_CTS_7/A
-     BUFx2_ASAP7_75t_R         rise    0.1   246.4    7.1  -       (176.256,172.116)    0.864   -       
FE_USKC2652_CTS_7/Y
-     BUFx2_ASAP7_75t_R         rise   15.4   261.8    6.2   0.360  (176.832,172.260)    0.720      1    
FE_USKC8503_CTS_7/A
-     HB1xp67_ASAP7_75t_R       rise    0.0   261.8    6.2  -       (177.336,172.116)    0.648   -       
FE_USKC8503_CTS_7/Y
-     HB1xp67_ASAP7_75t_R       rise   18.1   279.9   13.2   0.653  (177.912,172.260)    0.720      1    
FE_USKC2657_CTS_7/A
-     BUFx2_ASAP7_75t_R         rise    0.0   279.9   13.2  -       (177.552,170.604)    2.016   -       
FE_USKC2657_CTS_7/Y
-     BUFx2_ASAP7_75t_R         rise   34.4   314.3   71.2  13.799  (178.128,170.460)    0.720      7    
CTS_ccl_a_buf_00002/A
-     BUFx6f_ASAP7_75t_R        rise   21.0   335.3   84.8  -       (38.016,189.900)   159.552   -       
CTS_ccl_a_buf_00002/Y
-     BUFx6f_ASAP7_75t_R        rise   55.6   390.9   86.8  48.493  (38.736,189.900)     0.720     90    
transformation_block_inst/FE_USKC2672_CTS_2/A
-     HB1xp67_ASAP7_75t_R       rise   14.9   405.8   94.7  -       (15.768,200.196)    33.264   -       
transformation_block_inst/FE_USKC2672_CTS_2/Y
-     HB1xp67_ASAP7_75t_R       rise   35.2   441.0   14.2   0.522  (16.344,200.340)     0.720      1    
transformation_block_inst/result_memory_inst_mem_reg_0__2__14_/CLK
-     ASYNC_DFFHx1_ASAP7_75t_R  rise    0.0   441.0   14.2  -       (15.912,200.844)     0.936   -       
---------------------------------------------------------------------------------------------------------------

Timing for timing corner delayCorner_fast:hold.early, min clock_path:
=====================================================================

PathID    :   5
Path type : skew group clk/common (path 1 of 1)
Start     : clk
End       : combination_block_inst_adj_memory_inst_mem_reg_1__2__5_/CLK
Delay     : 363.8

---------------------------------------------------------------------------------------------------------------
Name  Lib cell                  Event  Incr  Arrival  Slew  Cap     Location           Distance  Fanout  Status
                                       (ps)  (ps)     (ps)  (fF)                       (um)              
-- Clockpath trace --------------------------------------------------------------------------------------------
clk
-     -                         rise   -        0.0   44.3  13.822  (219.024,0.000)    -            5    
CTS_cdb_buf_00034/A
-     BUFx3_ASAP7_75t_R         rise    3.3     3.3   52.6  -       (208.800,7.956)     18.180   -       
CTS_cdb_buf_00034/Y
-     BUFx3_ASAP7_75t_R         rise   26.3    29.6    7.6   0.408  (208.224,8.100)      0.720      1    
FE_USKC2653_CTS_10/A
-     HB1xp67_ASAP7_75t_R       rise    0.1    29.7    7.6  -       (207.504,7.956)      0.864   -       
FE_USKC2653_CTS_10/Y
-     HB1xp67_ASAP7_75t_R       rise   22.7    52.4   20.8   1.652  (206.928,8.100)      0.720      2    
CTS_ccl_buf_00014/A
-     HB1xp67_ASAP7_75t_R       rise    0.0    52.4   20.8  -       (205.992,7.956)      1.080   -       
CTS_ccl_buf_00014/Y
-     HB1xp67_ASAP7_75t_R       rise   20.7    73.1    9.5   0.414  (205.416,8.100)      0.720      1    
FE_USKC2650_CTS_9/A
-     HB1xp67_ASAP7_75t_R       rise    0.0    73.1    9.5  -       (199.944,12.276)     9.648   -       
FE_USKC2650_CTS_9/Y
-     HB1xp67_ASAP7_75t_R       rise   16.8    89.9    8.6   0.362  (199.368,12.420)     0.720      1    
FE_USKC2655_CTS_9/A
-     HB1xp67_ASAP7_75t_R       rise    0.0    89.9    8.6  -       (198.648,12.276)     0.864   -       
FE_USKC2655_CTS_9/Y
-     HB1xp67_ASAP7_75t_R       rise   47.9   137.8   90.5   6.448  (198.072,12.420)     0.720      1    
CTS_cdb_buf_00049/A
-     HB1xp67_ASAP7_75t_R       rise   11.0   148.8   93.6  -       (173.880,172.764)  184.536   -       
CTS_cdb_buf_00049/Y
-     HB1xp67_ASAP7_75t_R       rise   33.5   182.3   12.1   0.406  (174.456,172.620)    0.720      1    
FE_USKC2651_CTS_8/A
-     HB1xp67_ASAP7_75t_R       rise    0.0   182.3   12.1  -       (174.528,172.116)    0.576   -       
FE_USKC2651_CTS_8/Y
-     HB1xp67_ASAP7_75t_R       rise   17.8   200.1    9.1   0.404  (175.104,172.260)    0.720      1    
FE_USKC2656_CTS_8/A
-     HB1xp67_ASAP7_75t_R       rise    0.0   200.1    9.1  -       (175.392,172.116)    0.432   -       
FE_USKC2656_CTS_8/Y
-     HB1xp67_ASAP7_75t_R       rise   17.6   217.7   10.5   0.579  (175.968,172.260)    0.720      1    
CTS_ccl_a_buf_00013/A
-     BUFx2_ASAP7_75t_R         rise    0.0   217.7   10.5  -       (176.040,172.764)    0.576   -       
CTS_ccl_a_buf_00013/Y
-     BUFx2_ASAP7_75t_R         rise   17.0   234.7    6.6   0.572  (176.616,172.620)    0.720      1    
FE_USKC2652_CTS_7/A
-     BUFx2_ASAP7_75t_R         rise    0.0   234.7    6.6  -       (176.256,172.116)    0.864   -       
FE_USKC2652_CTS_7/Y
-     BUFx2_ASAP7_75t_R         rise   15.2   249.9    5.9   0.360  (176.832,172.260)    0.720      1    
FE_USKC8503_CTS_7/A
-     HB1xp67_ASAP7_75t_R       rise    0.0   249.9    5.9  -       (177.336,172.116)    0.648   -       
FE_USKC8503_CTS_7/Y
-     HB1xp67_ASAP7_75t_R       rise   17.1   267.0   11.5   0.653  (177.912,172.260)    0.720      1    
FE_USKC2657_CTS_7/A
-     BUFx2_ASAP7_75t_R         rise    0.0   267.0   11.5  -       (177.552,170.604)    2.016   -       
FE_USKC2657_CTS_7/Y
-     BUFx2_ASAP7_75t_R         rise   32.3   299.3   62.7  13.799  (178.128,170.460)    0.720      7    
CTS_ccl_a_buf_00006/A
-     BUFx5_ASAP7_75t_R         rise    0.2   299.5   62.9  -       (179.064,168.444)    2.952   -       
CTS_ccl_a_buf_00006/Y
-     BUFx5_ASAP7_75t_R         rise   63.0   362.5   73.3  45.915  (179.640,168.300)    0.720     84    
combination_block_inst_adj_memory_inst_mem_reg_1__2__5_/CLK
-     ASYNC_DFFHx1_ASAP7_75t_R  rise    1.3   363.8   73.6  -       (174.240,166.284)    7.416   -       
---------------------------------------------------------------------------------------------------------------

Timing for timing corner delayCorner_fast:hold.early, max clock_path:
=====================================================================

PathID    :   6
Path type : skew group clk/common (path 1 of 1)
Start     : clk
End       : transformation_block_inst/result_memory_inst_mem_reg_0__2__14_/CLK
Delay     : 409.1

---------------------------------------------------------------------------------------------------------------
Name  Lib cell                  Event  Incr  Arrival  Slew  Cap     Location           Distance  Fanout  Status
                                       (ps)  (ps)     (ps)  (fF)                       (um)              
-- Clockpath trace --------------------------------------------------------------------------------------------
clk
-     -                         rise   -        0.0   44.3  13.822  (219.024,0.000)    -            5    
CTS_cdb_buf_00034/A
-     BUFx3_ASAP7_75t_R         rise    3.3     3.3   52.6  -       (208.800,7.956)     18.180   -       
CTS_cdb_buf_00034/Y
-     BUFx3_ASAP7_75t_R         rise   26.3    29.6    7.6   0.408  (208.224,8.100)      0.720      1    
FE_USKC2653_CTS_10/A
-     HB1xp67_ASAP7_75t_R       rise    0.1    29.7    7.6  -       (207.504,7.956)      0.864   -       
FE_USKC2653_CTS_10/Y
-     HB1xp67_ASAP7_75t_R       rise   22.7    52.4   20.8   1.652  (206.928,8.100)      0.720      2    
CTS_ccl_buf_00014/A
-     HB1xp67_ASAP7_75t_R       rise    0.0    52.4   20.8  -       (205.992,7.956)      1.080   -       
CTS_ccl_buf_00014/Y
-     HB1xp67_ASAP7_75t_R       rise   20.7    73.1    9.5   0.414  (205.416,8.100)      0.720      1    
FE_USKC2650_CTS_9/A
-     HB1xp67_ASAP7_75t_R       rise    0.0    73.1    9.5  -       (199.944,12.276)     9.648   -       
FE_USKC2650_CTS_9/Y
-     HB1xp67_ASAP7_75t_R       rise   16.8    89.9    8.6   0.362  (199.368,12.420)     0.720      1    
FE_USKC2655_CTS_9/A
-     HB1xp67_ASAP7_75t_R       rise    0.0    89.9    8.6  -       (198.648,12.276)     0.864   -       
FE_USKC2655_CTS_9/Y
-     HB1xp67_ASAP7_75t_R       rise   47.9   137.8   90.5   6.448  (198.072,12.420)     0.720      1    
CTS_cdb_buf_00049/A
-     HB1xp67_ASAP7_75t_R       rise   11.0   148.8   93.6  -       (173.880,172.764)  184.536   -       
CTS_cdb_buf_00049/Y
-     HB1xp67_ASAP7_75t_R       rise   33.5   182.3   12.1   0.406  (174.456,172.620)    0.720      1    
FE_USKC2651_CTS_8/A
-     HB1xp67_ASAP7_75t_R       rise    0.0   182.3   12.1  -       (174.528,172.116)    0.576   -       
FE_USKC2651_CTS_8/Y
-     HB1xp67_ASAP7_75t_R       rise   17.8   200.1    9.1   0.404  (175.104,172.260)    0.720      1    
FE_USKC2656_CTS_8/A
-     HB1xp67_ASAP7_75t_R       rise    0.0   200.1    9.1  -       (175.392,172.116)    0.432   -       
FE_USKC2656_CTS_8/Y
-     HB1xp67_ASAP7_75t_R       rise   17.6   217.7   10.5   0.579  (175.968,172.260)    0.720      1    
CTS_ccl_a_buf_00013/A
-     BUFx2_ASAP7_75t_R         rise    0.0   217.7   10.5  -       (176.040,172.764)    0.576   -       
CTS_ccl_a_buf_00013/Y
-     BUFx2_ASAP7_75t_R         rise   17.0   234.7    6.6   0.572  (176.616,172.620)    0.720      1    
FE_USKC2652_CTS_7/A
-     BUFx2_ASAP7_75t_R         rise    0.0   234.7    6.6  -       (176.256,172.116)    0.864   -       
FE_USKC2652_CTS_7/Y
-     BUFx2_ASAP7_75t_R         rise   15.2   249.9    5.9   0.360  (176.832,172.260)    0.720      1    
FE_USKC8503_CTS_7/A
-     HB1xp67_ASAP7_75t_R       rise    0.0   249.9    5.9  -       (177.336,172.116)    0.648   -       
FE_USKC8503_CTS_7/Y
-     HB1xp67_ASAP7_75t_R       rise   17.1   267.0   11.5   0.653  (177.912,172.260)    0.720      1    
FE_USKC2657_CTS_7/A
-     BUFx2_ASAP7_75t_R         rise    0.0   267.0   11.5  -       (177.552,170.604)    2.016   -       
FE_USKC2657_CTS_7/Y
-     BUFx2_ASAP7_75t_R         rise   32.3   299.3   62.7  13.799  (178.128,170.460)    0.720      7    
CTS_ccl_a_buf_00002/A
-     BUFx6f_ASAP7_75t_R        rise   18.1   317.4   74.0  -       (38.016,189.900)   159.552   -       
CTS_ccl_a_buf_00002/Y
-     BUFx6f_ASAP7_75t_R        rise   48.8   366.2   67.8  48.493  (38.736,189.900)     0.720     90    
transformation_block_inst/FE_USKC2672_CTS_2/A
-     HB1xp67_ASAP7_75t_R       rise   11.4   377.6   73.8  -       (15.768,200.196)    33.264   -       
transformation_block_inst/FE_USKC2672_CTS_2/Y
-     HB1xp67_ASAP7_75t_R       rise   31.5   409.1   12.2   0.522  (16.344,200.340)     0.720      1    
transformation_block_inst/result_memory_inst_mem_reg_0__2__14_/CLK
-     ASYNC_DFFHx1_ASAP7_75t_R  rise    0.0   409.1   12.2  -       (15.912,200.844)     0.936   -       
---------------------------------------------------------------------------------------------------------------

Timing for timing corner delayCorner_fast:hold.late, min clock_path:
====================================================================

PathID    :   7
Path type : skew group clk/common (path 1 of 1)
Start     : clk
End       : combination_block_inst_adj_memory_inst_mem_reg_1__2__5_/CLK
Delay     : 388.6

---------------------------------------------------------------------------------------------------------------
Name  Lib cell                  Event  Incr  Arrival  Slew  Cap     Location           Distance  Fanout  Status
                                       (ps)  (ps)     (ps)  (fF)                       (um)              
-- Clockpath trace --------------------------------------------------------------------------------------------
clk
-     -                         rise   -        0.0   49.4  13.822  (219.024,0.000)    -            5    
CTS_cdb_buf_00034/A
-     BUFx3_ASAP7_75t_R         rise    3.7     3.7   58.9  -       (208.800,7.956)     18.180   -       
CTS_cdb_buf_00034/Y
-     BUFx3_ASAP7_75t_R         rise   27.6    31.3    8.1   0.408  (208.224,8.100)      0.720      1    
FE_USKC2653_CTS_10/A
-     HB1xp67_ASAP7_75t_R       rise    0.0    31.3    8.1  -       (207.504,7.956)      0.864   -       
FE_USKC2653_CTS_10/Y
-     HB1xp67_ASAP7_75t_R       rise   25.1    56.4   25.7   1.652  (206.928,8.100)      0.720      2    
CTS_ccl_buf_00014/A
-     HB1xp67_ASAP7_75t_R       rise    0.1    56.5   25.7  -       (205.992,7.956)      1.080   -       
CTS_ccl_buf_00014/Y
-     HB1xp67_ASAP7_75t_R       rise   22.6    79.1   10.6   0.414  (205.416,8.100)      0.720      1    
FE_USKC2650_CTS_9/A
-     HB1xp67_ASAP7_75t_R       rise    0.0    79.1   10.6  -       (199.944,12.276)     9.648   -       
FE_USKC2650_CTS_9/Y
-     HB1xp67_ASAP7_75t_R       rise   17.7    96.8    9.6   0.362  (199.368,12.420)     0.720      1    
FE_USKC2655_CTS_9/A
-     HB1xp67_ASAP7_75t_R       rise    0.1    96.9    9.6  -       (198.648,12.276)     0.864   -       
FE_USKC2655_CTS_9/Y
-     HB1xp67_ASAP7_75t_R       rise   48.6   145.5   91.7   6.448  (198.072,12.420)     0.720      1    
CTS_cdb_buf_00049/A
-     HB1xp67_ASAP7_75t_R       rise   11.2   156.7   94.9  -       (173.880,172.764)  184.536   -       
CTS_cdb_buf_00049/Y
-     HB1xp67_ASAP7_75t_R       rise   34.3   191.0   13.0   0.406  (174.456,172.620)    0.720      1    
FE_USKC2651_CTS_8/A
-     HB1xp67_ASAP7_75t_R       rise    0.0   191.0   13.0  -       (174.528,172.116)    0.576   -       
FE_USKC2651_CTS_8/Y
-     HB1xp67_ASAP7_75t_R       rise   18.7   209.7   10.1   0.404  (175.104,172.260)    0.720      1    
FE_USKC2656_CTS_8/A
-     HB1xp67_ASAP7_75t_R       rise    0.0   209.7   10.1  -       (175.392,172.116)    0.432   -       
FE_USKC2656_CTS_8/Y
-     HB1xp67_ASAP7_75t_R       rise   18.9   228.6   12.2   0.579  (175.968,172.260)    0.720      1    
CTS_ccl_a_buf_00013/A
-     BUFx2_ASAP7_75t_R         rise    0.1   228.7   12.2  -       (176.040,172.764)    0.576   -       
CTS_ccl_a_buf_00013/Y
-     BUFx2_ASAP7_75t_R         rise   17.6   246.3    7.1   0.572  (176.616,172.620)    0.720      1    
FE_USKC2652_CTS_7/A
-     BUFx2_ASAP7_75t_R         rise    0.1   246.4    7.1  -       (176.256,172.116)    0.864   -       
FE_USKC2652_CTS_7/Y
-     BUFx2_ASAP7_75t_R         rise   15.4   261.8    6.2   0.360  (176.832,172.260)    0.720      1    
FE_USKC8503_CTS_7/A
-     HB1xp67_ASAP7_75t_R       rise    0.0   261.8    6.2  -       (177.336,172.116)    0.648   -       
FE_USKC8503_CTS_7/Y
-     HB1xp67_ASAP7_75t_R       rise   18.1   279.9   13.2   0.653  (177.912,172.260)    0.720      1    
FE_USKC2657_CTS_7/A
-     BUFx2_ASAP7_75t_R         rise    0.0   279.9   13.2  -       (177.552,170.604)    2.016   -       
FE_USKC2657_CTS_7/Y
-     BUFx2_ASAP7_75t_R         rise   34.4   314.3   71.2  13.799  (178.128,170.460)    0.720      7    
CTS_ccl_a_buf_00006/A
-     BUFx5_ASAP7_75t_R         rise    0.3   314.6   71.4  -       (179.064,168.444)    2.952   -       
CTS_ccl_a_buf_00006/Y
-     BUFx5_ASAP7_75t_R         rise   72.3   386.9   93.6  45.915  (179.640,168.300)    0.720     84    
combination_block_inst_adj_memory_inst_mem_reg_1__2__5_/CLK
-     ASYNC_DFFHx1_ASAP7_75t_R  rise    1.7   388.6   94.0  -       (174.240,166.284)    7.416   -       
---------------------------------------------------------------------------------------------------------------

Timing for timing corner delayCorner_fast:hold.late, max clock_path:
====================================================================

PathID    :   8
Path type : skew group clk/common (path 1 of 1)
Start     : clk
End       : transformation_block_inst/result_memory_inst_mem_reg_0__2__14_/CLK
Delay     : 441.0

---------------------------------------------------------------------------------------------------------------
Name  Lib cell                  Event  Incr  Arrival  Slew  Cap     Location           Distance  Fanout  Status
                                       (ps)  (ps)     (ps)  (fF)                       (um)              
-- Clockpath trace --------------------------------------------------------------------------------------------
clk
-     -                         rise   -        0.0   49.4  13.822  (219.024,0.000)    -            5    
CTS_cdb_buf_00034/A
-     BUFx3_ASAP7_75t_R         rise    3.7     3.7   58.9  -       (208.800,7.956)     18.180   -       
CTS_cdb_buf_00034/Y
-     BUFx3_ASAP7_75t_R         rise   27.6    31.3    8.1   0.408  (208.224,8.100)      0.720      1    
FE_USKC2653_CTS_10/A
-     HB1xp67_ASAP7_75t_R       rise    0.0    31.3    8.1  -       (207.504,7.956)      0.864   -       
FE_USKC2653_CTS_10/Y
-     HB1xp67_ASAP7_75t_R       rise   25.1    56.4   25.7   1.652  (206.928,8.100)      0.720      2    
CTS_ccl_buf_00014/A
-     HB1xp67_ASAP7_75t_R       rise    0.1    56.5   25.7  -       (205.992,7.956)      1.080   -       
CTS_ccl_buf_00014/Y
-     HB1xp67_ASAP7_75t_R       rise   22.6    79.1   10.6   0.414  (205.416,8.100)      0.720      1    
FE_USKC2650_CTS_9/A
-     HB1xp67_ASAP7_75t_R       rise    0.0    79.1   10.6  -       (199.944,12.276)     9.648   -       
FE_USKC2650_CTS_9/Y
-     HB1xp67_ASAP7_75t_R       rise   17.7    96.8    9.6   0.362  (199.368,12.420)     0.720      1    
FE_USKC2655_CTS_9/A
-     HB1xp67_ASAP7_75t_R       rise    0.1    96.9    9.6  -       (198.648,12.276)     0.864   -       
FE_USKC2655_CTS_9/Y
-     HB1xp67_ASAP7_75t_R       rise   48.6   145.5   91.7   6.448  (198.072,12.420)     0.720      1    
CTS_cdb_buf_00049/A
-     HB1xp67_ASAP7_75t_R       rise   11.2   156.7   94.9  -       (173.880,172.764)  184.536   -       
CTS_cdb_buf_00049/Y
-     HB1xp67_ASAP7_75t_R       rise   34.3   191.0   13.0   0.406  (174.456,172.620)    0.720      1    
FE_USKC2651_CTS_8/A
-     HB1xp67_ASAP7_75t_R       rise    0.0   191.0   13.0  -       (174.528,172.116)    0.576   -       
FE_USKC2651_CTS_8/Y
-     HB1xp67_ASAP7_75t_R       rise   18.7   209.7   10.1   0.404  (175.104,172.260)    0.720      1    
FE_USKC2656_CTS_8/A
-     HB1xp67_ASAP7_75t_R       rise    0.0   209.7   10.1  -       (175.392,172.116)    0.432   -       
FE_USKC2656_CTS_8/Y
-     HB1xp67_ASAP7_75t_R       rise   18.9   228.6   12.2   0.579  (175.968,172.260)    0.720      1    
CTS_ccl_a_buf_00013/A
-     BUFx2_ASAP7_75t_R         rise    0.1   228.7   12.2  -       (176.040,172.764)    0.576   -       
CTS_ccl_a_buf_00013/Y
-     BUFx2_ASAP7_75t_R         rise   17.6   246.3    7.1   0.572  (176.616,172.620)    0.720      1    
FE_USKC2652_CTS_7/A
-     BUFx2_ASAP7_75t_R         rise    0.1   246.4    7.1  -       (176.256,172.116)    0.864   -       
FE_USKC2652_CTS_7/Y
-     BUFx2_ASAP7_75t_R         rise   15.4   261.8    6.2   0.360  (176.832,172.260)    0.720      1    
FE_USKC8503_CTS_7/A
-     HB1xp67_ASAP7_75t_R       rise    0.0   261.8    6.2  -       (177.336,172.116)    0.648   -       
FE_USKC8503_CTS_7/Y
-     HB1xp67_ASAP7_75t_R       rise   18.1   279.9   13.2   0.653  (177.912,172.260)    0.720      1    
FE_USKC2657_CTS_7/A
-     BUFx2_ASAP7_75t_R         rise    0.0   279.9   13.2  -       (177.552,170.604)    2.016   -       
FE_USKC2657_CTS_7/Y
-     BUFx2_ASAP7_75t_R         rise   34.4   314.3   71.2  13.799  (178.128,170.460)    0.720      7    
CTS_ccl_a_buf_00002/A
-     BUFx6f_ASAP7_75t_R        rise   21.0   335.3   84.8  -       (38.016,189.900)   159.552   -       
CTS_ccl_a_buf_00002/Y
-     BUFx6f_ASAP7_75t_R        rise   55.6   390.9   86.8  48.493  (38.736,189.900)     0.720     90    
transformation_block_inst/FE_USKC2672_CTS_2/A
-     HB1xp67_ASAP7_75t_R       rise   14.9   405.8   94.7  -       (15.768,200.196)    33.264   -       
transformation_block_inst/FE_USKC2672_CTS_2/Y
-     HB1xp67_ASAP7_75t_R       rise   35.2   441.0   14.2   0.522  (16.344,200.340)     0.720      1    
transformation_block_inst/result_memory_inst_mem_reg_0__2__14_/CLK
-     ASYNC_DFFHx1_ASAP7_75t_R  rise    0.0   441.0   14.2  -       (15.912,200.844)     0.936   -       
---------------------------------------------------------------------------------------------------------------

