###############################################################
#  Generated by:      Cadence Innovus 23.12-s091_1
#  OS:                Linux x86_64(Host ID toolsession-0022-56dbdd798c-v95n7)
#  Generated on:      Fri Jun 26 09:27:12 2026
#  Design:            GCN
#  Command:           report_ccopt_clock_trees -filename ./CTS/clock_trees.rpt
###############################################################

Clock DAG stats:
================

---------------------------------------------------------
Cell type                 Count    Area       Capacitance
---------------------------------------------------------
Buffers                    59       96.345      41.858
Inverters                  22       24.261      29.819
Integrated Clock Gates      0        0.000       0.000
Discrete Clock Gates        0        0.000       0.000
Clock Logic                 0        0.000       0.000
All                        81      120.606      71.677
---------------------------------------------------------

Clock DAG miscellaneous counts:
===============================

------------------------------
Type                     Count
------------------------------
Roots                      1
Preserved Ports            0
Multiple Clock Inputs      0
------------------------------


Clock DAG sink counts:
======================

-------------------------
Sink type           Count
-------------------------
Regular             1087
Enable Latch           0
Load Capacitance       0
Antenna Diode          0
Node Sink              0
Total               1087
-------------------------


Clock DAG wire lengths:
=======================

--------------------
Type     Wire Length
--------------------
Top          0.000
Trunk     1046.376
Leaf      3557.204
Total     4603.580
--------------------


Clock DAG hp wire lengths:
==========================

-----------------------
Type     hp Wire Length
-----------------------
Top            0.000
Trunk        853.632
Leaf        1352.268
Total       2205.900
-----------------------


Clock DAG capacitances:
=======================

--------------------------------------
Type     Gate       Wire       Total
--------------------------------------
Top        0.000      0.000      0.000
Trunk     69.468     30.262     99.730
Leaf     520.120    101.299    621.419
Total    589.588    131.561    721.149
--------------------------------------


Clock DAG sink capacitances:
============================

-------------------------------------------------
Total      Average    Std. Dev.    Min      Max
-------------------------------------------------
517.916     0.476       0.000      0.476    0.476
-------------------------------------------------


Clock DAG net violations:
=========================

None


Clock DAG primary half-corner transition distribution:
======================================================

---------------------------------------------------------------------------------------------------------------------------------------------------------
Net Type    Target    Count    Average    Std. Dev.    Min     Max     Distribution                                                           Over Target
---------------------------------------------------------------------------------------------------------------------------------------------------------
Trunk       100.0      61       16.4        12.2        4.0    66.0    {60 <= 60.0ps, 1 <= 80.0ps, 0 <= 90.0ps, 0 <= 95.0ps, 0 <= 100.0ps}         -
Leaf        100.0      21       54.8        30.9       11.7    97.7    {10 <= 60.0ps, 5 <= 80.0ps, 3 <= 90.0ps, 1 <= 95.0ps, 2 <= 100.0ps}         -
---------------------------------------------------------------------------------------------------------------------------------------------------------


Clock DAG library cell distribution:
====================================

------------------------------------------------------
Name                   Type        Inst     Inst Area 
                                   Count    (um^2)
------------------------------------------------------
BUFx16f_ASAP7_75t_R    buffer        1         5.132
BUFx12f_ASAP7_75t_R    buffer        3        12.597
BUFx12_ASAP7_75t_R     buffer        1         3.732
BUFx10_ASAP7_75t_R     buffer        1         3.266
BUFx8_ASAP7_75t_R      buffer        1         2.799
BUFx6f_ASAP7_75t_R     buffer        9        20.995
BUFx5_ASAP7_75t_R      buffer        2         3.732
BUFx4f_ASAP7_75t_R     buffer        2         3.732
BUFx4_ASAP7_75t_R      buffer        1         1.633
BUFx3_ASAP7_75t_R      buffer        4         5.599
BUFx2_ASAP7_75t_R      buffer        6         6.998
HB1xp67_ASAP7_75t_R    buffer       28        26.127
INVx8_ASAP7_75t_R      inverter      4         9.331
INVx6_ASAP7_75t_R      inverter      2         3.732
INVxp33_ASAP7_75t_R    inverter     16        11.197
------------------------------------------------------



Please note that the following tables reflect only the defined clock trees, so the flop counts might not include all flops in your design.

Clock Tree Summary:
===================

--------------------------------------------------------------------------------------------------------------------------
Clock Tree  Clock  Bufs  Invs  Other  Max       Max     Max      Max          Standard   Wire     Gate     Clock Tree Root
Name        Gates              Clock  Non-leaf  Leaf    Length   Source-sink  cell area  cap      cap      
                               Cells  Fanout    Fanout  (um)     Resistance   (um^2)     (fF)     (fF)     
                                                                 (Ohms)                                    
--------------------------------------------------------------------------------------------------------------------------
clk           0     59    22     0       4       100    194.784     25883      120.606   131.561  589.588  clk
--------------------------------------------------------------------------------------------------------------------------

Clock Sink Summary:
===================

-------------------------------------------------------------------------------------------------------------------------------------------
Clock Tree  Explicit      Implicit      Explicit     Implicit     Explicit   Implicit   Posedge  Negedge  Memory  Enable  Non enable  Other
Name        exclude pins  exclude pins  ignore pins  ignore pins  stop pins  stop pins  Flops    Flops    Clock   Latch   Latch       Sinks
                                                                                                          Pins    Sinks   Sinks       
-------------------------------------------------------------------------------------------------------------------------------------------
clk              0             0             0            0           0          0       1087       0       0       0         0         0
-------------------------------------------------------------------------------------------------------------------------------------------

Summary across all clock trees:
===============================

----------------------------------------------------------------------------------------------------------------
Clock  Bufs  Invs  Other  Max       Average   Max     Average  Max      Max          Standard   Wire     Gate
Gates              Clock  Non-leaf  Non-leaf  Leaf    Leaf     Length   Source-sink  cell area  cap      cap
                   Cells  Fanout    Fanout    Fanout  Fanout   (um)     Resistance   (um^2)     (fF)     (fF)
                                                                        (Ohms)                           
----------------------------------------------------------------------------------------------------------------
  0     59    22     0       4      1.19672    100    52.1429  194.784   2588.304     120.606   131.561  589.588
----------------------------------------------------------------------------------------------------------------

Clock Sink Summary across all clock trees:
==========================================

-------------------------------------------------------------------------------------------------------------------------------
Explicit      Implicit      Explicit     Implicit     Explicit   Implicit   Posedge  Negedge  Memory  Enable  Non enable  Other
exclude pins  exclude pins  ignore pins  ignore pins  stop pins  stop pins  Flops    Flops    Clock   Latch   Latch       Sinks
                                                                                              Pins    Sinks   Sinks       
-------------------------------------------------------------------------------------------------------------------------------
     0             0             0            0           0          0       1087       0       0       0         0         0
-------------------------------------------------------------------------------------------------------------------------------

Physical metrics across all clock trees:
========================================

------------------------------------------------------------------------
Metric                               Minimum  Average  Maximum   Std.dev
------------------------------------------------------------------------
Source-sink routed net length (um)    0.432    23.624   194.784   43.960
Source-sink manhattan distance (um)   0.288    21.527   194.256   40.966
Source-sink resistance (Ohm)         26.883   421.320  2588.304  668.461
------------------------------------------------------------------------

Transition distribution for half-corner delayCorner_slow:setup.late:
====================================================================

---------------------------------------------------------------------------------------------------------------------------------------------------------
Net Type    Target    Count    Average    Std. Dev.    Min     Max     Distribution                                                           Over Target
---------------------------------------------------------------------------------------------------------------------------------------------------------
Trunk       100.0      61       16.4        12.2        4.0    66.0    {60 <= 60.0ps, 1 <= 80.0ps, 0 <= 90.0ps, 0 <= 95.0ps, 0 <= 100.0ps}         -
Leaf        100.0      21       54.8        30.9       11.7    97.7    {10 <= 60.0ps, 5 <= 80.0ps, 3 <= 90.0ps, 1 <= 95.0ps, 2 <= 100.0ps}         -
---------------------------------------------------------------------------------------------------------------------------------------------------------

Count of violations across all clock trees:
===========================================

---------------------------------------------------------------------------------------
Clock Tree  # Max capacitance  # Max resistance  # Max length  # Max fanout  # Slew
Name        violations         violations        violations    violations    violations
---------------------------------------------------------------------------------------
clk                 0                 0               0             0            0
---------------------------------------------------------------------------------------
Total               0                 0               0             0            0
---------------------------------------------------------------------------------------

Note the above table per clock tree is based on CCOpt clock tree view. The violations are counted across half corners.

Found a total of 0 clock tree pins with max capacitance violations.
Found a total of 0 clock tree nets with max resistance violations.
Found a total of 0 clock tree nets with max length violations.
Found a total of 0 clock tree nets with max fanout violations.
Found a total of 0 clock tree pins with a slew violation.

Report for clock tree: clk:
===========================

Clock Tree Gating Structure (Logical):

# Full cycle clock gates   : 0
Minimum clock gating depth : 0
Maximum clock gating depth : 0
Clock gate area (um^2)     : 0.000

Clock Tree Buffering Structure (Logical):

# Buffers             :  59
# Inverters           :  22
  Total               :  81
Minimum depth         :   3
Maximum depth         :  22
Buffering area (um^2) : 120.606

Clock Tree Level Structure (Logical):

-----------------------------------------------------------------
Level  Full   Posedge  Negedge  Memory  Enable  Non enable  Other
       Cycle  Flops    Flops    Clock   Latch   Latch       Sinks
                                Pins    Sinks   Sinks       
-----------------------------------------------------------------
root     0     1087       0       0       0         0         0
-----------------------------------------------------------------
Total    0     1087       0       0       0         0         0
-----------------------------------------------------------------

Target and measured clock slews (in ps):

---------------------------------------------------------------------------------------------------------------------------------------
Timing Corner                 Worst Rising  Worst Falling  Worst Rising  Worst Falling  Leaf Slew    Leaf Slew  Trunk Slew   Trunk Slew
                              Leaf Slew     Leaf Slew      Trunk Slew    Trunk Slew     Target Type  Target     Target Type  Target
---------------------------------------------------------------------------------------------------------------------------------------
delayCorner_fast:hold.early       76.0          65.4           73.8          60.4       ignored          -      ignored          -
delayCorner_fast:hold.late        97.7          83.9           94.9          77.5       ignored          -      ignored          -
delayCorner_slow:setup.early      76.0          65.4           73.8          60.4       ignored          -      ignored          -
delayCorner_slow:setup.late       97.7          83.9           94.9          77.5       explicit      100.0     explicit      100.0
---------------------------------------------------------------------------------------------------------------------------------------

* - indicates that target was not met.

auto extracted - target was extracted from SDC.
auto computed - target was computed when balancing trees.

