*----------------------------------------------------------------------------------------
*	Innovus 23.12-s091_1 (64bit) 07/30/2024 16:11 (Linux 3.10.0-693.el7.x86_64)
*	
*
* 	Date & Time:	2026-Jun-26 09:44:34 (2026-Jun-26 09:44:34 GMT)
*
*----------------------------------------------------------------------------------------
*
*	Design: GCN
*
*	Liberty Libraries used: 
*	        default_setup_view: /apps/share64/rocky8/asap7/asap7-20250127/asap7sc7p5t_28/LIB/NLDM/asap7sc7p5t_INVBUF_RVT_TT_nldm_220122.lib
*	        default_setup_view: /apps/share64/rocky8/asap7/asap7-20250127/asap7sc7p5t_28/LIB/NLDM/asap7sc7p5t_AO_RVT_TT_nldm_211120.lib
*	        default_setup_view: /apps/share64/rocky8/asap7/asap7-20250127/asap7sc7p5t_28/LIB/NLDM/asap7sc7p5t_OA_RVT_TT_nldm_211120.lib
*	        default_setup_view: ./asap7sc7p5t_SEQ_RVT_TT_nldm_201020.lib
*	        default_setup_view: /apps/share64/rocky8/asap7/asap7-20250127/asap7sc7p5t_28/LIB/NLDM/asap7sc7p5t_SIMPLE_RVT_TT_nldm_211120.lib
*
*	Power Domain used: 
*              Rail:        VDD      Voltage:        0.7 
*
*       Power View : default_setup_view
*
*       User-Defined Activity : N.A.
*
*       Activity File: N.A.
*
*       Hierarchical Global Activity: N.A.
*
*       Global Activity: N.A.
*
*       Sequential Element Activity: 0.200000
*
*       Primary Input Activity: 0.200000
*
*       Default icg ratio: N.A.
*
*       Global Comb ClockGate Ratio: N.A.
*
*	Power Units = 1mW
*
*	Time Units = 1e-12 secs 
*
*       report_power -outfile ./reports/power/power.rpt
*
-----------------------------------------------------------------------------------------


Total Power 
-----------------------------------------------------------------------------------------
Total Internal Power:        7.95308029 	   47.7755%
Total Switching Power:       8.69061945 	   52.2060%
Total Leakage Power:         0.00308714 	    0.0185%
Total Power:                16.64678688 
-----------------------------------------------------------------------------------------


Group                           Internal   Switching     Leakage       Total  Percentage 
                                Power      Power         Power         Power  (%)        
-----------------------------------------------------------------------------------------
Sequential                         2.178      0.1252   0.0003163       2.303       13.84 
Macro                                  0           0           0           0           0 
IO                                     0           0           0           0           0 
Combinational                      5.598       7.954    0.002754       13.55       81.43 
Clock (Combinational)             0.1768      0.6117   1.634e-05      0.7885       4.736 
Clock (Sequential)                     0           0           0           0           0 
-----------------------------------------------------------------------------------------
Total                              7.953       8.691    0.003087       16.65         100 
-----------------------------------------------------------------------------------------


Rail                  Voltage   Internal   Switching     Leakage       Total  Percentage 
                                Power      Power         Power         Power  (%)        
-----------------------------------------------------------------------------------------
VDD                       0.7      7.953       8.691    0.003087       16.65         100 


Clock                           Internal   Switching     Leakage       Total  Percentage 
                                Power      Power         Power         Power  (%)        
-----------------------------------------------------------------------------------------
clk                               0.1768      0.6117   1.634e-05      0.7885       4.736 
-----------------------------------------------------------------------------------------
Total (excluding duplicates)      0.1768      0.6117   1.634e-05      0.7885       4.736 
-----------------------------------------------------------------------------------------
Clock: clk
Clock Period: 0.000600 usec 
Clock Toggle Rate:  3333.3332 Mhz 
Clock Static Probability:  0.5000



-----------------------------------------------------------------------------------------
*	Power Distribution Summary: 
*                Highest Average Power: transformation_block_inst/FE_USKC4107_CTS_1 (BUFx16f_ASAP7_75t_R):          0.06416 
*                Highest Leakage Power: transformation_block_inst/FE_USKC4107_CTS_1 (BUFx16f_ASAP7_75t_R):        1.023e-06 
*          Total Cap:      4.99618e-11 F
*          Total instances in design: 23473
*          Total instances in design with no power:     0
*          Total instances in design with no activity:     0
*          Total Fillers and Decap:     0
-----------------------------------------------------------------------------------------

