###############################################################
#  Generated by:      Cadence Innovus 23.12-s091_1
#  OS:                Linux x86_64(Host ID toolsession-0022-56dbdd798c-v95n7)
#  Generated on:      Fri Jun 26 09:27:13 2026
#  Design:            GCN
#  Command:           report_ccopt_skew_groups -filename ./CTS/skew_groups.rpt
###############################################################

Skew Group Structure:
=====================

-----------------------------------------------------------------
Skew Group    Sources    Constrained Sinks    Unconstrained Sinks
-----------------------------------------------------------------
clk/common       1             1087                    0
-----------------------------------------------------------------

Skew Group Summary:
===================

-------------------------------------------------------------------------------------------------------------------------------------------------------------------------
Timing Corner                   Skew Group    ID Target    Min ID    Max ID    Avg ID    Std.Dev. ID    Skew Target Type    Skew Target    Skew     Skew window occupancy
-------------------------------------------------------------------------------------------------------------------------------------------------------------------------
delayCorner_slow:setup.early    clk/common        -        328.6     492.6     440.0         47.3       ignored                  -         164.0              -
delayCorner_slow:setup.late     clk/common    none         239.9     526.4     379.3        109.8       explicit            *30.0          286.5    40.1% {249.7, 279.7}
delayCorner_fast:hold.early     clk/common        -        328.6     492.6     440.0         47.3       ignored                  -         164.0              -
delayCorner_fast:hold.late      clk/common        -        351.9     526.4     471.1         49.6       ignored                  -         174.5              -
-------------------------------------------------------------------------------------------------------------------------------------------------------------------------

* - indicates that target was not met.

Skew Group Min/Max path pins:
=============================

----------------------------------------------------------------------------------
Timing Corner                   Skew Group    Min ID    PathID    Max ID    PathID
----------------------------------------------------------------------------------
delayCorner_slow:setup.early    clk/common    328.6       1       492.6       2
-    min transformation_block_inst/result_memory_inst_mem_reg_5__2__0_/CLK
-    max transformation_block_inst/result_memory_inst_mem_reg_5__0__4_/CLK
delayCorner_slow:setup.late     clk/common    239.9       3       526.4       4
-    min transformation_block_inst/scratchpad_inst_memory_reg_11__0_/CLK
-    max transformation_block_inst/result_memory_inst_mem_reg_5__0__4_/CLK
delayCorner_fast:hold.early     clk/common    328.6       5       492.6       6
-    min transformation_block_inst/result_memory_inst_mem_reg_5__2__0_/CLK
-    max transformation_block_inst/result_memory_inst_mem_reg_5__0__4_/CLK
delayCorner_fast:hold.late      clk/common    351.9       7       526.4       8
-    min transformation_block_inst/result_memory_inst_mem_reg_5__2__0_/CLK
-    max transformation_block_inst/result_memory_inst_mem_reg_5__0__4_/CLK
----------------------------------------------------------------------------------

Timing for timing corner delayCorner_slow:setup.early, min clock_path:
======================================================================

PathID    :   1
Path type : skew group clk/common (path 1 of 1)
Start     : clk
End       : transformation_block_inst/result_memory_inst_mem_reg_5__2__0_/CLK
Delay     : 328.6

---------------------------------------------------------------------------------------------------------------
Name  Lib cell                  Event  Incr  Arrival  Slew  Cap     Location           Distance  Fanout  Status
                                       (ps)  (ps)     (ps)  (fF)                       (um)              
-- Clockpath trace --------------------------------------------------------------------------------------------
clk
-     -                         rise   -        0.0   21.3   6.860  (242.640,0.000)    -            2    
CTS_ccl_buf_00018/A
-     BUFx6f_ASAP7_75t_R        rise    8.1     8.1   27.3  -       (210.960,107.460)  139.140   -       
CTS_ccl_buf_00018/Y
-     BUFx6f_ASAP7_75t_R        rise   19.7    27.8    5.9   0.747  (210.240,107.460)    0.720      1    
FE_USKC4092_CTS_11/A
-     BUFx3_ASAP7_75t_R         rise    0.1    27.9    5.9  -       (211.680,107.964)    1.944   -       
FE_USKC4092_CTS_11/Y
-     BUFx3_ASAP7_75t_R         rise   23.8    51.7   36.1  11.333  (212.256,107.820)    0.720      4    
CTS_ccl_a_buf_00017/A
-     HB1xp67_ASAP7_75t_R       rise    1.2    52.9   37.8  -       (209.088,112.284)    7.632   -       
CTS_ccl_a_buf_00017/Y
-     HB1xp67_ASAP7_75t_R       rise   25.4    78.3   11.2   0.498  (209.664,112.140)    0.720      1    
FE_USKC4091_CTS_10/A
-     HB1xp67_ASAP7_75t_R       rise    0.1    78.4   11.2  -       (207.936,115.956)    5.544   -       
FE_USKC4091_CTS_10/Y
-     HB1xp67_ASAP7_75t_R       rise   21.1    99.5   15.6   0.932  (207.360,116.100)    0.720      1    
FE_USKC4099_CTS_10/A
-     HB1xp67_ASAP7_75t_R       rise    0.1    99.6   15.6  -       (203.400,131.724)   19.584   -       
FE_USKC4099_CTS_10/Y
-     HB1xp67_ASAP7_75t_R       rise   41.3   140.9   63.6   4.554  (202.824,131.580)    0.720      1    
CTS_ccl_a_buf_00016/A
-     HB1xp67_ASAP7_75t_R       rise    6.0   146.9   64.9  -       (144.432,200.196)  127.008   -       
CTS_ccl_a_buf_00016/Y
-     HB1xp67_ASAP7_75t_R       rise   29.5   176.4   11.0   0.397  (143.856,200.340)    0.720      1    
FE_USKC4090_CTS_9/A
-     HB1xp67_ASAP7_75t_R       rise    0.0   176.4   11.0  -       (144.216,202.356)    2.376   -       
FE_USKC4090_CTS_9/Y
-     HB1xp67_ASAP7_75t_R       rise   17.6   194.0    9.4   0.429  (143.640,202.500)    0.720      1    
FE_USKC4098_CTS_9/A
-     HB1xp67_ASAP7_75t_R       rise    0.1   194.1    9.4  -       (142.704,205.164)    3.600   -       
FE_USKC4098_CTS_9/Y
-     HB1xp67_ASAP7_75t_R       rise   28.6   222.7   32.3   2.444  (142.128,205.020)    0.720      2    
CTS_ccl_a_buf_00014/A
-     BUFx2_ASAP7_75t_R         rise    1.0   223.7   32.3  -       (111.888,211.644)   36.864   -       
CTS_ccl_a_buf_00014/Y
-     BUFx2_ASAP7_75t_R         rise   22.9   246.6    6.6   0.350  (112.464,211.500)    0.720      1    
FE_USKC4093_CTS_8/A
-     HB1xp67_ASAP7_75t_R       rise    0.0   246.6    6.6  -       (112.680,210.996)    0.720   -       
FE_USKC4093_CTS_8/Y
-     HB1xp67_ASAP7_75t_R       rise   19.5   266.1   15.2   1.082  (112.104,211.140)    0.720      1    
FE_USKC4102_CTS_8/A
-     BUFx4f_ASAP7_75t_R        rise    0.1   266.2   15.2  -       (110.520,211.140)    1.584   -       
FE_USKC4102_CTS_8/Y
-     BUFx4f_ASAP7_75t_R        rise   21.2   287.4   15.5   5.612  (109.800,211.140)    0.720      3    
transformation_block_inst/CTS_ccl_a_buf_00007/A
-     BUFx6f_ASAP7_75t_R        rise    2.4   289.8   16.4  -       (51.768,211.140)    58.032   -       
transformation_block_inst/CTS_ccl_a_buf_00007/Y
-     BUFx6f_ASAP7_75t_R        rise   38.5   328.3   69.0  50.590  (51.048,211.140)     0.720     95    
transformation_block_inst/result_memory_inst_mem_reg_5__2__0_/CLK
-     ASYNC_DFFHx1_ASAP7_75t_R  rise    0.3   328.6   68.9  -       (54.360,211.644)     3.816   -       
---------------------------------------------------------------------------------------------------------------

Timing for timing corner delayCorner_slow:setup.early, max clock_path:
======================================================================

PathID    :   2
Path type : skew group clk/common (path 1 of 1)
Start     : clk
End       : transformation_block_inst/result_memory_inst_mem_reg_5__0__4_/CLK
Delay     : 492.6

---------------------------------------------------------------------------------------------------------------
Name  Lib cell                  Event  Incr  Arrival  Slew  Cap     Location           Distance  Fanout  Status
                                       (ps)  (ps)     (ps)  (fF)                       (um)              
-- Clockpath trace --------------------------------------------------------------------------------------------
clk
-     -                         rise   -        0.0   21.3   6.860  (242.640,0.000)    -            2    
CTS_ccl_buf_00018/A
-     BUFx6f_ASAP7_75t_R        rise    8.1     8.1   27.3  -       (210.960,107.460)  139.140   -       
CTS_ccl_buf_00018/Y
-     BUFx6f_ASAP7_75t_R        rise   19.7    27.8    5.9   0.747  (210.240,107.460)    0.720      1    
FE_USKC4092_CTS_11/A
-     BUFx3_ASAP7_75t_R         rise    0.1    27.9    5.9  -       (211.680,107.964)    1.944   -       
FE_USKC4092_CTS_11/Y
-     BUFx3_ASAP7_75t_R         rise   23.8    51.7   36.1  11.333  (212.256,107.820)    0.720      4    
CTS_ccl_a_buf_00017/A
-     HB1xp67_ASAP7_75t_R       rise    1.2    52.9   37.8  -       (209.088,112.284)    7.632   -       
CTS_ccl_a_buf_00017/Y
-     HB1xp67_ASAP7_75t_R       rise   25.4    78.3   11.2   0.498  (209.664,112.140)    0.720      1    
FE_USKC4091_CTS_10/A
-     HB1xp67_ASAP7_75t_R       rise    0.1    78.4   11.2  -       (207.936,115.956)    5.544   -       
FE_USKC4091_CTS_10/Y
-     HB1xp67_ASAP7_75t_R       rise   21.1    99.5   15.6   0.932  (207.360,116.100)    0.720      1    
FE_USKC4099_CTS_10/A
-     HB1xp67_ASAP7_75t_R       rise    0.1    99.6   15.6  -       (203.400,131.724)   19.584   -       
FE_USKC4099_CTS_10/Y
-     HB1xp67_ASAP7_75t_R       rise   41.3   140.9   63.6   4.554  (202.824,131.580)    0.720      1    
CTS_ccl_a_buf_00016/A
-     HB1xp67_ASAP7_75t_R       rise    6.0   146.9   64.9  -       (144.432,200.196)  127.008   -       
CTS_ccl_a_buf_00016/Y
-     HB1xp67_ASAP7_75t_R       rise   29.5   176.4   11.0   0.397  (143.856,200.340)    0.720      1    
FE_USKC4090_CTS_9/A
-     HB1xp67_ASAP7_75t_R       rise    0.0   176.4   11.0  -       (144.216,202.356)    2.376   -       
FE_USKC4090_CTS_9/Y
-     HB1xp67_ASAP7_75t_R       rise   17.6   194.0    9.4   0.429  (143.640,202.500)    0.720      1    
FE_USKC4098_CTS_9/A
-     HB1xp67_ASAP7_75t_R       rise    0.1   194.1    9.4  -       (142.704,205.164)    3.600   -       
FE_USKC4098_CTS_9/Y
-     HB1xp67_ASAP7_75t_R       rise   28.6   222.7   32.3   2.444  (142.128,205.020)    0.720      2    
CTS_ccl_a_buf_00013/A
-     BUFx2_ASAP7_75t_R         rise    0.4   223.1   32.3  -       (141.912,209.484)    4.680   -       
CTS_ccl_a_buf_00013/Y
-     BUFx2_ASAP7_75t_R         rise   23.0   246.1    6.8   0.388  (142.488,209.340)    0.720      1    
FE_USKC5341_CTS_5/A
-     HB1xp67_ASAP7_75t_R       rise    0.0   246.1    6.8  -       (142.704,210.996)    1.872   -       
FE_USKC5341_CTS_5/Y
-     HB1xp67_ASAP7_75t_R       rise   15.8   261.9    8.5   0.355  (142.128,211.140)    0.720      1    
FE_USKC5326_CTS_5/A
-     HB1xp67_ASAP7_75t_R       rise    0.0   261.9    8.5  -       (141.912,211.644)    0.720   -       
FE_USKC5326_CTS_5/Y
-     HB1xp67_ASAP7_75t_R       rise   16.6   278.5    8.8   0.384  (142.488,211.500)    0.720      1    
FE_USKC4120_CTS_5/A
-     HB1xp67_ASAP7_75t_R       rise    0.1   278.6    8.8  -       (142.344,213.156)    1.800   -       
FE_USKC4120_CTS_5/Y
-     HB1xp67_ASAP7_75t_R       rise   18.5   297.1   12.1   0.702  (142.920,213.300)    0.720      1    
FE_USKC4095_CTS_5/A
-     BUFx2_ASAP7_75t_R         rise    0.0   297.1   12.1  -       (142.128,208.836)    5.256   -       
FE_USKC4095_CTS_5/Y
-     BUFx2_ASAP7_75t_R         rise   17.0   314.1    6.1   0.390  (142.704,208.980)    0.720      1    
FE_USKC4119_CTS_5/A
-     HB1xp67_ASAP7_75t_R       rise    0.1   314.2    6.1  -       (141.264,208.836)    1.584   -       
FE_USKC4119_CTS_5/Y
-     HB1xp67_ASAP7_75t_R       rise   16.8   331.0   10.8   0.604  (141.840,208.980)    0.720      1    
FE_USKC4103_CTS_5/A
-     BUFx2_ASAP7_75t_R         rise    0.0   331.0   10.8  -       (142.128,207.324)    1.944   -       
FE_USKC4103_CTS_5/Y
-     BUFx2_ASAP7_75t_R         rise   16.6   347.6    5.9   0.352  (142.704,207.180)    0.720      1    
FE_USKC5325_CTS_5/A
-     HB1xp67_ASAP7_75t_R       rise    0.0   347.6    5.9  -       (143.640,207.324)    1.080   -       
FE_USKC5325_CTS_5/Y
-     HB1xp67_ASAP7_75t_R       rise   16.4   364.0   10.3   0.556  (144.216,207.180)    0.720      1    
FE_USKC4121_CTS_5/A
-     BUFx2_ASAP7_75t_R         rise    0.0   364.0   10.3  -       (144.504,207.324)    0.432   -       
FE_USKC4121_CTS_5/Y
-     BUFx2_ASAP7_75t_R         rise   24.5   388.5   23.9   4.902  (145.080,207.180)    0.720      4    
CTS_ccl_a_buf_00004/A
-     BUFx5_ASAP7_75t_R         rise    0.0   388.5   24.0  -       (143.856,209.484)    3.528   -       
CTS_ccl_a_buf_00004/Y
-     BUFx5_ASAP7_75t_R         rise   26.6   415.1   11.2   3.525  (144.432,209.340)    0.720      1    
FE_USKC4096_CTS_3/A
-     INVx6_ASAP7_75t_R         rise    0.0   415.1   11.2  -       (145.080,208.980)    1.008   -       
FE_USKC4096_CTS_3/Y
-     INVx6_ASAP7_75t_R         fall    7.0   422.1    5.9   3.507  (144.792,208.980)    0.288      1    
FE_USKC4097_CTS_3/A
-     INVx6_ASAP7_75t_R         fall    0.0   422.1    5.9  -       (145.368,208.980)    0.576   -       
FE_USKC4097_CTS_3/Y
-     INVx6_ASAP7_75t_R         rise    4.3   426.4    4.0   0.343  (145.656,208.980)    0.288      1    
FE_USKC4123_CTS_3/A
-     HB1xp67_ASAP7_75t_R       rise    0.0   426.4    4.0  -       (145.584,209.484)    0.576   -       
FE_USKC4123_CTS_3/Y
-     HB1xp67_ASAP7_75t_R       rise   18.0   444.4   14.1   0.941  (146.160,209.340)    0.720      1    
FE_USKC4109_CTS_3/A
-     BUFx8_ASAP7_75t_R         rise    0.1   444.5   14.1  -       (145.800,207.180)    2.520   -       
FE_USKC4109_CTS_3/Y
-     BUFx8_ASAP7_75t_R         rise   41.1   485.6   51.8  46.924  (146.520,207.180)    0.720     84    
transformation_block_inst/result_memory_inst_mem_reg_5__0__4_/CLK
-     ASYNC_DFFHx1_ASAP7_75t_R  rise    7.0   492.6   54.0  -       (122.400,196.524)   34.776   -       
---------------------------------------------------------------------------------------------------------------

Timing for timing corner delayCorner_slow:setup.late, min clock_path:
=====================================================================

PathID    :   3
Path type : skew group clk/common (path 1 of 1)
Start     : clk
End       : transformation_block_inst/scratchpad_inst_memory_reg_11__0_/CLK
Delay     : 239.9

----------------------------------------------------------------------------------------------------------------
Name  Lib cell                  Event  Incr   Arrival  Slew  Cap     Location           Distance  Fanout  Status
                                       (ps)   (ps)     (ps)  (fF)                       (um)              
-- Clockpath trace ---------------------------------------------------------------------------------------------
clk
-     -                         rise   -         0.0   24.3   6.860  (242.640,0.000)    -            2    
CTS_ccl_buf_00018/A
-     BUFx6f_ASAP7_75t_R        rise     9.5     9.5   31.3  -       (210.960,107.460)  139.140   -       
CTS_ccl_buf_00018/Y
-     BUFx6f_ASAP7_75t_R        rise    20.9    30.4    6.4   0.747  (210.240,107.460)    0.720      1    
FE_USKC4092_CTS_11/A
-     BUFx3_ASAP7_75t_R         rise     0.0    30.4    6.4  -       (211.680,107.964)    1.944   -       
FE_USKC4092_CTS_11/Y
-     BUFx3_ASAP7_75t_R         rise    25.0    55.4   40.0  11.333  (212.256,107.820)    0.720      4    
transformation_block_inst/CTS_ccl_a_buf_00008/A
-     BUFx12f_ASAP7_75t_R       rise     0.6    56.0   40.8  -       (210.960,109.620)    3.096   -       
transformation_block_inst/CTS_ccl_a_buf_00008/Y
-     BUFx12f_ASAP7_75t_R       rise    33.8    89.8   62.2  58.265  (209.808,109.620)    1.152     97    
transformation_block_inst/scratchpad_inst_memory_reg_11__0_/CLK
-     ASYNC_DFFHx1_ASAP7_75t_R  rise     0.1    89.9   62.2  -       (204.264,110.124)    6.048   -       
Pin Insertion delay
-     -                         rise   150.0   239.9   -     -       -                  -         -       -
----------------------------------------------------------------------------------------------------------------

Timing for timing corner delayCorner_slow:setup.late, max clock_path:
=====================================================================

PathID    :   4
Path type : skew group clk/common (path 1 of 1)
Start     : clk
End       : transformation_block_inst/result_memory_inst_mem_reg_5__0__4_/CLK
Delay     : 526.4

---------------------------------------------------------------------------------------------------------------
Name  Lib cell                  Event  Incr  Arrival  Slew  Cap     Location           Distance  Fanout  Status
                                       (ps)  (ps)     (ps)  (fF)                       (um)              
-- Clockpath trace --------------------------------------------------------------------------------------------
clk
-     -                         rise   -        0.0   24.3   6.860  (242.640,0.000)    -            2    
CTS_ccl_buf_00018/A
-     BUFx6f_ASAP7_75t_R        rise    9.5     9.5   31.3  -       (210.960,107.460)  139.140   -       
CTS_ccl_buf_00018/Y
-     BUFx6f_ASAP7_75t_R        rise   20.9    30.4    6.4   0.747  (210.240,107.460)    0.720      1    
FE_USKC4092_CTS_11/A
-     BUFx3_ASAP7_75t_R         rise    0.0    30.4    6.4  -       (211.680,107.964)    1.944   -       
FE_USKC4092_CTS_11/Y
-     BUFx3_ASAP7_75t_R         rise   25.0    55.4   40.0  11.333  (212.256,107.820)    0.720      4    
CTS_ccl_a_buf_00017/A
-     HB1xp67_ASAP7_75t_R       rise    1.3    56.7   41.9  -       (209.088,112.284)    7.632   -       
CTS_ccl_a_buf_00017/Y
-     HB1xp67_ASAP7_75t_R       rise   26.8    83.5   12.3   0.498  (209.664,112.140)    0.720      1    
FE_USKC4091_CTS_10/A
-     HB1xp67_ASAP7_75t_R       rise    0.1    83.6   12.3  -       (207.936,115.956)    5.544   -       
FE_USKC4091_CTS_10/Y
-     HB1xp67_ASAP7_75t_R       rise   21.9   105.5   16.6   0.932  (207.360,116.100)    0.720      1    
FE_USKC4099_CTS_10/A
-     HB1xp67_ASAP7_75t_R       rise    0.4   105.9   16.6  -       (203.400,131.724)   19.584   -       
FE_USKC4099_CTS_10/Y
-     HB1xp67_ASAP7_75t_R       rise   41.9   147.8   64.7   4.554  (202.824,131.580)    0.720      1    
CTS_ccl_a_buf_00016/A
-     HB1xp67_ASAP7_75t_R       rise    6.2   154.0   66.0  -       (144.432,200.196)  127.008   -       
CTS_ccl_a_buf_00016/Y
-     HB1xp67_ASAP7_75t_R       rise   30.3   184.3   12.0   0.397  (143.856,200.340)    0.720      1    
FE_USKC4090_CTS_9/A
-     HB1xp67_ASAP7_75t_R       rise    0.0   184.3   12.0  -       (144.216,202.356)    2.376   -       
FE_USKC4090_CTS_9/Y
-     HB1xp67_ASAP7_75t_R       rise   18.5   202.8   10.4   0.429  (143.640,202.500)    0.720      1    
FE_USKC4098_CTS_9/A
-     HB1xp67_ASAP7_75t_R       rise    0.1   202.9   10.4  -       (142.704,205.164)    3.600   -       
FE_USKC4098_CTS_9/Y
-     HB1xp67_ASAP7_75t_R       rise   30.6   233.5   35.8   2.444  (142.128,205.020)    0.720      2    
CTS_ccl_a_buf_00013/A
-     BUFx2_ASAP7_75t_R         rise    0.4   233.9   35.8  -       (141.912,209.484)    4.680   -       
CTS_ccl_a_buf_00013/Y
-     BUFx2_ASAP7_75t_R         rise   24.2   258.1    7.3   0.388  (142.488,209.340)    0.720      1    
FE_USKC5341_CTS_5/A
-     HB1xp67_ASAP7_75t_R       rise    0.0   258.1    7.3  -       (142.704,210.996)    1.872   -       
FE_USKC5341_CTS_5/Y
-     HB1xp67_ASAP7_75t_R       rise   16.3   274.4    9.5   0.355  (142.128,211.140)    0.720      1    
FE_USKC5326_CTS_5/A
-     HB1xp67_ASAP7_75t_R       rise    0.0   274.4    9.5  -       (141.912,211.644)    0.720   -       
FE_USKC5326_CTS_5/Y
-     HB1xp67_ASAP7_75t_R       rise   17.6   292.0    9.8   0.384  (142.488,211.500)    0.720      1    
FE_USKC4120_CTS_5/A
-     HB1xp67_ASAP7_75t_R       rise    0.0   292.0    9.8  -       (142.344,213.156)    1.800   -       
FE_USKC4120_CTS_5/Y
-     HB1xp67_ASAP7_75t_R       rise   19.8   311.8   13.8   0.702  (142.920,213.300)    0.720      1    
FE_USKC4095_CTS_5/A
-     BUFx2_ASAP7_75t_R         rise    0.1   311.9   13.8  -       (142.128,208.836)    5.256   -       
FE_USKC4095_CTS_5/Y
-     BUFx2_ASAP7_75t_R         rise   17.9   329.8    6.4   0.390  (142.704,208.980)    0.720      1    
FE_USKC4119_CTS_5/A
-     HB1xp67_ASAP7_75t_R       rise    0.0   329.8    6.4  -       (141.264,208.836)    1.584   -       
FE_USKC4119_CTS_5/Y
-     HB1xp67_ASAP7_75t_R       rise   17.7   347.5   12.5   0.604  (141.840,208.980)    0.720      1    
FE_USKC4103_CTS_5/A
-     BUFx2_ASAP7_75t_R         rise    0.1   347.6   12.5  -       (142.128,207.324)    1.944   -       
FE_USKC4103_CTS_5/Y
-     BUFx2_ASAP7_75t_R         rise   17.5   365.1    6.2   0.352  (142.704,207.180)    0.720      1    
FE_USKC5325_CTS_5/A
-     HB1xp67_ASAP7_75t_R       rise    0.0   365.1    6.2  -       (143.640,207.324)    1.080   -       
FE_USKC5325_CTS_5/Y
-     HB1xp67_ASAP7_75t_R       rise   17.4   382.5   11.9   0.556  (144.216,207.180)    0.720      1    
FE_USKC4121_CTS_5/A
-     BUFx2_ASAP7_75t_R         rise    0.0   382.5   11.9  -       (144.504,207.324)    0.432   -       
FE_USKC4121_CTS_5/Y
-     BUFx2_ASAP7_75t_R         rise   26.2   408.7   26.5   4.902  (145.080,207.180)    0.720      4    
CTS_ccl_a_buf_00004/A
-     BUFx5_ASAP7_75t_R         rise    0.1   408.8   26.5  -       (143.856,209.484)    3.528   -       
CTS_ccl_a_buf_00004/Y
-     BUFx5_ASAP7_75t_R         rise   28.6   437.4   13.0   3.525  (144.432,209.340)    0.720      1    
FE_USKC4096_CTS_3/A
-     INVx6_ASAP7_75t_R         rise    0.2   437.6   13.0  -       (145.080,208.980)    1.008   -       
FE_USKC4096_CTS_3/Y
-     INVx6_ASAP7_75t_R         fall    8.0   445.6    7.5   3.507  (144.792,208.980)    0.288      1    
FE_USKC4097_CTS_3/A
-     INVx6_ASAP7_75t_R         fall    0.1   445.7    7.5  -       (145.368,208.980)    0.576   -       
FE_USKC4097_CTS_3/Y
-     INVx6_ASAP7_75t_R         rise    5.2   450.9    4.0   0.343  (145.656,208.980)    0.288      1    
FE_USKC4123_CTS_3/A
-     HB1xp67_ASAP7_75t_R       rise    0.0   450.9    4.0  -       (145.584,209.484)    0.576   -       
FE_USKC4123_CTS_3/Y
-     HB1xp67_ASAP7_75t_R       rise   19.4   470.3   16.7   0.941  (146.160,209.340)    0.720      1    
FE_USKC4109_CTS_3/A
-     BUFx8_ASAP7_75t_R         rise    0.1   470.4   16.7  -       (145.800,207.180)    2.520   -       
FE_USKC4109_CTS_3/Y
-     BUFx8_ASAP7_75t_R         rise   46.9   517.3   65.3  46.924  (146.520,207.180)    0.720     84    
transformation_block_inst/result_memory_inst_mem_reg_5__0__4_/CLK
-     ASYNC_DFFHx1_ASAP7_75t_R  rise    9.1   526.4   68.2  -       (122.400,196.524)   34.776   -       
---------------------------------------------------------------------------------------------------------------

Timing for timing corner delayCorner_fast:hold.early, min clock_path:
=====================================================================

PathID    :   5
Path type : skew group clk/common (path 1 of 1)
Start     : clk
End       : transformation_block_inst/result_memory_inst_mem_reg_5__2__0_/CLK
Delay     : 328.6

---------------------------------------------------------------------------------------------------------------
Name  Lib cell                  Event  Incr  Arrival  Slew  Cap     Location           Distance  Fanout  Status
                                       (ps)  (ps)     (ps)  (fF)                       (um)              
-- Clockpath trace --------------------------------------------------------------------------------------------
clk
-     -                         rise   -        0.0   21.3   6.860  (242.640,0.000)    -            2    
CTS_ccl_buf_00018/A
-     BUFx6f_ASAP7_75t_R        rise    8.1     8.1   27.3  -       (210.960,107.460)  139.140   -       
CTS_ccl_buf_00018/Y
-     BUFx6f_ASAP7_75t_R        rise   19.7    27.8    5.9   0.747  (210.240,107.460)    0.720      1    
FE_USKC4092_CTS_11/A
-     BUFx3_ASAP7_75t_R         rise    0.1    27.9    5.9  -       (211.680,107.964)    1.944   -       
FE_USKC4092_CTS_11/Y
-     BUFx3_ASAP7_75t_R         rise   23.8    51.7   36.1  11.333  (212.256,107.820)    0.720      4    
CTS_ccl_a_buf_00017/A
-     HB1xp67_ASAP7_75t_R       rise    1.2    52.9   37.8  -       (209.088,112.284)    7.632   -       
CTS_ccl_a_buf_00017/Y
-     HB1xp67_ASAP7_75t_R       rise   25.4    78.3   11.2   0.498  (209.664,112.140)    0.720      1    
FE_USKC4091_CTS_10/A
-     HB1xp67_ASAP7_75t_R       rise    0.1    78.4   11.2  -       (207.936,115.956)    5.544   -       
FE_USKC4091_CTS_10/Y
-     HB1xp67_ASAP7_75t_R       rise   21.1    99.5   15.6   0.932  (207.360,116.100)    0.720      1    
FE_USKC4099_CTS_10/A
-     HB1xp67_ASAP7_75t_R       rise    0.1    99.6   15.6  -       (203.400,131.724)   19.584   -       
FE_USKC4099_CTS_10/Y
-     HB1xp67_ASAP7_75t_R       rise   41.3   140.9   63.6   4.554  (202.824,131.580)    0.720      1    
CTS_ccl_a_buf_00016/A
-     HB1xp67_ASAP7_75t_R       rise    6.0   146.9   64.9  -       (144.432,200.196)  127.008   -       
CTS_ccl_a_buf_00016/Y
-     HB1xp67_ASAP7_75t_R       rise   29.5   176.4   11.0   0.397  (143.856,200.340)    0.720      1    
FE_USKC4090_CTS_9/A
-     HB1xp67_ASAP7_75t_R       rise    0.0   176.4   11.0  -       (144.216,202.356)    2.376   -       
FE_USKC4090_CTS_9/Y
-     HB1xp67_ASAP7_75t_R       rise   17.6   194.0    9.4   0.429  (143.640,202.500)    0.720      1    
FE_USKC4098_CTS_9/A
-     HB1xp67_ASAP7_75t_R       rise    0.1   194.1    9.4  -       (142.704,205.164)    3.600   -       
FE_USKC4098_CTS_9/Y
-     HB1xp67_ASAP7_75t_R       rise   28.6   222.7   32.3   2.444  (142.128,205.020)    0.720      2    
CTS_ccl_a_buf_00014/A
-     BUFx2_ASAP7_75t_R         rise    1.0   223.7   32.3  -       (111.888,211.644)   36.864   -       
CTS_ccl_a_buf_00014/Y
-     BUFx2_ASAP7_75t_R         rise   22.9   246.6    6.6   0.350  (112.464,211.500)    0.720      1    
FE_USKC4093_CTS_8/A
-     HB1xp67_ASAP7_75t_R       rise    0.0   246.6    6.6  -       (112.680,210.996)    0.720   -       
FE_USKC4093_CTS_8/Y
-     HB1xp67_ASAP7_75t_R       rise   19.5   266.1   15.2   1.082  (112.104,211.140)    0.720      1    
FE_USKC4102_CTS_8/A
-     BUFx4f_ASAP7_75t_R        rise    0.1   266.2   15.2  -       (110.520,211.140)    1.584   -       
FE_USKC4102_CTS_8/Y
-     BUFx4f_ASAP7_75t_R        rise   21.2   287.4   15.5   5.612  (109.800,211.140)    0.720      3    
transformation_block_inst/CTS_ccl_a_buf_00007/A
-     BUFx6f_ASAP7_75t_R        rise    2.4   289.8   16.4  -       (51.768,211.140)    58.032   -       
transformation_block_inst/CTS_ccl_a_buf_00007/Y
-     BUFx6f_ASAP7_75t_R        rise   38.5   328.3   69.0  50.590  (51.048,211.140)     0.720     95    
transformation_block_inst/result_memory_inst_mem_reg_5__2__0_/CLK
-     ASYNC_DFFHx1_ASAP7_75t_R  rise    0.3   328.6   68.9  -       (54.360,211.644)     3.816   -       
---------------------------------------------------------------------------------------------------------------

Timing for timing corner delayCorner_fast:hold.early, max clock_path:
=====================================================================

PathID    :   6
Path type : skew group clk/common (path 1 of 1)
Start     : clk
End       : transformation_block_inst/result_memory_inst_mem_reg_5__0__4_/CLK
Delay     : 492.6

---------------------------------------------------------------------------------------------------------------
Name  Lib cell                  Event  Incr  Arrival  Slew  Cap     Location           Distance  Fanout  Status
                                       (ps)  (ps)     (ps)  (fF)                       (um)              
-- Clockpath trace --------------------------------------------------------------------------------------------
clk
-     -                         rise   -        0.0   21.3   6.860  (242.640,0.000)    -            2    
CTS_ccl_buf_00018/A
-     BUFx6f_ASAP7_75t_R        rise    8.1     8.1   27.3  -       (210.960,107.460)  139.140   -       
CTS_ccl_buf_00018/Y
-     BUFx6f_ASAP7_75t_R        rise   19.7    27.8    5.9   0.747  (210.240,107.460)    0.720      1    
FE_USKC4092_CTS_11/A
-     BUFx3_ASAP7_75t_R         rise    0.1    27.9    5.9  -       (211.680,107.964)    1.944   -       
FE_USKC4092_CTS_11/Y
-     BUFx3_ASAP7_75t_R         rise   23.8    51.7   36.1  11.333  (212.256,107.820)    0.720      4    
CTS_ccl_a_buf_00017/A
-     HB1xp67_ASAP7_75t_R       rise    1.2    52.9   37.8  -       (209.088,112.284)    7.632   -       
CTS_ccl_a_buf_00017/Y
-     HB1xp67_ASAP7_75t_R       rise   25.4    78.3   11.2   0.498  (209.664,112.140)    0.720      1    
FE_USKC4091_CTS_10/A
-     HB1xp67_ASAP7_75t_R       rise    0.1    78.4   11.2  -       (207.936,115.956)    5.544   -       
FE_USKC4091_CTS_10/Y
-     HB1xp67_ASAP7_75t_R       rise   21.1    99.5   15.6   0.932  (207.360,116.100)    0.720      1    
FE_USKC4099_CTS_10/A
-     HB1xp67_ASAP7_75t_R       rise    0.1    99.6   15.6  -       (203.400,131.724)   19.584   -       
FE_USKC4099_CTS_10/Y
-     HB1xp67_ASAP7_75t_R       rise   41.3   140.9   63.6   4.554  (202.824,131.580)    0.720      1    
CTS_ccl_a_buf_00016/A
-     HB1xp67_ASAP7_75t_R       rise    6.0   146.9   64.9  -       (144.432,200.196)  127.008   -       
CTS_ccl_a_buf_00016/Y
-     HB1xp67_ASAP7_75t_R       rise   29.5   176.4   11.0   0.397  (143.856,200.340)    0.720      1    
FE_USKC4090_CTS_9/A
-     HB1xp67_ASAP7_75t_R       rise    0.0   176.4   11.0  -       (144.216,202.356)    2.376   -       
FE_USKC4090_CTS_9/Y
-     HB1xp67_ASAP7_75t_R       rise   17.6   194.0    9.4   0.429  (143.640,202.500)    0.720      1    
FE_USKC4098_CTS_9/A
-     HB1xp67_ASAP7_75t_R       rise    0.1   194.1    9.4  -       (142.704,205.164)    3.600   -       
FE_USKC4098_CTS_9/Y
-     HB1xp67_ASAP7_75t_R       rise   28.6   222.7   32.3   2.444  (142.128,205.020)    0.720      2    
CTS_ccl_a_buf_00013/A
-     BUFx2_ASAP7_75t_R         rise    0.4   223.1   32.3  -       (141.912,209.484)    4.680   -       
CTS_ccl_a_buf_00013/Y
-     BUFx2_ASAP7_75t_R         rise   23.0   246.1    6.8   0.388  (142.488,209.340)    0.720      1    
FE_USKC5341_CTS_5/A
-     HB1xp67_ASAP7_75t_R       rise    0.0   246.1    6.8  -       (142.704,210.996)    1.872   -       
FE_USKC5341_CTS_5/Y
-     HB1xp67_ASAP7_75t_R       rise   15.8   261.9    8.5   0.355  (142.128,211.140)    0.720      1    
FE_USKC5326_CTS_5/A
-     HB1xp67_ASAP7_75t_R       rise    0.0   261.9    8.5  -       (141.912,211.644)    0.720   -       
FE_USKC5326_CTS_5/Y
-     HB1xp67_ASAP7_75t_R       rise   16.6   278.5    8.8   0.384  (142.488,211.500)    0.720      1    
FE_USKC4120_CTS_5/A
-     HB1xp67_ASAP7_75t_R       rise    0.1   278.6    8.8  -       (142.344,213.156)    1.800   -       
FE_USKC4120_CTS_5/Y
-     HB1xp67_ASAP7_75t_R       rise   18.5   297.1   12.1   0.702  (142.920,213.300)    0.720      1    
FE_USKC4095_CTS_5/A
-     BUFx2_ASAP7_75t_R         rise    0.0   297.1   12.1  -       (142.128,208.836)    5.256   -       
FE_USKC4095_CTS_5/Y
-     BUFx2_ASAP7_75t_R         rise   17.0   314.1    6.1   0.390  (142.704,208.980)    0.720      1    
FE_USKC4119_CTS_5/A
-     HB1xp67_ASAP7_75t_R       rise    0.1   314.2    6.1  -       (141.264,208.836)    1.584   -       
FE_USKC4119_CTS_5/Y
-     HB1xp67_ASAP7_75t_R       rise   16.8   331.0   10.8   0.604  (141.840,208.980)    0.720      1    
FE_USKC4103_CTS_5/A
-     BUFx2_ASAP7_75t_R         rise    0.0   331.0   10.8  -       (142.128,207.324)    1.944   -       
FE_USKC4103_CTS_5/Y
-     BUFx2_ASAP7_75t_R         rise   16.6   347.6    5.9   0.352  (142.704,207.180)    0.720      1    
FE_USKC5325_CTS_5/A
-     HB1xp67_ASAP7_75t_R       rise    0.0   347.6    5.9  -       (143.640,207.324)    1.080   -       
FE_USKC5325_CTS_5/Y
-     HB1xp67_ASAP7_75t_R       rise   16.4   364.0   10.3   0.556  (144.216,207.180)    0.720      1    
FE_USKC4121_CTS_5/A
-     BUFx2_ASAP7_75t_R         rise    0.0   364.0   10.3  -       (144.504,207.324)    0.432   -       
FE_USKC4121_CTS_5/Y
-     BUFx2_ASAP7_75t_R         rise   24.5   388.5   23.9   4.902  (145.080,207.180)    0.720      4    
CTS_ccl_a_buf_00004/A
-     BUFx5_ASAP7_75t_R         rise    0.0   388.5   24.0  -       (143.856,209.484)    3.528   -       
CTS_ccl_a_buf_00004/Y
-     BUFx5_ASAP7_75t_R         rise   26.6   415.1   11.2   3.525  (144.432,209.340)    0.720      1    
FE_USKC4096_CTS_3/A
-     INVx6_ASAP7_75t_R         rise    0.0   415.1   11.2  -       (145.080,208.980)    1.008   -       
FE_USKC4096_CTS_3/Y
-     INVx6_ASAP7_75t_R         fall    7.0   422.1    5.9   3.507  (144.792,208.980)    0.288      1    
FE_USKC4097_CTS_3/A
-     INVx6_ASAP7_75t_R         fall    0.0   422.1    5.9  -       (145.368,208.980)    0.576   -       
FE_USKC4097_CTS_3/Y
-     INVx6_ASAP7_75t_R         rise    4.3   426.4    4.0   0.343  (145.656,208.980)    0.288      1    
FE_USKC4123_CTS_3/A
-     HB1xp67_ASAP7_75t_R       rise    0.0   426.4    4.0  -       (145.584,209.484)    0.576   -       
FE_USKC4123_CTS_3/Y
-     HB1xp67_ASAP7_75t_R       rise   18.0   444.4   14.1   0.941  (146.160,209.340)    0.720      1    
FE_USKC4109_CTS_3/A
-     BUFx8_ASAP7_75t_R         rise    0.1   444.5   14.1  -       (145.800,207.180)    2.520   -       
FE_USKC4109_CTS_3/Y
-     BUFx8_ASAP7_75t_R         rise   41.1   485.6   51.8  46.924  (146.520,207.180)    0.720     84    
transformation_block_inst/result_memory_inst_mem_reg_5__0__4_/CLK
-     ASYNC_DFFHx1_ASAP7_75t_R  rise    7.0   492.6   54.0  -       (122.400,196.524)   34.776   -       
---------------------------------------------------------------------------------------------------------------

Timing for timing corner delayCorner_fast:hold.late, min clock_path:
====================================================================

PathID    :   7
Path type : skew group clk/common (path 1 of 1)
Start     : clk
End       : transformation_block_inst/result_memory_inst_mem_reg_5__2__0_/CLK
Delay     : 351.9

---------------------------------------------------------------------------------------------------------------
Name  Lib cell                  Event  Incr  Arrival  Slew  Cap     Location           Distance  Fanout  Status
                                       (ps)  (ps)     (ps)  (fF)                       (um)              
-- Clockpath trace --------------------------------------------------------------------------------------------
clk
-     -                         rise   -        0.0   24.3   6.860  (242.640,0.000)    -            2    
CTS_ccl_buf_00018/A
-     BUFx6f_ASAP7_75t_R        rise    9.5     9.5   31.3  -       (210.960,107.460)  139.140   -       
CTS_ccl_buf_00018/Y
-     BUFx6f_ASAP7_75t_R        rise   20.9    30.4    6.4   0.747  (210.240,107.460)    0.720      1    
FE_USKC4092_CTS_11/A
-     BUFx3_ASAP7_75t_R         rise    0.0    30.4    6.4  -       (211.680,107.964)    1.944   -       
FE_USKC4092_CTS_11/Y
-     BUFx3_ASAP7_75t_R         rise   25.0    55.4   40.0  11.333  (212.256,107.820)    0.720      4    
CTS_ccl_a_buf_00017/A
-     HB1xp67_ASAP7_75t_R       rise    1.3    56.7   41.9  -       (209.088,112.284)    7.632   -       
CTS_ccl_a_buf_00017/Y
-     HB1xp67_ASAP7_75t_R       rise   26.8    83.5   12.3   0.498  (209.664,112.140)    0.720      1    
FE_USKC4091_CTS_10/A
-     HB1xp67_ASAP7_75t_R       rise    0.1    83.6   12.3  -       (207.936,115.956)    5.544   -       
FE_USKC4091_CTS_10/Y
-     HB1xp67_ASAP7_75t_R       rise   21.9   105.5   16.6   0.932  (207.360,116.100)    0.720      1    
FE_USKC4099_CTS_10/A
-     HB1xp67_ASAP7_75t_R       rise    0.4   105.9   16.6  -       (203.400,131.724)   19.584   -       
FE_USKC4099_CTS_10/Y
-     HB1xp67_ASAP7_75t_R       rise   41.9   147.8   64.7   4.554  (202.824,131.580)    0.720      1    
CTS_ccl_a_buf_00016/A
-     HB1xp67_ASAP7_75t_R       rise    6.2   154.0   66.0  -       (144.432,200.196)  127.008   -       
CTS_ccl_a_buf_00016/Y
-     HB1xp67_ASAP7_75t_R       rise   30.3   184.3   12.0   0.397  (143.856,200.340)    0.720      1    
FE_USKC4090_CTS_9/A
-     HB1xp67_ASAP7_75t_R       rise    0.0   184.3   12.0  -       (144.216,202.356)    2.376   -       
FE_USKC4090_CTS_9/Y
-     HB1xp67_ASAP7_75t_R       rise   18.5   202.8   10.4   0.429  (143.640,202.500)    0.720      1    
FE_USKC4098_CTS_9/A
-     HB1xp67_ASAP7_75t_R       rise    0.1   202.9   10.4  -       (142.704,205.164)    3.600   -       
FE_USKC4098_CTS_9/Y
-     HB1xp67_ASAP7_75t_R       rise   30.6   233.5   35.8   2.444  (142.128,205.020)    0.720      2    
CTS_ccl_a_buf_00014/A
-     BUFx2_ASAP7_75t_R         rise    1.1   234.6   35.8  -       (111.888,211.644)   36.864   -       
CTS_ccl_a_buf_00014/Y
-     BUFx2_ASAP7_75t_R         rise   24.1   258.7    7.2   0.350  (112.464,211.500)    0.720      1    
FE_USKC4093_CTS_8/A
-     HB1xp67_ASAP7_75t_R       rise    0.0   258.7    7.2  -       (112.680,210.996)    0.720   -       
FE_USKC4093_CTS_8/Y
-     HB1xp67_ASAP7_75t_R       rise   21.2   279.9   18.5   1.082  (112.104,211.140)    0.720      1    
FE_USKC4102_CTS_8/A
-     BUFx4f_ASAP7_75t_R        rise    0.1   280.0   18.5  -       (110.520,211.140)    1.584   -       
FE_USKC4102_CTS_8/Y
-     BUFx4f_ASAP7_75t_R        rise   23.2   303.2   17.6   5.612  (109.800,211.140)    0.720      3    
transformation_block_inst/CTS_ccl_a_buf_00007/A
-     BUFx6f_ASAP7_75t_R        rise    3.0   306.2   18.8  -       (51.768,211.140)    58.032   -       
transformation_block_inst/CTS_ccl_a_buf_00007/Y
-     BUFx6f_ASAP7_75t_R        rise   45.3   351.5   88.5  50.590  (51.048,211.140)     0.720     95    
transformation_block_inst/result_memory_inst_mem_reg_5__2__0_/CLK
-     ASYNC_DFFHx1_ASAP7_75t_R  rise    0.4   351.9   88.5  -       (54.360,211.644)     3.816   -       
---------------------------------------------------------------------------------------------------------------

Timing for timing corner delayCorner_fast:hold.late, max clock_path:
====================================================================

PathID    :   8
Path type : skew group clk/common (path 1 of 1)
Start     : clk
End       : transformation_block_inst/result_memory_inst_mem_reg_5__0__4_/CLK
Delay     : 526.4

---------------------------------------------------------------------------------------------------------------
Name  Lib cell                  Event  Incr  Arrival  Slew  Cap     Location           Distance  Fanout  Status
                                       (ps)  (ps)     (ps)  (fF)                       (um)              
-- Clockpath trace --------------------------------------------------------------------------------------------
clk
-     -                         rise   -        0.0   24.3   6.860  (242.640,0.000)    -            2    
CTS_ccl_buf_00018/A
-     BUFx6f_ASAP7_75t_R        rise    9.5     9.5   31.3  -       (210.960,107.460)  139.140   -       
CTS_ccl_buf_00018/Y
-     BUFx6f_ASAP7_75t_R        rise   20.9    30.4    6.4   0.747  (210.240,107.460)    0.720      1    
FE_USKC4092_CTS_11/A
-     BUFx3_ASAP7_75t_R         rise    0.0    30.4    6.4  -       (211.680,107.964)    1.944   -       
FE_USKC4092_CTS_11/Y
-     BUFx3_ASAP7_75t_R         rise   25.0    55.4   40.0  11.333  (212.256,107.820)    0.720      4    
CTS_ccl_a_buf_00017/A
-     HB1xp67_ASAP7_75t_R       rise    1.3    56.7   41.9  -       (209.088,112.284)    7.632   -       
CTS_ccl_a_buf_00017/Y
-     HB1xp67_ASAP7_75t_R       rise   26.8    83.5   12.3   0.498  (209.664,112.140)    0.720      1    
FE_USKC4091_CTS_10/A
-     HB1xp67_ASAP7_75t_R       rise    0.1    83.6   12.3  -       (207.936,115.956)    5.544   -       
FE_USKC4091_CTS_10/Y
-     HB1xp67_ASAP7_75t_R       rise   21.9   105.5   16.6   0.932  (207.360,116.100)    0.720      1    
FE_USKC4099_CTS_10/A
-     HB1xp67_ASAP7_75t_R       rise    0.4   105.9   16.6  -       (203.400,131.724)   19.584   -       
FE_USKC4099_CTS_10/Y
-     HB1xp67_ASAP7_75t_R       rise   41.9   147.8   64.7   4.554  (202.824,131.580)    0.720      1    
CTS_ccl_a_buf_00016/A
-     HB1xp67_ASAP7_75t_R       rise    6.2   154.0   66.0  -       (144.432,200.196)  127.008   -       
CTS_ccl_a_buf_00016/Y
-     HB1xp67_ASAP7_75t_R       rise   30.3   184.3   12.0   0.397  (143.856,200.340)    0.720      1    
FE_USKC4090_CTS_9/A
-     HB1xp67_ASAP7_75t_R       rise    0.0   184.3   12.0  -       (144.216,202.356)    2.376   -       
FE_USKC4090_CTS_9/Y
-     HB1xp67_ASAP7_75t_R       rise   18.5   202.8   10.4   0.429  (143.640,202.500)    0.720      1    
FE_USKC4098_CTS_9/A
-     HB1xp67_ASAP7_75t_R       rise    0.1   202.9   10.4  -       (142.704,205.164)    3.600   -       
FE_USKC4098_CTS_9/Y
-     HB1xp67_ASAP7_75t_R       rise   30.6   233.5   35.8   2.444  (142.128,205.020)    0.720      2    
CTS_ccl_a_buf_00013/A
-     BUFx2_ASAP7_75t_R         rise    0.4   233.9   35.8  -       (141.912,209.484)    4.680   -       
CTS_ccl_a_buf_00013/Y
-     BUFx2_ASAP7_75t_R         rise   24.2   258.1    7.3   0.388  (142.488,209.340)    0.720      1    
FE_USKC5341_CTS_5/A
-     HB1xp67_ASAP7_75t_R       rise    0.0   258.1    7.3  -       (142.704,210.996)    1.872   -       
FE_USKC5341_CTS_5/Y
-     HB1xp67_ASAP7_75t_R       rise   16.3   274.4    9.5   0.355  (142.128,211.140)    0.720      1    
FE_USKC5326_CTS_5/A
-     HB1xp67_ASAP7_75t_R       rise    0.0   274.4    9.5  -       (141.912,211.644)    0.720   -       
FE_USKC5326_CTS_5/Y
-     HB1xp67_ASAP7_75t_R       rise   17.6   292.0    9.8   0.384  (142.488,211.500)    0.720      1    
FE_USKC4120_CTS_5/A
-     HB1xp67_ASAP7_75t_R       rise    0.0   292.0    9.8  -       (142.344,213.156)    1.800   -       
FE_USKC4120_CTS_5/Y
-     HB1xp67_ASAP7_75t_R       rise   19.8   311.8   13.8   0.702  (142.920,213.300)    0.720      1    
FE_USKC4095_CTS_5/A
-     BUFx2_ASAP7_75t_R         rise    0.1   311.9   13.8  -       (142.128,208.836)    5.256   -       
FE_USKC4095_CTS_5/Y
-     BUFx2_ASAP7_75t_R         rise   17.9   329.8    6.4   0.390  (142.704,208.980)    0.720      1    
FE_USKC4119_CTS_5/A
-     HB1xp67_ASAP7_75t_R       rise    0.0   329.8    6.4  -       (141.264,208.836)    1.584   -       
FE_USKC4119_CTS_5/Y
-     HB1xp67_ASAP7_75t_R       rise   17.7   347.5   12.5   0.604  (141.840,208.980)    0.720      1    
FE_USKC4103_CTS_5/A
-     BUFx2_ASAP7_75t_R         rise    0.1   347.6   12.5  -       (142.128,207.324)    1.944   -       
FE_USKC4103_CTS_5/Y
-     BUFx2_ASAP7_75t_R         rise   17.5   365.1    6.2   0.352  (142.704,207.180)    0.720      1    
FE_USKC5325_CTS_5/A
-     HB1xp67_ASAP7_75t_R       rise    0.0   365.1    6.2  -       (143.640,207.324)    1.080   -       
FE_USKC5325_CTS_5/Y
-     HB1xp67_ASAP7_75t_R       rise   17.4   382.5   11.9   0.556  (144.216,207.180)    0.720      1    
FE_USKC4121_CTS_5/A
-     BUFx2_ASAP7_75t_R         rise    0.0   382.5   11.9  -       (144.504,207.324)    0.432   -       
FE_USKC4121_CTS_5/Y
-     BUFx2_ASAP7_75t_R         rise   26.2   408.7   26.5   4.902  (145.080,207.180)    0.720      4    
CTS_ccl_a_buf_00004/A
-     BUFx5_ASAP7_75t_R         rise    0.1   408.8   26.5  -       (143.856,209.484)    3.528   -       
CTS_ccl_a_buf_00004/Y
-     BUFx5_ASAP7_75t_R         rise   28.6   437.4   13.0   3.525  (144.432,209.340)    0.720      1    
FE_USKC4096_CTS_3/A
-     INVx6_ASAP7_75t_R         rise    0.2   437.6   13.0  -       (145.080,208.980)    1.008   -       
FE_USKC4096_CTS_3/Y
-     INVx6_ASAP7_75t_R         fall    8.0   445.6    7.5   3.507  (144.792,208.980)    0.288      1    
FE_USKC4097_CTS_3/A
-     INVx6_ASAP7_75t_R         fall    0.1   445.7    7.5  -       (145.368,208.980)    0.576   -       
FE_USKC4097_CTS_3/Y
-     INVx6_ASAP7_75t_R         rise    5.2   450.9    4.0   0.343  (145.656,208.980)    0.288      1    
FE_USKC4123_CTS_3/A
-     HB1xp67_ASAP7_75t_R       rise    0.0   450.9    4.0  -       (145.584,209.484)    0.576   -       
FE_USKC4123_CTS_3/Y
-     HB1xp67_ASAP7_75t_R       rise   19.4   470.3   16.7   0.941  (146.160,209.340)    0.720      1    
FE_USKC4109_CTS_3/A
-     BUFx8_ASAP7_75t_R         rise    0.1   470.4   16.7  -       (145.800,207.180)    2.520   -       
FE_USKC4109_CTS_3/Y
-     BUFx8_ASAP7_75t_R         rise   46.9   517.3   65.3  46.924  (146.520,207.180)    0.720     84    
transformation_block_inst/result_memory_inst_mem_reg_5__0__4_/CLK
-     ASYNC_DFFHx1_ASAP7_75t_R  rise    9.1   526.4   68.2  -       (122.400,196.524)   34.776   -       
---------------------------------------------------------------------------------------------------------------

