###############################################################
#  Generated by:      Cadence Innovus 23.12-s091_1
#  OS:                Linux x86_64(Host ID toolsession-0022-56dbdd798c-v95n7)
#  Generated on:      Fri Jun 26 09:44:43 2026
#  Design:            GCN
#  Command:           summaryReport -outfile ./reports/summary.rpt
###############################################################


==============================
General Design Information
==============================
Design Status: Routed  
Design Name: GCN  
# Instances: 54116  
# Hard Macros: 0  
# Std Cells: 54116  
    ------------------------------
    Standard Cells in Netlist
    ------------------------------
               Cell Type   Instance Count  Area (um^2)  
    A2O1A1Ixp33_ASAP7_75t_R               21          29.3933  
    A2O1A1O1Ixp25_ASAP7_75t_R                1           2.0995  
      AND2x2_ASAP7_75t_R              389         544.4755  
      AND2x4_ASAP7_75t_R              135         314.9280  
      AND2x6_ASAP7_75t_R                1           2.7994  
      AND3x1_ASAP7_75t_R               17          23.7946  
      AND3x2_ASAP7_75t_R                9          14.6966  
      AND3x4_ASAP7_75t_R                1           3.2659  
      AO21x1_ASAP7_75t_R              284         397.5091  
      AO21x2_ASAP7_75t_R               65         106.1424  
      AO22x1_ASAP7_75t_R               58         121.7722  
      AO22x2_ASAP7_75t_R              133         310.2624  
      AO31x2_ASAP7_75t_R                4          14.9299  
      AO32x1_ASAP7_75t_R                2           3.7325  
    AOI211x1_ASAP7_75t_R                4          11.1974  
    AOI211xp5_ASAP7_75t_R                5           6.9984  
     AOI21x1_ASAP7_75t_R               57         106.3757  
    AOI21xp33_ASAP7_75t_R               10          11.6640  
    AOI21xp5_ASAP7_75t_R               76          88.6464  
    AOI221x1_ASAP7_75t_R                3           9.7978  
    AOI221xp5_ASAP7_75t_R                2           3.2659  
     AOI22x1_ASAP7_75t_R               29          67.6512  
    AOI22xp5_ASAP7_75t_R               53          74.1830  
    AOI31xp33_ASAP7_75t_R                3           4.1990  
    AOI31xp67_ASAP7_75t_R                2           6.0653  
    AOI321xp33_ASAP7_75t_R                1           1.8662  
    AOI331xp33_ASAP7_75t_R                1           2.0995  
    AOI33xp33_ASAP7_75t_R                8          14.9299  
    ASYNC_DFFHx1_ASAP7_75t_R             1087        6592.9594  
      BUFx10_ASAP7_75t_R                1           3.2659  
     BUFx12f_ASAP7_75t_R               12          50.3885  
     BUFx16f_ASAP7_75t_R                2          10.2643  
       BUFx2_ASAP7_75t_R              655         763.9920  
       BUFx3_ASAP7_75t_R              549         768.4243  
       BUFx4_ASAP7_75t_R                6           9.7978  
      BUFx4f_ASAP7_75t_R               29          54.1210  
       BUFx5_ASAP7_75t_R               41          76.5158  
      BUFx6f_ASAP7_75t_R              127         296.2656  
       BUFx8_ASAP7_75t_R                2           5.5987  
    CKINVDCx10_ASAP7_75t_R                1           5.5987  
    CKINVDCx12_ASAP7_75t_R                2          12.1306  
    CKINVDCx16_ASAP7_75t_R               24         167.9616  
        FAx1_ASAP7_75t_R               23          75.1162  
      FILLER_ASAP7_75t_R            15462        7213.9507  
    FILLERxp5_ASAP7_75t_R             8547        1993.8442  
     HB1xp67_ASAP7_75t_R              793         739.9642  
      INVx11_ASAP7_75t_R               33         100.0771  
      INVx13_ASAP7_75t_R               38         132.9696  
       INVx1_ASAP7_75t_R             1972        1380.0845  
       INVx2_ASAP7_75t_R              595         555.2064  
       INVx3_ASAP7_75t_R              160         186.6240  
       INVx4_ASAP7_75t_R               84         117.5731  
       INVx5_ASAP7_75t_R               50          81.6480  
       INVx6_ASAP7_75t_R              104         194.0890  
       INVx8_ASAP7_75t_R              167         389.5776  
     INVxp33_ASAP7_75t_R               99          69.2842  
     INVxp67_ASAP7_75t_R              649         454.1962  
     MAJIxp5_ASAP7_75t_R             1721        2810.3242  
       MAJx2_ASAP7_75t_R              486        1020.3667  
       MAJx3_ASAP7_75t_R               16          37.3248  
     NAND2x1_ASAP7_75t_R              123         172.1606  
    NAND2x1p5_ASAP7_75t_R              122         227.6813  
     NAND2x2_ASAP7_75t_R               19          44.3232  
    NAND2xp33_ASAP7_75t_R              813         758.6266  
    NAND2xp5_ASAP7_75t_R              950         886.4640  
    NAND2xp67_ASAP7_75t_R                2           2.7994  
     NAND3x1_ASAP7_75t_R                5          12.8304  
     NAND3x2_ASAP7_75t_R                3          13.9968  
    NAND3xp33_ASAP7_75t_R               83          96.8112  
    NAND4xp25_ASAP7_75t_R                4           5.5987  
    NAND4xp75_ASAP7_75t_R               12          39.1910  
      NOR2x1_ASAP7_75t_R             1234        1727.2051  
    NOR2x1p5_ASAP7_75t_R              714        1332.4954  
      NOR2x2_ASAP7_75t_R              349         814.1472  
    NOR2xp33_ASAP7_75t_R              972         906.9926  
    NOR2xp67_ASAP7_75t_R               21          29.3933  
      NOR3x1_ASAP7_75t_R               17          43.6234  
      NOR3x2_ASAP7_75t_R                2           9.3312  
    NOR3xp33_ASAP7_75t_R               57          66.4848  
    NOR4xp25_ASAP7_75t_R                1           1.3997  
    O2A1O1Ixp33_ASAP7_75t_R               26          36.3917  
    O2A1O1Ixp5_ASAP7_75t_R               13          24.2611  
      OA21x2_ASAP7_75t_R               44          71.8502  
      OA22x2_ASAP7_75t_R               24          55.9872  
      OA31x2_ASAP7_75t_R                1           3.4992  
      OA33x2_ASAP7_75t_R                1           2.3328  
    OAI211xp5_ASAP7_75t_R                9          12.5971  
     OAI21x1_ASAP7_75t_R              329         613.9930  
    OAI21xp33_ASAP7_75t_R              697         812.9808  
    OAI21xp5_ASAP7_75t_R              504         587.8656  
    OAI221xp5_ASAP7_75t_R                6           9.7978  
     OAI22x1_ASAP7_75t_R              138         321.9264  
    OAI22xp33_ASAP7_75t_R               37          51.7882  
    OAI22xp5_ASAP7_75t_R              117         163.7626  
    OAI311xp33_ASAP7_75t_R                1           1.6330  
    OAI31xp33_ASAP7_75t_R                5           6.9984  
    OAI31xp67_ASAP7_75t_R                3           9.0979  
    OAI321xp33_ASAP7_75t_R                2           3.7325  
    OAI32xp33_ASAP7_75t_R                1           1.6330  
    OAI33xp33_ASAP7_75t_R                2           3.7325  
       OR2x2_ASAP7_75t_R              586         820.2125  
       OR2x6_ASAP7_75t_R               32          89.5795  
       OR3x1_ASAP7_75t_R               24          33.5923  
       OR3x2_ASAP7_75t_R                1           1.6330  
       OR4x1_ASAP7_75t_R               19          31.0262  
     TAPCELL_ASAP7_75t_R             6634        3095.1590  
     TIELOx1_ASAP7_75t_R                2           1.3997  
     XNOR2x1_ASAP7_75t_R             1482        4148.6515  
     XNOR2x2_ASAP7_75t_R              366         939.1853  
    XNOR2xp5_ASAP7_75t_R             1074        2254.8845  
      XOR2x1_ASAP7_75t_R              207         579.4675  
      XOR2x2_ASAP7_75t_R              760        1950.2208  
     XOR2xp5_ASAP7_75t_R              555        1165.2336  
# Pads: 0  
# Net: 24008  
# Special Net: 2  
# IO Pins: 
    ------------------------------
    Issued IO Information
    ------------------------------
    # Unplaced IO Pin  0  
    # Floating IO  0  
    # IO Connected to Non-IO Inst  
        ------------------------------
        IO Connected to Non-IO Inst
        ------------------------------
                     IO Name      Non-IO Inst Name  
          max_addi_answer[0]                 U1732  
          max_addi_answer[1]                 U1730  
          max_addi_answer[2]                 U1736  
          max_addi_answer[3]                 U1737  
          max_addi_answer[4]                 U1731  
          max_addi_answer[5]                 U1729  
          max_addi_answer[6]                 U1733  
          max_addi_answer[7]                 U1728  
          max_addi_answer[8]                 U1735  
          max_addi_answer[9]                 U1734  
         max_addi_answer[10]                 U1199  
         max_addi_answer[11]                 U1200  
                        done                 U1856  
                 enable_read  transformation_block_inst/U1168  
             read_address[0]  transformation_block_inst/U11070  
             read_address[1]  transformation_block_inst/U11175  
             read_address[2]  transformation_block_inst/U11173  
             read_address[3]  combination_block_inst_fsm_inst_current_state_reg_2_  
             read_address[4]  combination_block_inst_fsm_inst_current_state_reg_2_  
             read_address[5]  combination_block_inst_fsm_inst_current_state_reg_2_  
             read_address[6]  combination_block_inst_fsm_inst_current_state_reg_2_  
             read_address[7]  combination_block_inst_fsm_inst_current_state_reg_2_  
             read_address[8]  combination_block_inst_fsm_inst_current_state_reg_2_  
             read_address[9]  transformation_block_inst/U1145  
            read_address[10]  combination_block_inst_fsm_inst_current_state_reg_2_  
            read_address[11]  combination_block_inst_fsm_inst_current_state_reg_2_  
            read_address[12]  combination_block_inst_fsm_inst_current_state_reg_2_  
              coo_address[0]                 U1738  
              coo_address[1]                 U1198  
              coo_address[2]                 U1739  
                   coo_in[0]                 U1547  
                   coo_in[1]                 U1610  
                   coo_in[2]                 U1610  
                   coo_in[3]                 U1138  
                   coo_in[4]                 U1607  
                   coo_in[5]                 U1607  
                  data_in[0]  transformation_block_inst/U7368  
                  data_in[1]  transformation_block_inst/U7366  
                  data_in[2]  transformation_block_inst/U7365  
                  data_in[3]  transformation_block_inst/U10227  
                  data_in[4]  transformation_block_inst/U7363  
                  data_in[5]  transformation_block_inst/U8172  
                  data_in[6]  transformation_block_inst/U312  
                  data_in[7]  transformation_block_inst/U8175  
                  data_in[8]  transformation_block_inst/U8170  
                  data_in[9]  transformation_block_inst/U8177  
                 data_in[10]  transformation_block_inst/U10626  
                 data_in[11]  transformation_block_inst/U10624  
                 data_in[12]  transformation_block_inst/U10542  
                 data_in[13]  transformation_block_inst/U9831  
                 data_in[14]  transformation_block_inst/U9827  
                 data_in[15]  transformation_block_inst/U689  
                 data_in[16]  transformation_block_inst/U10622  
                 data_in[17]  transformation_block_inst/U10533  
                 data_in[18]  transformation_block_inst/U7414  
                 data_in[19]  transformation_block_inst/U3929  
                 data_in[20]  transformation_block_inst/U282  
                 data_in[21]  transformation_block_inst/U10475  
                 data_in[22]  transformation_block_inst/U10459  
                 data_in[23]  transformation_block_inst/U8713  
                 data_in[24]  transformation_block_inst/U10457  
                 data_in[25]  transformation_block_inst/U9644  
                 data_in[26]  transformation_block_inst/U9640  
                 data_in[27]  transformation_block_inst/U9638  
                 data_in[28]  transformation_block_inst/U8680  
                 data_in[29]  transformation_block_inst/U9633  
                 data_in[30]  transformation_block_inst/U10277  
                 data_in[31]  transformation_block_inst/U10326  
                 data_in[32]  transformation_block_inst/U10255  
                 data_in[33]  transformation_block_inst/U10332  
                 data_in[34]  transformation_block_inst/U10336  
                 data_in[35]  transformation_block_inst/U9629  
                 data_in[36]  transformation_block_inst/U10244  
                 data_in[37]  transformation_block_inst/U10341  
                 data_in[38]  transformation_block_inst/U10214  
                 data_in[39]  transformation_block_inst/U10223  
                 data_in[40]  transformation_block_inst/U9803  
                 data_in[41]  transformation_block_inst/U10082  
                 data_in[42]  transformation_block_inst/FE_RC_20639_0  
                 data_in[43]  transformation_block_inst/U9739  
                 data_in[44]  transformation_block_inst/U10235  
                 data_in[45]  transformation_block_inst/U1305  
                 data_in[46]  transformation_block_inst/U9620  
                 data_in[47]  transformation_block_inst/U10271  
                 data_in[48]  transformation_block_inst/U10340  
                 data_in[49]  transformation_block_inst/U10343  
                 data_in[50]  transformation_block_inst/U1312  
                 data_in[51]  transformation_block_inst/FE_RC_6877_0  
                 data_in[52]  transformation_block_inst/U8743  
                 data_in[53]  transformation_block_inst/U10444  
                 data_in[54]  transformation_block_inst/U10473  
                 data_in[55]  transformation_block_inst/U10449  
                 data_in[56]  transformation_block_inst/FE_RC_11315_0  
                 data_in[57]  transformation_block_inst/U8189  
                 data_in[58]  transformation_block_inst/U8186  
                 data_in[59]  transformation_block_inst/U8188  
                 data_in[60]  transformation_block_inst/U10006  
                 data_in[61]  transformation_block_inst/U10547  
                 data_in[62]  transformation_block_inst/U1300  
                 data_in[63]  transformation_block_inst/U8753  
                 data_in[64]  transformation_block_inst/U8751  
                 data_in[65]  transformation_block_inst/U9924  
                 data_in[66]  transformation_block_inst/U9609  
                 data_in[67]  transformation_block_inst/U8482  
                 data_in[68]  transformation_block_inst/U10614  
                 data_in[69]  transformation_block_inst/U10612  
                 data_in[70]  transformation_block_inst/U10611  
                 data_in[71]  transformation_block_inst/U8767  
                 data_in[72]  transformation_block_inst/U8765  
                 data_in[73]  transformation_block_inst/U10557  
                 data_in[74]  transformation_block_inst/U10559  
                 data_in[75]  transformation_block_inst/FE_OFC2505_data_in_80__0  
                 data_in[76]  transformation_block_inst/U705  
                 data_in[77]  transformation_block_inst/U9600  
                 data_in[78]  transformation_block_inst/FE_OCPC3985_data_in_80__3  
                 data_in[79]  transformation_block_inst/U10607  
                 data_in[80]  transformation_block_inst/U6106  
                 data_in[81]  transformation_block_inst/U8777  
                 data_in[82]  transformation_block_inst/U8775  
                 data_in[83]  transformation_block_inst/U10461  
                 data_in[84]  transformation_block_inst/U10453  
                 data_in[85]  transformation_block_inst/U10402  
                 data_in[86]  transformation_block_inst/U9591  
                 data_in[87]  transformation_block_inst/U10480  
                 data_in[88]  transformation_block_inst/U10375  
                 data_in[89]  transformation_block_inst/U10378  
                 data_in[90]  transformation_block_inst/U10380  
                 data_in[91]  transformation_block_inst/U10529  
                 data_in[92]  transformation_block_inst/U10513  
                 data_in[93]  transformation_block_inst/U8781  
                 data_in[94]  transformation_block_inst/FE_DBTC17_data_in_77__4  
                 data_in[95]  transformation_block_inst/U10392  
                 data_in[96]  transformation_block_inst/U10398  
                 data_in[97]  transformation_block_inst/U10404  
                 data_in[98]  transformation_block_inst/U9578  
                 data_in[99]  transformation_block_inst/U10434  
                data_in[100]  transformation_block_inst/U7380  
                data_in[101]  transformation_block_inst/U8794  
                data_in[102]  transformation_block_inst/U9793  
                data_in[103]  transformation_block_inst/U8788  
                data_in[104]  transformation_block_inst/U8787  
                data_in[105]  transformation_block_inst/U3637  
                data_in[106]  transformation_block_inst/U9804  
                data_in[107]  FE_OCPC4967_data_in_74__2  
                data_in[108]  transformation_block_inst/U9570  
                data_in[109]  transformation_block_inst/U10296  
                data_in[110]  transformation_block_inst/U8806  
                data_in[111]  transformation_block_inst/U8803  
                data_in[112]  transformation_block_inst/U8802  
                data_in[113]  transformation_block_inst/U10298  
                data_in[114]  transformation_block_inst/U8798  
                data_in[115]  transformation_block_inst/U9564  
                data_in[116]  transformation_block_inst/U9562  
                data_in[117]  transformation_block_inst/FE_OFC609_data_in_72__2  
                data_in[118]  transformation_block_inst/U10110  
                data_in[119]  transformation_block_inst/FE_OFC144_data_in_72__4  
                data_in[120]  transformation_block_inst/U313  
                data_in[121]  transformation_block_inst/FE_OCPC5501_data_in_71__1  
                data_in[122]  transformation_block_inst/U8815  
                data_in[123]  transformation_block_inst/U8813  
                data_in[124]  transformation_block_inst/U8810  
                data_in[125]  transformation_block_inst/U9551  
                data_in[126]  transformation_block_inst/U9549  
                data_in[127]  transformation_block_inst/U9547  
                data_in[128]  transformation_block_inst/U1306  
                data_in[129]  transformation_block_inst/U9541  
                data_in[130]  transformation_block_inst/FE_OFC445_data_in_69__0  
                data_in[131]  transformation_block_inst/U10478  
                data_in[132]  FE_OCPC5283_data_in_69__2  
                data_in[133]  transformation_block_inst/U8828  
                data_in[134]  transformation_block_inst/U10597  
                data_in[135]  transformation_block_inst/U10545  
                data_in[136]  transformation_block_inst/U10549  
                data_in[137]  transformation_block_inst/FE_DBTC18_data_in_68__2  
                data_in[138]  transformation_block_inst/U10594  
                data_in[139]  transformation_block_inst/U9534  
                data_in[140]  transformation_block_inst/U10164  
                data_in[141]  transformation_block_inst/U8846  
                data_in[142]  transformation_block_inst/U8844  
                data_in[143]  transformation_block_inst/U8843  
                data_in[144]  transformation_block_inst/FE_OFC2345_data_in_67__4  
                data_in[145]  transformation_block_inst/U10585  
                data_in[146]  transformation_block_inst/U10584  
                data_in[147]  transformation_block_inst/U9529  
                data_in[148]  transformation_block_inst/FE_OCPC6259_data_in_66__3  
                data_in[149]  transformation_block_inst/FE_DBTC19_data_in_66__4  
                data_in[150]  transformation_block_inst/U10576  
                data_in[151]  transformation_block_inst/U10575  
                data_in[152]  transformation_block_inst/U8857  
                data_in[153]  transformation_block_inst/U9941  
                data_in[154]  transformation_block_inst/U8851  
                data_in[155]  transformation_block_inst/U9523  
                data_in[156]  transformation_block_inst/U10569  
                data_in[157]  transformation_block_inst/FE_OFC2589_data_in_64__2  
                data_in[158]  transformation_block_inst/U9518  
                data_in[159]  transformation_block_inst/U10537  
                data_in[160]  transformation_block_inst/FE_OCPC3978_data_in_63__0  
                data_in[161]  transformation_block_inst/U10133  
                data_in[162]  transformation_block_inst/U8869  
                data_in[163]  transformation_block_inst/U10319  
                data_in[164]  transformation_block_inst/U8864  
                data_in[165]  transformation_block_inst/U10052  
                data_in[166]  transformation_block_inst/U10045  
                data_in[167]  transformation_block_inst/U10049  
                data_in[168]  transformation_block_inst/U10067  
                data_in[169]  transformation_block_inst/U10054  
                data_in[170]  transformation_block_inst/U10056  
                data_in[171]  transformation_block_inst/U10063  
                data_in[172]  transformation_block_inst/U10059  
                data_in[173]  transformation_block_inst/U10061  
                data_in[174]  transformation_block_inst/U10077  
                data_in[175]  transformation_block_inst/U10075  
                data_in[176]  transformation_block_inst/U10073  
                data_in[177]  transformation_block_inst/U10071  
                data_in[178]  transformation_block_inst/U9504  
                data_in[179]  transformation_block_inst/U9502  
                data_in[180]  transformation_block_inst/U9935  
                data_in[181]  transformation_block_inst/U8892  
                data_in[182]  transformation_block_inst/U6676  
                data_in[183]  transformation_block_inst/U2454  
                data_in[184]  transformation_block_inst/U8886  
                data_in[185]  transformation_block_inst/U9875  
                data_in[186]  transformation_block_inst/U9879  
                data_in[187]  transformation_block_inst/U9877  
                data_in[188]  transformation_block_inst/U9861  
                data_in[189]  transformation_block_inst/U5713  
                data_in[190]  transformation_block_inst/U8904  
                data_in[191]  transformation_block_inst/U10166  
                data_in[192]  transformation_block_inst/U8900  
                data_in[193]  transformation_block_inst/U10171  
                data_in[194]  transformation_block_inst/U8896  
                data_in[195]  transformation_block_inst/U10142  
                data_in[196]  transformation_block_inst/U10127  
                data_in[197]  transformation_block_inst/U10175  
                data_in[198]  transformation_block_inst/U6550  
                data_in[199]  transformation_block_inst/U10125  
                data_in[200]  transformation_block_inst/FE_OFC2652_data_in_55__0  
                data_in[201]  transformation_block_inst/U10179  
                data_in[202]  transformation_block_inst/FE_OFC2442_data_in_55__2  
                data_in[203]  transformation_block_inst/U10138  
                data_in[204]  transformation_block_inst/U10153  
                data_in[205]  transformation_block_inst/U10157  
                data_in[206]  transformation_block_inst/U10173  
                data_in[207]  transformation_block_inst/U9961  
                data_in[208]  transformation_block_inst/U9951  
                data_in[209]  transformation_block_inst/U7142  
                data_in[210]  transformation_block_inst/U9968  
                data_in[211]  transformation_block_inst/U10400  
                data_in[212]  transformation_block_inst/U10014  
                data_in[213]  transformation_block_inst/U9990  
                data_in[214]  transformation_block_inst/U8912  
                data_in[215]  transformation_block_inst/U6678  
                data_in[216]  transformation_block_inst/U6898  
                data_in[217]  transformation_block_inst/U6643  
                data_in[218]  transformation_block_inst/U10150  
                data_in[219]  transformation_block_inst/U8049  
                data_in[220]  transformation_block_inst/U10148  
                data_in[221]  transformation_block_inst/U8931  
                data_in[222]  transformation_block_inst/U9893  
                data_in[223]  transformation_block_inst/U8927  
                data_in[224]  transformation_block_inst/U9895  
                data_in[225]  transformation_block_inst/U9911  
                data_in[226]  transformation_block_inst/U9896  
                data_in[227]  transformation_block_inst/U9897  
                data_in[228]  transformation_block_inst/U9984  
                data_in[229]  transformation_block_inst/U9455  
                data_in[230]  transformation_block_inst/U6723  
                data_in[231]  transformation_block_inst/U9982  
                data_in[232]  transformation_block_inst/U9988  
                data_in[233]  transformation_block_inst/U8936  
                data_in[234]  transformation_block_inst/U8935  
                data_in[235]  transformation_block_inst/U9926  
                data_in[236]  transformation_block_inst/U9452  
                data_in[237]  transformation_block_inst/U9900  
                data_in[238]  transformation_block_inst/U9741  
                data_in[239]  transformation_block_inst/U9837  
                data_in[240]  transformation_block_inst/U9737  
                data_in[241]  transformation_block_inst/U8946  
                data_in[242]  transformation_block_inst/U8944  
                data_in[243]  transformation_block_inst/U7795  
                data_in[244]  transformation_block_inst/U6614  
                data_in[245]  transformation_block_inst/U7421  
                data_in[246]  transformation_block_inst/U9905  
                data_in[247]  transformation_block_inst/U7238  
                data_in[248]  transformation_block_inst/U7237  
                data_in[249]  transformation_block_inst/U7423  
                data_in[250]  transformation_block_inst/U9858  
                data_in[251]  transformation_block_inst/U8959  
                data_in[252]  transformation_block_inst/U8957  
                data_in[253]  transformation_block_inst/U9886  
                data_in[254]  transformation_block_inst/U9889  
                data_in[255]  transformation_block_inst/U1310  
                data_in[256]  transformation_block_inst/U706  
                data_in[257]  transformation_block_inst/U9880  
                data_in[258]  transformation_block_inst/U9856  
                data_in[259]  transformation_block_inst/U9424  
                data_in[260]  transformation_block_inst/U9887  
                data_in[261]  transformation_block_inst/U8968  
                data_in[262]  transformation_block_inst/FE_RC_3983_0  
                data_in[263]  transformation_block_inst/U10042  
                data_in[264]  transformation_block_inst/FE_DBTC25_data_in_43__4  
                data_in[265]  transformation_block_inst/U1637  
                data_in[266]  transformation_block_inst/FE_OFC2613_data_in_42__1  
                data_in[267]  transformation_block_inst/FE_OFC2725_data_in_42__2  
                data_in[268]  transformation_block_inst/U10029  
                data_in[269]  transformation_block_inst/U9413  
                data_in[270]  transformation_block_inst/U8389  
                data_in[271]  transformation_block_inst/U8386  
                data_in[272]  transformation_block_inst/U10035  
                data_in[273]  transformation_block_inst/U10031  
                data_in[274]  transformation_block_inst/U8972  
                data_in[275]  transformation_block_inst/U9841  
                data_in[276]  transformation_block_inst/U9407  
                data_in[277]  transformation_block_inst/U10355  
                data_in[278]  transformation_block_inst/U9400  
                data_in[279]  transformation_block_inst/U10376  
                data_in[280]  transformation_block_inst/U10360  
                data_in[281]  transformation_block_inst/U10359  
                data_in[282]  transformation_block_inst/U8985  
                data_in[283]  transformation_block_inst/U10366  
                data_in[284]  transformation_block_inst/U8980  
                data_in[285]  transformation_block_inst/U9393  
                data_in[286]  transformation_block_inst/U9390  
                data_in[287]  transformation_block_inst/U9389  
                data_in[288]  transformation_block_inst/U9385  
                data_in[289]  transformation_block_inst/U9383  
                data_in[290]  transformation_block_inst/U699  
                data_in[291]  transformation_block_inst/U9000  
                data_in[292]  transformation_block_inst/U7779  
                data_in[293]  transformation_block_inst/U8995  
                data_in[294]  transformation_block_inst/U8992  
                data_in[295]  transformation_block_inst/U9381  
                data_in[296]  transformation_block_inst/U9380  
                data_in[297]  transformation_block_inst/U10506  
                data_in[298]  transformation_block_inst/U9377  
                data_in[299]  transformation_block_inst/U9376  
                data_in[300]  transformation_block_inst/FE_DBTC27_data_in_35__0  
                data_in[301]  transformation_block_inst/U9009  
                data_in[302]  transformation_block_inst/U9007  
                data_in[303]  transformation_block_inst/U10410  
                data_in[304]  transformation_block_inst/U9005  
                data_in[305]  transformation_block_inst/U10440  
                data_in[306]  transformation_block_inst/U9371  
                data_in[307]  transformation_block_inst/U9369  
                data_in[308]  transformation_block_inst/U9366  
                data_in[309]  transformation_block_inst/U10090  
                data_in[310]  transformation_block_inst/U10099  
                data_in[311]  transformation_block_inst/U9018  
                data_in[312]  transformation_block_inst/U9016  
                data_in[313]  transformation_block_inst/U9845  
                data_in[314]  transformation_block_inst/U9011  
                data_in[315]  transformation_block_inst/U1307  
                data_in[316]  transformation_block_inst/U1297  
                data_in[317]  transformation_block_inst/U9361  
                data_in[318]  transformation_block_inst/U10094  
                data_in[319]  transformation_block_inst/U9357  
                data_in[320]  transformation_block_inst/U9034  
                data_in[321]  transformation_block_inst/U9031  
                data_in[322]  transformation_block_inst/U9027  
                data_in[323]  transformation_block_inst/U10416  
                data_in[324]  transformation_block_inst/U9775  
                data_in[325]  transformation_block_inst/U693  
                data_in[326]  transformation_block_inst/U10414  
                data_in[327]  transformation_block_inst/U10432  
                data_in[328]  transformation_block_inst/U9349  
                data_in[329]  transformation_block_inst/U9790  
                data_in[330]  transformation_block_inst/U697  
                data_in[331]  transformation_block_inst/U9042  
                data_in[332]  transformation_block_inst/U8224  
                data_in[333]  transformation_block_inst/U8218  
                data_in[334]  transformation_block_inst/U8222  
                data_in[335]  transformation_block_inst/U9769  
                data_in[336]  transformation_block_inst/U9342  
                data_in[337]  transformation_block_inst/U9788  
                data_in[338]  transformation_block_inst/U9799  
                data_in[339]  transformation_block_inst/U9785  
                data_in[340]  transformation_block_inst/U9908  
                data_in[341]  transformation_block_inst/U9931  
                data_in[342]  transformation_block_inst/U9909  
                data_in[343]  transformation_block_inst/U10212  
                data_in[344]  transformation_block_inst/U10239  
                data_in[345]  transformation_block_inst/U690  
                data_in[346]  transformation_block_inst/U4689  
                data_in[347]  transformation_block_inst/U311  
                data_in[348]  transformation_block_inst/U9332  
                data_in[349]  transformation_block_inst/U9917  
                data_in[350]  transformation_block_inst/U9062  
                data_in[351]  transformation_block_inst/U9922  
                data_in[352]  transformation_block_inst/U10502  
                data_in[353]  transformation_block_inst/U9054  
                data_in[354]  transformation_block_inst/U10489  
                data_in[355]  transformation_block_inst/U9327  
                data_in[356]  transformation_block_inst/U696  
                data_in[357]  transformation_block_inst/U9921  
                data_in[358]  transformation_block_inst/U9757  
                data_in[359]  transformation_block_inst/U9318  
                data_in[360]  transformation_block_inst/U9072  
                data_in[361]  transformation_block_inst/U9070  
                data_in[362]  transformation_block_inst/U9068  
                data_in[363]  transformation_block_inst/U9066  
                data_in[364]  transformation_block_inst/U9065  
                data_in[365]  transformation_block_inst/FE_RC_17302_0  
                data_in[366]  transformation_block_inst/U10016  
                data_in[367]  transformation_block_inst/U8357  
                data_in[368]  transformation_block_inst/U8361  
                data_in[369]  transformation_block_inst/U8359  
                data_in[370]  transformation_block_inst/U576  
                data_in[371]  transformation_block_inst/U10058  
                data_in[372]  transformation_block_inst/U10069  
                data_in[373]  transformation_block_inst/U7619  
                data_in[374]  transformation_block_inst/U10022  
                data_in[375]  transformation_block_inst/U10498  
                data_in[376]  transformation_block_inst/U9308  
                data_in[377]  transformation_block_inst/U9306  
                data_in[378]  transformation_block_inst/U10493  
                data_in[379]  transformation_block_inst/U9302  
                data_in[380]  transformation_block_inst/U314  
                data_in[381]  FE_OCPC1822_data_in_19__1  
                data_in[382]  transformation_block_inst/U10044  
                data_in[383]  transformation_block_inst/U5208  
                data_in[384]  transformation_block_inst/U5209  
                data_in[385]  transformation_block_inst/U9301  
                data_in[386]  transformation_block_inst/U6567  
                data_in[387]  transformation_block_inst/U9298  
                data_in[388]  transformation_block_inst/U9296  
                data_in[389]  transformation_block_inst/U9294  
                data_in[390]  transformation_block_inst/U10188  
                data_in[391]  transformation_block_inst/U9097  
                data_in[392]  transformation_block_inst/U10192  
                data_in[393]  transformation_block_inst/U9094  
                data_in[394]  transformation_block_inst/U9767  
                data_in[395]  transformation_block_inst/U9291  
                data_in[396]  transformation_block_inst/U9289  
                data_in[397]  transformation_block_inst/U10086  
                data_in[398]  transformation_block_inst/U9286  
                data_in[399]  transformation_block_inst/FE_DBTC31_data_in_16__4  
                data_in[400]  transformation_block_inst/U10198  
                data_in[401]  transformation_block_inst/U9106  
                data_in[402]  transformation_block_inst/FE_OCPC3745_data_in_15__2  
                data_in[403]  transformation_block_inst/FE_OCPC3882_data_in_15__3  
                data_in[404]  transformation_block_inst/U10204  
                data_in[405]  transformation_block_inst/FE_OFC6228_data_in_14__0  
                data_in[406]  transformation_block_inst/U9797  
                data_in[407]  transformation_block_inst/U10088  
                data_in[408]  transformation_block_inst/U9274  
                data_in[409]  transformation_block_inst/U10080  
                data_in[410]  transformation_block_inst/U9755  
                data_in[411]  transformation_block_inst/U9963  
                data_in[412]  transformation_block_inst/U9113  
                data_in[413]  transformation_block_inst/U9112  
                data_in[414]  transformation_block_inst/FE_DBTC32_data_in_13__4  
                data_in[415]  transformation_block_inst/U9268  
                data_in[416]  transformation_block_inst/U9265  
                data_in[417]  transformation_block_inst/U9952  
                data_in[418]  transformation_block_inst/U9974  
                data_in[419]  transformation_block_inst/U9967  
                data_in[420]  transformation_block_inst/U9129  
                data_in[421]  transformation_block_inst/U9972  
                data_in[422]  transformation_block_inst/U9123  
                data_in[423]  transformation_block_inst/FE_OCPC3965_data_in_11__3  
                data_in[424]  transformation_block_inst/U9118  
                data_in[425]  transformation_block_inst/U10267  
                data_in[426]  transformation_block_inst/U9257  
                data_in[427]  transformation_block_inst/U8477  
                data_in[428]  transformation_block_inst/U9255  
                data_in[429]  transformation_block_inst/U10217  
                data_in[430]  transformation_block_inst/U10281  
                data_in[431]  transformation_block_inst/U5418  
                data_in[432]  transformation_block_inst/U9139  
                data_in[433]  transformation_block_inst/U10283  
                data_in[434]  transformation_block_inst/U9132  
                data_in[435]  transformation_block_inst/U10229  
                data_in[436]  transformation_block_inst/U10231  
                data_in[437]  transformation_block_inst/U9242  
                data_in[438]  transformation_block_inst/U9240  
                data_in[439]  transformation_block_inst/U9238  
                data_in[440]  transformation_block_inst/U1313  
                data_in[441]  transformation_block_inst/U10225  
                data_in[442]  transformation_block_inst/U9148  
                data_in[443]  transformation_block_inst/U9146  
                data_in[444]  transformation_block_inst/U9143  
                data_in[445]  transformation_block_inst/U9235  
                data_in[446]  transformation_block_inst/U303  
                data_in[447]  transformation_block_inst/U9230  
                data_in[448]  transformation_block_inst/U9227  
                data_in[449]  transformation_block_inst/U10233  
                data_in[450]  transformation_block_inst/U9159  
                data_in[451]  transformation_block_inst/U9825  
                data_in[452]  transformation_block_inst/U9823  
                data_in[453]  transformation_block_inst/U10294  
                data_in[454]  transformation_block_inst/U10290  
                data_in[455]  transformation_block_inst/U10242  
                data_in[456]  transformation_block_inst/U10269  
                data_in[457]  transformation_block_inst/U10245  
                data_in[458]  transformation_block_inst/U9215  
                data_in[459]  transformation_block_inst/U9212  
                data_in[460]  transformation_block_inst/U9170  
                data_in[461]  transformation_block_inst/U9167  
                data_in[462]  transformation_block_inst/U9166  
                data_in[463]  transformation_block_inst/U10334  
                data_in[464]  transformation_block_inst/U10312  
                data_in[465]  transformation_block_inst/FE_DBTC34_data_in_2__0  
                data_in[466]  transformation_block_inst/U9209  
                data_in[467]  transformation_block_inst/U9206  
                data_in[468]  transformation_block_inst/FE_DBTC35_data_in_2__3  
                data_in[469]  transformation_block_inst/U9200  
                data_in[470]  transformation_block_inst/U8149  
                data_in[471]  transformation_block_inst/U8150  
                data_in[472]  transformation_block_inst/U8147  
                data_in[473]  transformation_block_inst/U8154  
                data_in[474]  transformation_block_inst/U8152  
                data_in[475]  transformation_block_inst/U10321  
                data_in[476]  transformation_block_inst/U10323  
                data_in[477]  transformation_block_inst/U10309  
                data_in[478]  transformation_block_inst/U9190  
                data_in[479]  transformation_block_inst/U9851  
                       start  transformation_block_inst/FE_RC_2_0  
                       reset  transformation_block_inst/scratchpad_inst_memory_reg_61__3_  
                         clk  transformation_block_inst/CTS_ccl_buf_00015  519  519  
# Pins: 
    ------------------------------
    Correctness of Pin Connectivity for All Instances
    ------------------------------
    # Floating Terms  0  
    # Output Term Marked Tie Hi/Lo  0  
    # Output Term Shorted to PG Net  0  72499  
# PG Pins: 
    ------------------------------
    Correctness of PG Pin Connectivity for All Instances
    ------------------------------
    # Instances that No Net Defined for Any PG Pin  0  
    # Floating PG Terms  0  
    # PG Pins Connect to Non-PG Net  0  
    # Power Pins Connect Ground Net  0  
    # Ground Pins Connect Power Net  0  108232  
Average Pins Per Net(Signal): 3.020  

==============================
General Library Information
==============================
# Routing Layers: 10  
# Masterslice Layers: 4  
# Pin Layers: 
    General Caution:
        1) Library have M1 and M2 pins, you should setPlaceMode -prerouteAsObs {1 2 3}                                 to ensure these pins are accessible after placement

    ------------------------------
    Pin Layers
    ------------------------------
    M2  
    M1  2  
# Layers: 
    ------------------------------
    Layer Pad Information
    ------------------------------
    Type  Routing  
    Wire Pitch X  0.320 um  
    Wire Pitch Y  0.320 um  
    Offset X  0.160 um  
    Offset Y  0.160 um  
    Wire Width  0.160 um  
    Spacing  8.000 um  
    ------------------------------
    Layer V9 Information
    ------------------------------
    Type  Cut  
    Wire Width  0.160 um  
    Vias  
        ------------------------------
        Via list in layer V9
        ------------------------------
                  Vias in V9  Default  
                     VIA9Pad      Yes  For complete list click here  
    Multiple Orientation Vias  CAUTION: There is only one default via in this layer  
    ------------------------------
    Layer M9 Information
    ------------------------------
    Type  Routing  
    Wire Pitch X  0.320 um  
    Wire Pitch Y  0.320 um  
    Offset X  0.160 um  
    Offset Y  0.160 um  
    Wire Width  0.160 um  
    Spacing  0.160 um  
    ------------------------------
    Layer V8 Information
    ------------------------------
    Type  Cut  
    Wire Width  0.160 um  
    Vias  
        ------------------------------
        Via list in layer V8
        ------------------------------
                  Vias in V8  Default  
                       VIA89      Yes  For complete list click here  
    Multiple Orientation Vias  CAUTION: There is only one default via in this layer  
    ------------------------------
    Layer M8 Information
    ------------------------------
    Type  Routing  
    Wire Pitch X  0.320 um  
    Wire Pitch Y  0.320 um  
    Offset X  0.160 um  
    Offset Y  0.160 um  
    Wire Width  0.160 um  
    Spacing  0.160 um  
    ------------------------------
    Layer V7 Information
    ------------------------------
    Type  Cut  
    Wire Width  0.128 um  
    Vias  
        ------------------------------
        Via list in layer V7
        ------------------------------
                  Vias in V7  Default  
                       VIA78      Yes  For complete list click here  
    Multiple Orientation Vias  CAUTION: There is only one default via in this layer  
    ------------------------------
    Layer M7 Information
    ------------------------------
    Type  Routing  
    Wire Pitch X  0.256 um  
    Wire Pitch Y  0.256 um  
    Offset X  0.128 um  
    Offset Y  0.128 um  
    Wire Width  0.128 um  
    Spacing  0.128 um  
    ------------------------------
    Layer V6 Information
    ------------------------------
    Type  Cut  
    Vias  
        ------------------------------
        Via list in layer V6
        ------------------------------
                  Vias in V6  Default  
                       VIA67      Yes  For complete list click here  
    Multiple Orientation Vias  CAUTION: There is only one default via in this layer  
    ------------------------------
    Layer M6 Information
    ------------------------------
    Type  Routing  
    Wire Pitch X  0.256 um  
    Wire Pitch Y  0.256 um  
    Offset X  0.128 um  
    Offset Y  0.128 um  
    Wire Width  0.128 um  
    Spacing  0.128 um  
    ------------------------------
    Layer V5 Information
    ------------------------------
    Type  Cut  
    Vias  
        ------------------------------
        Via list in layer V5
        ------------------------------
                  Vias in V5  Default  
                       VIA56      Yes  For complete list click here  
    Multiple Orientation Vias  CAUTION: There is only one default via in this layer  
    ------------------------------
    Layer M5 Information
    ------------------------------
    Type  Routing  
    Wire Pitch X  0.192 um  
    Wire Pitch Y  0.192 um  
    Wire Width  0.096 um  
    Spacing  0.096 um  
    ------------------------------
    Layer V4 Information
    ------------------------------
    Type  Cut  
    Vias  
        ------------------------------
        Via list in layer V4
        ------------------------------
                  Vias in V4  Default  
                       VIA45      Yes  For complete list click here  
    Multiple Orientation Vias  CAUTION: There is only one default via in this layer  
    ------------------------------
    Layer M4 Information
    ------------------------------
    Type  Routing  
    Wire Pitch X  0.192 um  
    Wire Pitch Y  0.192 um  
    Offset X  0.012 um  
    Offset Y  0.012 um  
    Wire Width  0.096 um  
    Spacing  0.096 um  
    ------------------------------
    Layer V3 Information
    ------------------------------
    Type  Cut  
    Vias  
        ------------------------------
        Via list in layer V3
        ------------------------------
                  Vias in V3  Default  
                       VIA34      Yes  For complete list click here  
    Multiple Orientation Vias  CAUTION: There is only one default via in this layer  
    ------------------------------
    Layer M3 Information
    ------------------------------
    Type  Routing  
    Wire Pitch X  0.144 um  
    Wire Pitch Y  0.144 um  
    Wire Width  0.072 um  
    Spacing  0.072 um  
    ------------------------------
    Layer V2 Information
    ------------------------------
    Type  Cut  
    Wire Width  0.072 um  
    Vias  
        ------------------------------
        Via list in layer V2
        ------------------------------
                  Vias in V2  Default  
                       VIA23      Yes  For complete list click here  
    Multiple Orientation Vias  CAUTION: There is only one default via in this layer  
    ------------------------------
    Layer M2 Information
    ------------------------------
    Type  Routing  
    Wire Pitch X  0.144 um  
    Wire Pitch Y  0.144 um  
    Wire Width  0.072 um  
    Spacing  0.072 um  
    ------------------------------
    Layer V1 Information
    ------------------------------
    Type  Cut  
    Wire Width  0.072 um  
    Vias  
        ------------------------------
        Via list in layer V1
        ------------------------------
                  Vias in V1  Default  
                       VIA12      Yes  For complete list click here  
    Multiple Orientation Vias  CAUTION: There is only one default via in this layer  
    ------------------------------
    Layer M1 Information
    ------------------------------
    Type  Routing  
    Wire Pitch X  0.144 um  
    Wire Pitch Y  0.144 um  
    Wire Width  0.072 um  
    Spacing  0.072 um  
    ------------------------------
    Layer V0 Information
    ------------------------------
    Type  Cut  
    Wire Width  0.072 um  
    Vias  
        ------------------------------
        Via list in layer V0
        ------------------------------  
    ------------------------------
    Layer Active Information
    ------------------------------
    Type  Masterslice  
    ------------------------------
    Layer Gate Information
    ------------------------------
    Type  Masterslice  
    ------------------------------
    Layer OVERLAP Information
    ------------------------------
    Type  Overlap  25  
# Pins without Physical Port: 0  
# Pins in Library without Timing Lib: 0  
# Pins Missing Direction: 0  
Antenna Summary Report: 
    General Caution:
        1) All Antenna Constructs are absent for the layer section of LEF.
        2) All Antenna Constructs are absent for the macro section of LEF.For more information click here  
# Cells Missing LEF Info: 0  
# Cells with Dimension Errors: 
    ------------------------------
    Size of cell is not an integer multiple of its site
    ------------------------------
               Cell Name        Tech Site name  
    ICGx2p67DC_ASAP7_75t_R           asap7sc7p5t  
     ICGx4DC_ASAP7_75t_R           asap7sc7p5t  
    ICGx5p33DC_ASAP7_75t_R           asap7sc7p5t  
    ICGx6p67DC_ASAP7_75t_R           asap7sc7p5t  
     ICGx8DC_ASAP7_75t_R           asap7sc7p5t  5  

==============================
Netlist Information
==============================
# HFO (>200) Nets: 0  
# No-driven Nets: 21  
    General Caution:
        1) TODO
    No-driven Nets  
    transformation_block_inst/dot_product_1  
    transformation_block_inst/dot_product_3  
    SYNOPSYS_UNCONNECTED__8  
    SYNOPSYS_UNCONNECTED__7  
    SYNOPSYS_UNCONNECTED__6  
    SYNOPSYS_UNCONNECTED__5  
    SYNOPSYS_UNCONNECTED__4  
    SYNOPSYS_UNCONNECTED__3  
    SYNOPSYS_UNCONNECTED__2  
    SYNOPSYS_UNCONNECTED__1  
    SYNOPSYS_UNCONNECTED__0  
    read_address_10_  
    read_address[3]  
    read_address[4]  
    read_address[5]  
    read_address[6]  
    read_address[7]  
    read_address[8]  
    read_address[11]  
    read_address[12]  
    transformation_block_inst/FE_OCPN68_data_in_81__0  
# Multi-driven Nets: 0  
# Assign Statements: 0  
Is Design Uniquified: YES  
# Pins in Netlist without timing lib: 0  

==============================

==============================
: Internal  External  
No of Nets:      23985           0  
No of Connections:      49033           0  
Total Net Length (X): 1.8172e+05  0.0000e+00  
Total Net Length (Y): 1.8695e+05  0.0000e+00  
Total Net Length: 3.6866e+05  0.0000e+00  

==============================
Timing Information
==============================
# Clocks in design: 
    ------------------------------
    Clocks in Design
    ------------------------------
    default_hold_view/clk  
    default_setup_view/clk  2  
# Generated clocks: 0  
# "dont_use" cells from .libs: 0  
# "dont_touch" cells from .libs: 0  
# Cells in .lib with max_tran: 
    ------------------------------
    Cell List with max_tran
    ------------------------------
               Cell Name  Max Transition (ps)  
    A2O1A1Ixp33_ASAP7_75t_R  320  
    A2O1A1O1Ixp25_ASAP7_75t_R  320  
      AND2x2_ASAP7_75t_R  4000  
      AND2x4_ASAP7_75t_R  4000  
      AND2x6_ASAP7_75t_R  4000  
      AND3x1_ASAP7_75t_R  4000  
      AND3x2_ASAP7_75t_R  4000  
      AND3x4_ASAP7_75t_R  4000  
      AND4x1_ASAP7_75t_R  4000  
      AND4x2_ASAP7_75t_R  4000  
      AND5x1_ASAP7_75t_R  4000  
      AND5x2_ASAP7_75t_R  4000  
     AO211x2_ASAP7_75t_R  320  
      AO21x1_ASAP7_75t_R  320  
      AO21x2_ASAP7_75t_R  320  
     AO221x1_ASAP7_75t_R  320  
     AO221x2_ASAP7_75t_R  320  
     AO222x2_ASAP7_75t_R  320  
      AO22x1_ASAP7_75t_R  320  
      AO22x2_ASAP7_75t_R  320  
      AO31x2_ASAP7_75t_R  320  
     AO322x2_ASAP7_75t_R  320  
      AO32x1_ASAP7_75t_R  320  
      AO32x2_ASAP7_75t_R  320  
     AO331x1_ASAP7_75t_R  320  
     AO331x2_ASAP7_75t_R  320  
     AO332x1_ASAP7_75t_R  320  
     AO332x2_ASAP7_75t_R  320  
     AO333x1_ASAP7_75t_R  320  
     AO333x2_ASAP7_75t_R  320  
      AO33x2_ASAP7_75t_R  320  
    AOI211x1_ASAP7_75t_R  320  
    AOI211xp5_ASAP7_75t_R  320  
     AOI21x1_ASAP7_75t_R  320  
    AOI21xp33_ASAP7_75t_R  320  
    AOI21xp5_ASAP7_75t_R  320  
    AOI221x1_ASAP7_75t_R  320  
    AOI221xp5_ASAP7_75t_R  320  
    AOI222xp33_ASAP7_75t_R  320  
     AOI22x1_ASAP7_75t_R  320  
    AOI22xp33_ASAP7_75t_R  320  
    AOI22xp5_ASAP7_75t_R  320  
    AOI311xp33_ASAP7_75t_R  320  
    AOI31xp33_ASAP7_75t_R  320  
    AOI31xp67_ASAP7_75t_R  320  
    AOI321xp33_ASAP7_75t_R  320  
    AOI322xp5_ASAP7_75t_R  320  
    AOI32xp33_ASAP7_75t_R  320  
    AOI331xp33_ASAP7_75t_R  320  
    AOI332xp33_ASAP7_75t_R  320  
    AOI333xp33_ASAP7_75t_R  320  
    AOI33xp33_ASAP7_75t_R  320  
    ASYNC_DFFHx1_ASAP7_75t_R  320  
      BUFx10_ASAP7_75t_R  320  
      BUFx12_ASAP7_75t_R  320  
     BUFx12f_ASAP7_75t_R  320  
     BUFx16f_ASAP7_75t_R  320  
      BUFx24_ASAP7_75t_R  320  
       BUFx2_ASAP7_75t_R  320  
       BUFx3_ASAP7_75t_R  320  
       BUFx4_ASAP7_75t_R  320  
      BUFx4f_ASAP7_75t_R  320  
       BUFx5_ASAP7_75t_R  320  
      BUFx6f_ASAP7_75t_R  320  
       BUFx8_ASAP7_75t_R  320  
    CKINVDCx10_ASAP7_75t_R  320  
    CKINVDCx11_ASAP7_75t_R  320  
    CKINVDCx12_ASAP7_75t_R  320  
    CKINVDCx14_ASAP7_75t_R  320  
    CKINVDCx16_ASAP7_75t_R  320  
    CKINVDCx20_ASAP7_75t_R  320  
    CKINVDCx5p33_ASAP7_75t_R  320  
    CKINVDCx6p67_ASAP7_75t_R  320  
    CKINVDCx8_ASAP7_75t_R  320  
    CKINVDCx9p33_ASAP7_75t_R  320  
    DFFHQNx1_ASAP7_75t_R  320  
    DFFHQNx2_ASAP7_75t_R  320  
    DFFHQNx3_ASAP7_75t_R  320  
     DFFHQx4_ASAP7_75t_R  320  
    DFFLQNx1_ASAP7_75t_R  320  
    DFFLQNx2_ASAP7_75t_R  320  
    DFFLQNx3_ASAP7_75t_R  320  
     DFFLQx4_ASAP7_75t_R  320  
       DHLx1_ASAP7_75t_R  320  
       DHLx2_ASAP7_75t_R  320  
       DHLx3_ASAP7_75t_R  320  
       DLLx1_ASAP7_75t_R  320  
       DLLx2_ASAP7_75t_R  320  
       DLLx3_ASAP7_75t_R  320  
        FAx1_ASAP7_75t_R  4000  
       HAxp5_ASAP7_75t_R  4000  
     HB1xp67_ASAP7_75t_R  320  
     HB2xp67_ASAP7_75t_R  320  
     HB3xp67_ASAP7_75t_R  320  
     HB4xp67_ASAP7_75t_R  320  
       ICGx1_ASAP7_75t_R  320  
       ICGx2_ASAP7_75t_R  320  
    ICGx2p67DC_ASAP7_75t_R  320  
       ICGx3_ASAP7_75t_R  320  
     ICGx4DC_ASAP7_75t_R  320  
       ICGx4_ASAP7_75t_R  320  
       ICGx5_ASAP7_75t_R  320  
    ICGx5p33DC_ASAP7_75t_R  320  
    ICGx6p67DC_ASAP7_75t_R  320  
     ICGx8DC_ASAP7_75t_R  320  
      INVx11_ASAP7_75t_R  320  
      INVx13_ASAP7_75t_R  320  
       INVx1_ASAP7_75t_R  320  
       INVx2_ASAP7_75t_R  320  
       INVx3_ASAP7_75t_R  320  
       INVx4_ASAP7_75t_R  320  
       INVx5_ASAP7_75t_R  320  
       INVx6_ASAP7_75t_R  320  
       INVx8_ASAP7_75t_R  320  
     INVxp33_ASAP7_75t_R  320  
     INVxp67_ASAP7_75t_R  320  
     MAJIxp5_ASAP7_75t_R  4000  
       MAJx2_ASAP7_75t_R  4000  
       MAJx3_ASAP7_75t_R  4000  
     NAND2x1_ASAP7_75t_R  4000  
    NAND2x1p5_ASAP7_75t_R  4000  
     NAND2x2_ASAP7_75t_R  4000  
    NAND2xp33_ASAP7_75t_R  4000  
    NAND2xp5_ASAP7_75t_R  4000  
    NAND2xp67_ASAP7_75t_R  4000  
     NAND3x1_ASAP7_75t_R  4000  
     NAND3x2_ASAP7_75t_R  4000  
    NAND3xp33_ASAP7_75t_R  4000  
    NAND4xp25_ASAP7_75t_R  4000  
    NAND4xp75_ASAP7_75t_R  4000  
    NAND5xp2_ASAP7_75t_R  4000  
      NOR2x1_ASAP7_75t_R  4000  
    NOR2x1p5_ASAP7_75t_R  4000  
      NOR2x2_ASAP7_75t_R  4000  
    NOR2xp33_ASAP7_75t_R  4000  
    NOR2xp67_ASAP7_75t_R  4000  
      NOR3x1_ASAP7_75t_R  4000  
      NOR3x2_ASAP7_75t_R  4000  
    NOR3xp33_ASAP7_75t_R  4000  
    NOR4xp25_ASAP7_75t_R  4000  
    NOR4xp75_ASAP7_75t_R  4000  
     NOR5xp2_ASAP7_75t_R  4000  
    O2A1O1Ixp33_ASAP7_75t_R  320  
    O2A1O1Ixp5_ASAP7_75t_R  320  
     OA211x2_ASAP7_75t_R  320  
      OA21x2_ASAP7_75t_R  320  
     OA221x2_ASAP7_75t_R  320  
     OA222x2_ASAP7_75t_R  320  
      OA22x2_ASAP7_75t_R  320  
      OA31x2_ASAP7_75t_R  320  
     OA331x1_ASAP7_75t_R  320  
     OA331x2_ASAP7_75t_R  320  
     OA332x1_ASAP7_75t_R  320  
     OA332x2_ASAP7_75t_R  320  
     OA333x1_ASAP7_75t_R  320  
     OA333x2_ASAP7_75t_R  320  
      OA33x2_ASAP7_75t_R  320  
    OAI211xp5_ASAP7_75t_R  320  
     OAI21x1_ASAP7_75t_R  320  
    OAI21xp33_ASAP7_75t_R  320  
    OAI21xp5_ASAP7_75t_R  320  
    OAI221xp5_ASAP7_75t_R  320  
    OAI222xp33_ASAP7_75t_R  320  
     OAI22x1_ASAP7_75t_R  320  
    OAI22xp33_ASAP7_75t_R  320  
    OAI22xp5_ASAP7_75t_R  320  
    OAI311xp33_ASAP7_75t_R  320  
    OAI31xp33_ASAP7_75t_R  320  
    OAI31xp67_ASAP7_75t_R  320  
    OAI321xp33_ASAP7_75t_R  320  
    OAI322xp33_ASAP7_75t_R  320  
    OAI32xp33_ASAP7_75t_R  320  
    OAI331xp33_ASAP7_75t_R  320  
    OAI332xp33_ASAP7_75t_R  320  
    OAI333xp33_ASAP7_75t_R  320  
    OAI33xp33_ASAP7_75t_R  320  
       OR2x2_ASAP7_75t_R  4000  
       OR2x4_ASAP7_75t_R  4000  
       OR2x6_ASAP7_75t_R  4000  
       OR3x1_ASAP7_75t_R  4000  
       OR3x2_ASAP7_75t_R  4000  
       OR3x4_ASAP7_75t_R  4000  
       OR4x1_ASAP7_75t_R  4000  
       OR4x2_ASAP7_75t_R  4000  
       OR5x1_ASAP7_75t_R  4000  
       OR5x2_ASAP7_75t_R  4000  
      SDFHx1_ASAP7_75t_R  320  
      SDFHx2_ASAP7_75t_R  320  
      SDFHx3_ASAP7_75t_R  320  
      SDFHx4_ASAP7_75t_R  320  
      SDFLx1_ASAP7_75t_R  320  
      SDFLx2_ASAP7_75t_R  320  
      SDFLx3_ASAP7_75t_R  320  
      SDFLx4_ASAP7_75t_R  320  
     TIEHIx1_ASAP7_75t_R  4000  
     TIELOx1_ASAP7_75t_R  4000  
     XNOR2x1_ASAP7_75t_R  4000  
     XNOR2x2_ASAP7_75t_R  4000  
    XNOR2xp5_ASAP7_75t_R  4000  
      XOR2x1_ASAP7_75t_R  4000  
      XOR2x2_ASAP7_75t_R  4000  
     XOR2xp5_ASAP7_75t_R  4000  202  
# Cells in .lib with max_cap: 
    ------------------------------
    Cell List with max_cap
    ------------------------------
               Cell Name  Max Capacitance (pf)  
    A2O1A1Ixp33_ASAP7_75t_R  0.023040  
    A2O1A1O1Ixp25_ASAP7_75t_R  0.023040  
      AND2x2_ASAP7_75t_R  0.092160  
      AND2x4_ASAP7_75t_R  0.184320  
      AND2x6_ASAP7_75t_R  0.368640  
      AND3x1_ASAP7_75t_R  0.046080  
      AND3x2_ASAP7_75t_R  0.092160  
      AND3x4_ASAP7_75t_R  0.184320  
      AND4x1_ASAP7_75t_R  0.046080  
      AND4x2_ASAP7_75t_R  0.092160  
      AND5x1_ASAP7_75t_R  0.368640  
      AND5x2_ASAP7_75t_R  0.368640  
     AO211x2_ASAP7_75t_R  0.092160  
      AO21x1_ASAP7_75t_R  0.046080  
      AO21x2_ASAP7_75t_R  0.092160  
     AO221x1_ASAP7_75t_R  0.046080  
     AO221x2_ASAP7_75t_R  0.092160  
     AO222x2_ASAP7_75t_R  0.092160  
      AO22x1_ASAP7_75t_R  0.046080  
      AO22x2_ASAP7_75t_R  0.092160  
      AO31x2_ASAP7_75t_R  0.092160  
     AO322x2_ASAP7_75t_R  0.092160  
      AO32x1_ASAP7_75t_R  0.046080  
      AO32x2_ASAP7_75t_R  0.092160  
     AO331x1_ASAP7_75t_R  0.046080  
     AO331x2_ASAP7_75t_R  0.092160  
     AO332x1_ASAP7_75t_R  0.046080  
     AO332x2_ASAP7_75t_R  0.092160  
     AO333x1_ASAP7_75t_R  0.046080  
     AO333x2_ASAP7_75t_R  0.092160  
      AO33x2_ASAP7_75t_R  0.092160  
    AOI211x1_ASAP7_75t_R  0.046080  
    AOI211xp5_ASAP7_75t_R  0.023040  
     AOI21x1_ASAP7_75t_R  0.023040  
    AOI21xp33_ASAP7_75t_R  0.023040  
    AOI21xp5_ASAP7_75t_R  0.023040  
    AOI221x1_ASAP7_75t_R  0.046080  
    AOI221xp5_ASAP7_75t_R  0.023040  
    AOI222xp33_ASAP7_75t_R  0.023040  
     AOI22x1_ASAP7_75t_R  0.046080  
    AOI22xp33_ASAP7_75t_R  0.023040  
    AOI22xp5_ASAP7_75t_R  0.023040  
    AOI311xp33_ASAP7_75t_R  0.023040  
    AOI31xp33_ASAP7_75t_R  0.023040  
    AOI31xp67_ASAP7_75t_R  0.023040  
    AOI321xp33_ASAP7_75t_R  0.023040  
    AOI322xp5_ASAP7_75t_R  0.023040  
    AOI32xp33_ASAP7_75t_R  0.023040  
    AOI331xp33_ASAP7_75t_R  0.023040  
    AOI332xp33_ASAP7_75t_R  0.023040  
    AOI333xp33_ASAP7_75t_R  0.023040  
    AOI33xp33_ASAP7_75t_R  0.023040  
    ASYNC_DFFHx1_ASAP7_75t_R  0.046080  
      BUFx10_ASAP7_75t_R  0.368640  
      BUFx12_ASAP7_75t_R  0.368640  
     BUFx12f_ASAP7_75t_R  0.368640  
     BUFx16f_ASAP7_75t_R  0.737280  
      BUFx24_ASAP7_75t_R  1.474560  
       BUFx2_ASAP7_75t_R  0.092160  
       BUFx3_ASAP7_75t_R  0.092160  
       BUFx4_ASAP7_75t_R  0.184320  
      BUFx4f_ASAP7_75t_R  0.184320  
       BUFx5_ASAP7_75t_R  0.184320  
      BUFx6f_ASAP7_75t_R  0.184320  
       BUFx8_ASAP7_75t_R  0.368640  
    CKINVDCx10_ASAP7_75t_R  0.737280  
    CKINVDCx11_ASAP7_75t_R  0.737280  
    CKINVDCx12_ASAP7_75t_R  0.737280  
    CKINVDCx14_ASAP7_75t_R  0.737280  
    CKINVDCx16_ASAP7_75t_R  0.737280  
    CKINVDCx20_ASAP7_75t_R  0.737280  
    CKINVDCx5p33_ASAP7_75t_R  0.184320  
    CKINVDCx6p67_ASAP7_75t_R  0.368640  
    CKINVDCx8_ASAP7_75t_R  0.368640  
    CKINVDCx9p33_ASAP7_75t_R  0.368640  
    DFFHQNx1_ASAP7_75t_R  0.046080  
    DFFHQNx2_ASAP7_75t_R  0.092160  
    DFFHQNx3_ASAP7_75t_R  0.092160  
     DFFHQx4_ASAP7_75t_R  0.092160  
    DFFLQNx1_ASAP7_75t_R  0.046080  
    DFFLQNx2_ASAP7_75t_R  0.092160  
    DFFLQNx3_ASAP7_75t_R  0.092160  
     DFFLQx4_ASAP7_75t_R  0.184320  
       DHLx1_ASAP7_75t_R  0.046080  
       DHLx2_ASAP7_75t_R  0.092160  
       DHLx3_ASAP7_75t_R  0.092160  
       DLLx1_ASAP7_75t_R  0.046080  
       DLLx2_ASAP7_75t_R  0.092160  
       DLLx3_ASAP7_75t_R  0.092160  
        FAx1_ASAP7_75t_R  0.046080  
       HAxp5_ASAP7_75t_R  0.023040  
     HB1xp67_ASAP7_75t_R  0.023040  
     HB2xp67_ASAP7_75t_R  0.023040  
     HB3xp67_ASAP7_75t_R  0.023040  
     HB4xp67_ASAP7_75t_R  0.023040  
       ICGx1_ASAP7_75t_R  0.046080  
       ICGx2_ASAP7_75t_R  0.092160  
    ICGx2p67DC_ASAP7_75t_R  0.092160  
       ICGx3_ASAP7_75t_R  0.092160  
     ICGx4DC_ASAP7_75t_R  0.092160  
       ICGx4_ASAP7_75t_R  0.092160  
       ICGx5_ASAP7_75t_R  0.092160  
    ICGx5p33DC_ASAP7_75t_R  0.092160  
    ICGx6p67DC_ASAP7_75t_R  0.092160  
     ICGx8DC_ASAP7_75t_R  0.092160  
      INVx11_ASAP7_75t_R  0.368640  
      INVx13_ASAP7_75t_R  0.737280  
       INVx1_ASAP7_75t_R  0.046080  
       INVx2_ASAP7_75t_R  0.092160  
       INVx3_ASAP7_75t_R  0.092160  
       INVx4_ASAP7_75t_R  0.184320  
       INVx5_ASAP7_75t_R  0.184320  
       INVx6_ASAP7_75t_R  0.368640  
       INVx8_ASAP7_75t_R  0.368640  
     INVxp33_ASAP7_75t_R  0.023040  
     INVxp67_ASAP7_75t_R  0.023040  
     MAJIxp5_ASAP7_75t_R  0.023040  
       MAJx2_ASAP7_75t_R  0.092160  
       MAJx3_ASAP7_75t_R  0.092160  
     NAND2x1_ASAP7_75t_R  0.046080  
    NAND2x1p5_ASAP7_75t_R  0.023040  
     NAND2x2_ASAP7_75t_R  0.092160  
    NAND2xp33_ASAP7_75t_R  0.023040  
    NAND2xp5_ASAP7_75t_R  0.023040  
    NAND2xp67_ASAP7_75t_R  0.046080  
     NAND3x1_ASAP7_75t_R  0.046080  
     NAND3x2_ASAP7_75t_R  0.092160  
    NAND3xp33_ASAP7_75t_R  0.023040  
    NAND4xp25_ASAP7_75t_R  0.023040  
    NAND4xp75_ASAP7_75t_R  0.046080  
    NAND5xp2_ASAP7_75t_R  0.092160  
      NOR2x1_ASAP7_75t_R  0.046080  
    NOR2x1p5_ASAP7_75t_R  0.092160  
      NOR2x2_ASAP7_75t_R  0.092160  
    NOR2xp33_ASAP7_75t_R  0.023040  
    NOR2xp67_ASAP7_75t_R  0.046080  
      NOR3x1_ASAP7_75t_R  0.046080  
      NOR3x2_ASAP7_75t_R  0.092160  
    NOR3xp33_ASAP7_75t_R  0.023040  
    NOR4xp25_ASAP7_75t_R  0.023040  
    NOR4xp75_ASAP7_75t_R  0.046080  
     NOR5xp2_ASAP7_75t_R  0.023040  
    O2A1O1Ixp33_ASAP7_75t_R  0.023040  
    O2A1O1Ixp5_ASAP7_75t_R  0.023040  
     OA211x2_ASAP7_75t_R  0.092160  
      OA21x2_ASAP7_75t_R  0.092160  
     OA221x2_ASAP7_75t_R  0.092160  
     OA222x2_ASAP7_75t_R  0.092160  
      OA22x2_ASAP7_75t_R  0.092160  
      OA31x2_ASAP7_75t_R  0.092160  
     OA331x1_ASAP7_75t_R  0.046080  
     OA331x2_ASAP7_75t_R  0.092160  
     OA332x1_ASAP7_75t_R  0.046080  
     OA332x2_ASAP7_75t_R  0.092160  
     OA333x1_ASAP7_75t_R  0.046080  
     OA333x2_ASAP7_75t_R  0.092160  
      OA33x2_ASAP7_75t_R  0.092160  
    OAI211xp5_ASAP7_75t_R  0.023040  
     OAI21x1_ASAP7_75t_R  0.046080  
    OAI21xp33_ASAP7_75t_R  0.023040  
    OAI21xp5_ASAP7_75t_R  0.023040  
    OAI221xp5_ASAP7_75t_R  0.023040  
    OAI222xp33_ASAP7_75t_R  0.023040  
     OAI22x1_ASAP7_75t_R  0.046080  
    OAI22xp33_ASAP7_75t_R  0.023040  
    OAI22xp5_ASAP7_75t_R  0.023040  
    OAI311xp33_ASAP7_75t_R  0.023040  
    OAI31xp33_ASAP7_75t_R  0.023040  
    OAI31xp67_ASAP7_75t_R  0.023040  
    OAI321xp33_ASAP7_75t_R  0.023040  
    OAI322xp33_ASAP7_75t_R  0.023040  
    OAI32xp33_ASAP7_75t_R  0.023040  
    OAI331xp33_ASAP7_75t_R  0.023040  
    OAI332xp33_ASAP7_75t_R  0.023040  
    OAI333xp33_ASAP7_75t_R  0.023040  
    OAI33xp33_ASAP7_75t_R  0.023040  
       OR2x2_ASAP7_75t_R  0.092160  
       OR2x4_ASAP7_75t_R  0.184320  
       OR2x6_ASAP7_75t_R  0.184320  
       OR3x1_ASAP7_75t_R  0.046080  
       OR3x2_ASAP7_75t_R  0.092160  
       OR3x4_ASAP7_75t_R  0.184320  
       OR4x1_ASAP7_75t_R  0.046080  
       OR4x2_ASAP7_75t_R  0.092160  
       OR5x1_ASAP7_75t_R  0.046080  
       OR5x2_ASAP7_75t_R  0.092160  
      SDFHx1_ASAP7_75t_R  0.046080  
      SDFHx2_ASAP7_75t_R  0.092160  
      SDFHx3_ASAP7_75t_R  0.092160  
      SDFHx4_ASAP7_75t_R  0.184320  
      SDFLx1_ASAP7_75t_R  0.046080  
      SDFLx2_ASAP7_75t_R  0.092160  
      SDFLx3_ASAP7_75t_R  0.092160  
      SDFLx4_ASAP7_75t_R  0.184320  
     XNOR2x1_ASAP7_75t_R  0.046080  
     XNOR2x2_ASAP7_75t_R  0.092160  
    XNOR2xp5_ASAP7_75t_R  0.023040  
      XOR2x1_ASAP7_75t_R  0.046080  
      XOR2x2_ASAP7_75t_R  0.092160  
     XOR2xp5_ASAP7_75t_R  0.023040  200  
# Cells in .lib with max_fanout: 0  
SDC max_cap: N/A  
SDC max_tran: N/A  
SDC max_fanout: 16  
Default Ext. Scale Factor: 1.000  
Detail Ext. Scale Factor: 1.000  

==============================
Floorplan/Placement Information
==============================
Total area of Standard cells: 53765.908 um^2  
Total area of Standard cells(Subtracting Physical Cells): 41462.954 um^2  
Total area of Macros: 0.000 um^2  
Total area of Blockages: 0.000 um^2  
Total area of Pad cells: 0.000 um^2  
Total area of Core: 53782.548 um^2  
Total area of Chip: 58559.501 um^2  
Effective Utilization: 1.0000e+00  
Number of Cell Rows: 214  
% Pure Gate Density #1 (Subtracting BLOCKAGES): 99.969%  
% Pure Gate Density #2 (Subtracting BLOCKAGES and Physical Cells): 77.094%  
% Pure Gate Density #3 (Subtracting MACROS): 99.969%  
% Pure Gate Density #4 (Subtracting MACROS and Physical Cells): 77.094%  
% Pure Gate Density #5 (Subtracting MACROS and BLOCKAGES): 99.969%  
% Pure Gate Density #6 (Subtracting MACROS and BLOCKAGES for insts are not placed): 77.094%  
% Core Density (Counting Std Cells and MACROs): 99.969%  
% Core Density #2(Subtracting Physical Cells): 77.094%  
% Chip Density (Counting Std Cells and MACROs and IOs): 91.814%  
% Chip Density #2(Subtracting Physical Cells): 70.805%  
# Macros within 5 sites of IO pad: No  
Macro halo defined?: No  

==============================
Wire Length Distribution
==============================
Total M1 wire length: 4494.6440 um  
Total M2 wire length: 84348.9360 um  
Total M3 wire length: 104442.9840 um  
Total M4 wire length: 54098.1360 um  
Total M5 wire length: 46435.9320 um  
Total M6 wire length: 34981.4160 um  
Total M7 wire length: 21608.9280 um  
Total M8 wire length: 13640.6160 um  
Total M9 wire length: 19509.1440 um  
Total Pad wire length: 0.0000 um  
Total wire length: 383560.7360 um  
Average wire length/net: 15.9764 um  
Area of Power Net Distribution: 
    ------------------------------
    Area of Power Net Distribution
    ------------------------------
    Layer Name  Area of Power Net  Routable Area  Percentage  
    M1  1811.6525  53782.5485  3.3685%  
    M2  614.4428  53782.5485  1.1425%  
    M3  576.9055  53782.5485  1.0727%  
    M4  0.0000  53782.5485  0.0000%  
    M5  0.0000  53782.5485  0.0000%  
    M6  0.0000  53782.5485  0.0000%  
    M7  0.0000  53782.5485  0.0000%  
    M8  0.0000  53782.5485  0.0000%  
    M9  0.0000  53782.5485  0.0000%  
    Pad  0.0000  53782.5485  0.0000%  For more information click here  
