#-check_same_via_cell true               # bool, default=false, user setting
 *** Starting Verify DRC (MEM: 3553.2) ***

  VERIFY DRC ...... Starting Verification
  VERIFY DRC ...... Initializing
  VERIFY DRC ...... Deleting Existing Violations
  VERIFY DRC ...... Creating Sub-Areas
  VERIFY DRC ...... Using new threading
  VERIFY DRC ...... Sub-Area: {0.000 0.000 55.296 55.296} 1 of 16
  VERIFY DRC ...... Sub-Area : 1 complete 878 Viols.
  VERIFY DRC ...... Sub-Area: {55.296 0.000 110.592 55.296} 2 of 16
  VERIFY DRC ...... Sub-Area : 2 complete 81 Viols.
  VERIFY DRC ...... Sub-Area: {110.592 0.000 165.888 55.296} 3 of 16
  VERIFY DRC ...... Sub-Area : 3 complete 28 Viols.
  VERIFY DRC ...... Sub-Area: {165.888 0.000 218.016 55.296} 4 of 16
  VERIFY DRC ...... Sub-Area : 4 complete 7 Viols.
  VERIFY DRC ...... Sub-Area: {0.000 55.296 55.296 110.592} 5 of 16
  VERIFY DRC ...... Sub-Area : 5 complete 4 Viols.
  VERIFY DRC ...... Sub-Area: {55.296 55.296 110.592 110.592} 6 of 16
**WARN: (IMPVFG-1103):	VERIFY DRC did not complete: Number of violations exceeds the Error Limit [1000]

  Verification Complete : 1000 Viols.

 Violation Summary By Layer and Type:

	         OffGrd      Enc     Rect    outOD   WidTbl   Totals
	M2          362        0      244      121       16      743
	M3            2        0        0        0        0        2
	V3            0      227        0        0        0      227
	V5            0       28        0        0        0       28
	Totals      364      255      244      121       16     1000

 *** End Verify DRC (CPU TIME: 0:00:01.1  ELAPSED TIME: 0:00:02.0  MEM: 256.1M) ***

