#-check_same_via_cell true               # bool, default=false, user setting
 *** Starting Verify DRC (MEM: 3699.5) ***

  VERIFY DRC ...... Starting Verification
  VERIFY DRC ...... Initializing
  VERIFY DRC ...... Deleting Existing Violations
  VERIFY DRC ...... Creating Sub-Areas
  VERIFY DRC ...... Using new threading
  VERIFY DRC ...... Sub-Area: {0.000 0.000 55.296 55.296} 1 of 16
  VERIFY DRC ...... Sub-Area : 1 complete 874 Viols.
  VERIFY DRC ...... Sub-Area: {55.296 0.000 110.592 55.296} 2 of 16
  VERIFY DRC ...... Sub-Area : 2 complete 83 Viols.
  VERIFY DRC ...... Sub-Area: {110.592 0.000 165.888 55.296} 3 of 16
  VERIFY DRC ...... Sub-Area : 3 complete 27 Viols.
  VERIFY DRC ...... Sub-Area: {165.888 0.000 218.016 55.296} 4 of 16
  VERIFY DRC ...... Sub-Area : 4 complete 9 Viols.
  VERIFY DRC ...... Sub-Area: {0.000 55.296 55.296 110.592} 5 of 16
  VERIFY DRC ...... Sub-Area : 5 complete 5 Viols.
  VERIFY DRC ...... Sub-Area: {55.296 55.296 110.592 110.592} 6 of 16
**WARN: (IMPVFG-1103):	VERIFY DRC did not complete: Number of violations exceeds the Error Limit [1000]

  Verification Complete : 1000 Viols.

 Violation Summary By Layer and Type:

	         OffGrd      Enc     Rect    outOD   WidTbl   Totals
	M2          365        0      246      122        3      736
	M3            2        0        0        0        0        2
	V3            0      241        0        0        0      241
	V5            0       21        0        0        0       21
	Totals      367      262      246      122        3     1000

 *** End Verify DRC (CPU TIME: 0:00:01.2  ELAPSED TIME: 0:00:01.0  MEM: 256.1M) ***

