###############################################################
#  Generated by:      Cadence Innovus 23.12-s091_1
#  OS:                Linux x86_64(Host ID toolsession-0022-56dbdd798c-v95n7)
#  Generated on:      Fri Jun 26 02:11:45 2026
#  Design:            GCN
#  Command:           summaryReport -outfile ./reports/summary.rpt
###############################################################


==============================
General Design Information
==============================
Design Status: Routed  
Design Name: GCN  
# Instances: 51578  
# Hard Macros: 0  
# Std Cells: 51578  
    ------------------------------
    Standard Cells in Netlist
    ------------------------------
               Cell Type   Instance Count  Area (um^2)  
    A2O1A1Ixp33_ASAP7_75t_R               43          60.1862  
      AND2x2_ASAP7_75t_R              145         202.9536  
      AND2x4_ASAP7_75t_R                2           4.6656  
      AND3x1_ASAP7_75t_R                7           9.7978  
      AND3x2_ASAP7_75t_R                2           3.2659  
      AND4x1_ASAP7_75t_R                3           4.8989  
      AO21x1_ASAP7_75t_R              264         369.5155  
      AO21x2_ASAP7_75t_R               40          65.3184  
     AO221x1_ASAP7_75t_R                2           4.6656  
     AO222x2_ASAP7_75t_R                1           2.7994  
      AO22x1_ASAP7_75t_R              243         510.1834  
      AO22x2_ASAP7_75t_R               47         109.6416  
      AO31x2_ASAP7_75t_R                3          11.1974  
      AO32x1_ASAP7_75t_R                2           3.7325  
     AO331x1_ASAP7_75t_R                1           2.3328  
     AOI21x1_ASAP7_75t_R               10          18.6624  
    AOI21xp33_ASAP7_75t_R               23          26.8272  
    AOI21xp5_ASAP7_75t_R               46          53.6544  
    AOI221x1_ASAP7_75t_R                1           3.2659  
    AOI221xp5_ASAP7_75t_R                1           1.6330  
     AOI22x1_ASAP7_75t_R                1           2.3328  
    AOI22xp5_ASAP7_75t_R               59          82.5811  
    AOI31xp33_ASAP7_75t_R                1           1.3997  
    AOI333xp33_ASAP7_75t_R                2           5.1322  
    AOI33xp33_ASAP7_75t_R               32          59.7197  
    ASYNC_DFFHx1_ASAP7_75t_R             1087        6592.9594  
      BUFx10_ASAP7_75t_R                1           3.2659  
     BUFx12f_ASAP7_75t_R                8          33.5923  
       BUFx2_ASAP7_75t_R              161         187.7904  
       BUFx3_ASAP7_75t_R               71          99.3773  
       BUFx4_ASAP7_75t_R                1           1.6330  
      BUFx4f_ASAP7_75t_R                2           3.7325  
       BUFx5_ASAP7_75t_R                2           3.7325  
      BUFx6f_ASAP7_75t_R               14          32.6592  
       BUFx8_ASAP7_75t_R                2           5.5987  
        FAx1_ASAP7_75t_R              795        2596.4064  
      FILLER_ASAP7_75t_R            17779        8294.9702  
    FILLERxp5_ASAP7_75t_R             9592        2237.6218  
     HB1xp67_ASAP7_75t_R               64          59.7197  
       INVx1_ASAP7_75t_R             2708        1895.1667  
       INVx2_ASAP7_75t_R              327         305.1302  
       INVx3_ASAP7_75t_R               61          71.1504  
       INVx4_ASAP7_75t_R               13          18.1958  
       INVx5_ASAP7_75t_R                3           4.8989  
       INVx6_ASAP7_75t_R                2           3.7325  
       INVx8_ASAP7_75t_R                1           2.3328  
     INVxp33_ASAP7_75t_R              122          85.3805  
     INVxp67_ASAP7_75t_R              918         642.4531  
     MAJIxp5_ASAP7_75t_R              583         952.0157  
       MAJx2_ASAP7_75t_R              465         976.2768  
     NAND2x1_ASAP7_75t_R               33          46.1894  
    NAND2x1p5_ASAP7_75t_R               12          22.3949  
    NAND2xp33_ASAP7_75t_R             1044         974.1773  
    NAND2xp5_ASAP7_75t_R             1266        1181.3299  
    NAND2xp67_ASAP7_75t_R                1           1.3997  
     NAND3x1_ASAP7_75t_R                1           2.5661  
    NAND3xp33_ASAP7_75t_R              116         135.3024  
    NAND4xp25_ASAP7_75t_R                8          11.1974  
    NAND4xp75_ASAP7_75t_R                4          13.0637  
      NOR2x1_ASAP7_75t_R              638         892.9958  
    NOR2x1p5_ASAP7_75t_R               49          91.4458  
      NOR2x2_ASAP7_75t_R                1           2.3328  
    NOR2xp33_ASAP7_75t_R             2378        2218.9594  
    NOR2xp67_ASAP7_75t_R                3           4.1990  
      NOR3x1_ASAP7_75t_R                3           7.6982  
      NOR3x2_ASAP7_75t_R                1           4.6656  
    NOR3xp33_ASAP7_75t_R              152         177.2928  
    O2A1O1Ixp33_ASAP7_75t_R               50          69.9840  
    O2A1O1Ixp5_ASAP7_75t_R                7          13.0637  
     OA211x2_ASAP7_75t_R                1           1.8662  
      OA21x2_ASAP7_75t_R               23          37.5581  
      OA22x2_ASAP7_75t_R               21          48.9888  
     OA332x1_ASAP7_75t_R                1           2.5661  
      OA33x2_ASAP7_75t_R                5          11.6640  
    OAI211xp5_ASAP7_75t_R               11          15.3965  
     OAI21x1_ASAP7_75t_R               92         171.6941  
    OAI21xp33_ASAP7_75t_R             1089        1270.2096  
    OAI21xp5_ASAP7_75t_R              524         611.1936  
    OAI221xp5_ASAP7_75t_R                7          11.4307  
     OAI22x1_ASAP7_75t_R               16          37.3248  
    OAI22xp33_ASAP7_75t_R                4           5.5987  
    OAI22xp5_ASAP7_75t_R              117         163.7626  
    OAI311xp33_ASAP7_75t_R                2           3.2659  
    OAI31xp33_ASAP7_75t_R                1           1.3997  
    OAI31xp67_ASAP7_75t_R                1           3.0326  
    OAI321xp33_ASAP7_75t_R                1           1.8662  
    OAI331xp33_ASAP7_75t_R                3           6.2986  
    OAI33xp33_ASAP7_75t_R                2           3.7325  
       OR2x2_ASAP7_75t_R              467         653.6506  
       OR3x1_ASAP7_75t_R               17          23.7946  
     TAPCELL_ASAP7_75t_R             5376        2508.2266  
     TIELOx1_ASAP7_75t_R                2           1.3997  
     XNOR2x1_ASAP7_75t_R               31          86.7802  
     XNOR2x2_ASAP7_75t_R              116         297.6653  
    XNOR2xp5_ASAP7_75t_R             1206        2532.0211  
      XOR2x1_ASAP7_75t_R                4          11.1974  
      XOR2x2_ASAP7_75t_R              123         315.6278  
     XOR2xp5_ASAP7_75t_R              785        1648.1232  
# Pads: 0  
# Net: 20611  
# Special Net: 2  
# IO Pins: 
    ------------------------------
    Issued IO Information
    ------------------------------
    # Unplaced IO Pin  0  
    # Floating IO  0  
    # IO Connected to Non-IO Inst  
        ------------------------------
        IO Connected to Non-IO Inst
        ------------------------------
                     IO Name      Non-IO Inst Name  
          max_addi_answer[0]                 U1435  
          max_addi_answer[1]                 U1432  
          max_addi_answer[2]                 U1439  
          max_addi_answer[3]                 U1440  
          max_addi_answer[4]                 U1436  
          max_addi_answer[5]                 U1433  
          max_addi_answer[6]                 U1437  
          max_addi_answer[7]                 U1434  
          max_addi_answer[8]                 U1441  
          max_addi_answer[9]                 U1438  
         max_addi_answer[10]                 U1141  
         max_addi_answer[11]                 U1380  
                        done                 U1577  
                 enable_read  transformation_block_inst/U300  
             read_address[0]  transformation_block_inst/U2636  
             read_address[1]  transformation_block_inst/U2639  
             read_address[2]  transformation_block_inst/U2637  
             read_address[3]  combination_block_inst_fsm_inst_current_state_reg_2_  
             read_address[4]  combination_block_inst_fsm_inst_current_state_reg_2_  
             read_address[5]  combination_block_inst_fsm_inst_current_state_reg_2_  
             read_address[6]  combination_block_inst_fsm_inst_current_state_reg_2_  
             read_address[7]  combination_block_inst_fsm_inst_current_state_reg_2_  
             read_address[8]  combination_block_inst_fsm_inst_current_state_reg_2_  
             read_address[9]  transformation_block_inst/U296  
            read_address[10]  combination_block_inst_fsm_inst_current_state_reg_2_  
            read_address[11]  combination_block_inst_fsm_inst_current_state_reg_2_  
            read_address[12]  combination_block_inst_fsm_inst_current_state_reg_2_  
              coo_address[0]                 U1442  
              coo_address[1]                 U1142  
              coo_address[2]                 U1443  
                   coo_in[0]                 U1383  
                   coo_in[1]                 U1383  
                   coo_in[2]                 U1448  
                   coo_in[3]                 U1384  
                   coo_in[4]                 U1446  
                   coo_in[5]                 U1446  
                  data_in[0]  transformation_block_inst/vector_mult_inst/U276  
                  data_in[1]  transformation_block_inst/vector_mult_inst/U639  
                  data_in[2]  transformation_block_inst/vector_mult_inst/U434  
                  data_in[3]  transformation_block_inst/vector_mult_inst/U578  
                  data_in[4]  transformation_block_inst/vector_mult_inst/U240  
                  data_in[5]  transformation_block_inst/U978  
                  data_in[6]  transformation_block_inst/U1607  
                  data_in[7]  transformation_block_inst/U1734  
                  data_in[8]  transformation_block_inst/vector_mult_inst/U244  
                  data_in[9]  transformation_block_inst/U1704  
                 data_in[10]  transformation_block_inst/vector_mult_inst/U100  
                 data_in[11]  transformation_block_inst/vector_mult_inst/U368  
                 data_in[12]  transformation_block_inst/vector_mult_inst/U566  
                 data_in[13]  transformation_block_inst/U1004  
                 data_in[14]  transformation_block_inst/vector_mult_inst/U306  
                 data_in[15]  transformation_block_inst/U992  
                 data_in[16]  transformation_block_inst/U1015  
                 data_in[17]  transformation_block_inst/U1013  
                 data_in[18]  transformation_block_inst/U1273  
                 data_in[19]  transformation_block_inst/U994  
                 data_in[20]  transformation_block_inst/vector_mult_inst/U223  
                 data_in[21]  transformation_block_inst/vector_mult_inst/U431  
                 data_in[22]  transformation_block_inst/vector_mult_inst/U630  
                 data_in[23]  transformation_block_inst/vector_mult_inst/U527  
                 data_in[24]  transformation_block_inst/U1098  
                 data_in[25]  transformation_block_inst/U1096  
                 data_in[26]  transformation_block_inst/vector_mult_inst/U470  
                 data_in[27]  transformation_block_inst/U1280  
                 data_in[28]  transformation_block_inst/U1371  
                 data_in[29]  transformation_block_inst/U1369  
                 data_in[30]  transformation_block_inst/U1523  
                 data_in[31]  transformation_block_inst/U1094  
                 data_in[32]  transformation_block_inst/U1106  
                 data_in[33]  transformation_block_inst/U1104  
                 data_in[34]  transformation_block_inst/vector_mult_inst/U391  
                 data_in[35]  transformation_block_inst/vector_mult_inst/U623  
                 data_in[36]  transformation_block_inst/vector_mult_inst/U484  
                 data_in[37]  transformation_block_inst/U1271  
                 data_in[38]  transformation_block_inst/vector_mult_inst/U457  
                 data_in[39]  transformation_block_inst/U1255  
                 data_in[40]  transformation_block_inst/vector_mult_inst/U318  
                 data_in[41]  transformation_block_inst/vector_mult_inst/U480  
                 data_in[42]  transformation_block_inst/vector_mult_inst/U608  
                 data_in[43]  transformation_block_inst/vector_mult_inst/U560  
                 data_in[44]  transformation_block_inst/U1282  
                 data_in[45]  transformation_block_inst/U1265  
                 data_in[46]  transformation_block_inst/U1486  
                 data_in[47]  transformation_block_inst/U1472  
                 data_in[48]  transformation_block_inst/U1436  
                 data_in[49]  transformation_block_inst/vector_mult_inst/U344  
                 data_in[50]  transformation_block_inst/vector_mult_inst/U312  
                 data_in[51]  transformation_block_inst/U1410  
                 data_in[52]  transformation_block_inst/vector_mult_inst/U444  
                 data_in[53]  transformation_block_inst/vector_mult_inst/U469  
                 data_in[54]  transformation_block_inst/vector_mult_inst/U293  
                 data_in[55]  transformation_block_inst/vector_mult_inst/U632  
                 data_in[56]  transformation_block_inst/vector_mult_inst/U414  
                 data_in[57]  transformation_block_inst/vector_mult_inst/U575  
                 data_in[58]  transformation_block_inst/vector_mult_inst/U487  
                 data_in[59]  transformation_block_inst/U1424  
                 data_in[60]  transformation_block_inst/vector_mult_inst/U324  
                 data_in[61]  transformation_block_inst/U1442  
                 data_in[62]  transformation_block_inst/vector_mult_inst/U428  
                 data_in[63]  transformation_block_inst/vector_mult_inst/U652  
                 data_in[64]  transformation_block_inst/vector_mult_inst/U375  
                 data_in[65]  transformation_block_inst/U1448  
                 data_in[66]  transformation_block_inst/vector_mult_inst/U549  
                 data_in[67]  transformation_block_inst/vector_mult_inst/U369  
                 data_in[68]  transformation_block_inst/vector_mult_inst/U483  
                 data_in[69]  transformation_block_inst/vector_mult_inst/U290  
                 data_in[70]  transformation_block_inst/U1392  
                 data_in[71]  transformation_block_inst/FE_OCPC621_data_in_81__1  
                 data_in[72]  transformation_block_inst/vector_mult_inst/U440  
                 data_in[73]  transformation_block_inst/vector_mult_inst/U645  
                 data_in[74]  transformation_block_inst/vector_mult_inst/U379  
                 data_in[75]  transformation_block_inst/vector_mult_inst/U292  
                 data_in[76]  transformation_block_inst/vector_mult_inst/U448  
                 data_in[77]  transformation_block_inst/vector_mult_inst/U378  
                 data_in[78]  transformation_block_inst/U1850  
                 data_in[79]  transformation_block_inst/vector_mult_inst/U265  
                 data_in[80]  transformation_block_inst/vector_mult_inst/U319  
                 data_in[81]  transformation_block_inst/vector_mult_inst/U360  
                 data_in[82]  transformation_block_inst/U1886  
                 data_in[83]  transformation_block_inst/U1852  
                 data_in[84]  transformation_block_inst/vector_mult_inst/U514  
                 data_in[85]  transformation_block_inst/U1892  
                 data_in[86]  transformation_block_inst/vector_mult_inst/U546  
                 data_in[87]  transformation_block_inst/vector_mult_inst/U613  
                 data_in[88]  transformation_block_inst/U1872  
                 data_in[89]  transformation_block_inst/vector_mult_inst/U279  
                 data_in[90]  transformation_block_inst/vector_mult_inst/U310  
                 data_in[91]  transformation_block_inst/U1856  
                 data_in[92]  transformation_block_inst/U1828  
                 data_in[93]  transformation_block_inst/vector_mult_inst/U509  
                 data_in[94]  transformation_block_inst/vector_mult_inst/U323  
                 data_in[95]  transformation_block_inst/vector_mult_inst/U299  
                 data_in[96]  transformation_block_inst/vector_mult_inst/U467  
                 data_in[97]  transformation_block_inst/vector_mult_inst/U588  
                 data_in[98]  transformation_block_inst/vector_mult_inst/U680  
                 data_in[99]  transformation_block_inst/vector_mult_inst/U278  
                data_in[100]  transformation_block_inst/U1896  
                data_in[101]  transformation_block_inst/vector_mult_inst/U387  
                data_in[102]  transformation_block_inst/U1063  
                data_in[103]  transformation_block_inst/U1051  
                data_in[104]  transformation_block_inst/U1047  
                data_in[105]  transformation_block_inst/vector_mult_inst/U302  
                data_in[106]  transformation_block_inst/vector_mult_inst/U481  
                data_in[107]  transformation_block_inst/U1035  
                data_in[108]  transformation_block_inst/vector_mult_inst/U550  
                data_in[109]  transformation_block_inst/vector_mult_inst/U338  
                data_in[110]  transformation_block_inst/U1049  
                data_in[111]  transformation_block_inst/vector_mult_inst/U411  
                data_in[112]  transformation_block_inst/U1041  
                data_in[113]  transformation_block_inst/vector_mult_inst/U450  
                data_in[114]  transformation_block_inst/U1045  
                data_in[115]  transformation_block_inst/vector_mult_inst/U298  
                data_in[116]  transformation_block_inst/vector_mult_inst/U462  
                data_in[117]  transformation_block_inst/vector_mult_inst/U383  
                data_in[118]  transformation_block_inst/vector_mult_inst/U371  
                data_in[119]  transformation_block_inst/vector_mult_inst/U353  
                data_in[120]  transformation_block_inst/vector_mult_inst/U267  
                data_in[121]  transformation_block_inst/U1338  
                data_in[122]  transformation_block_inst/U1358  
                data_in[123]  transformation_block_inst/U1350  
                data_in[124]  transformation_block_inst/vector_mult_inst/U333  
                data_in[125]  transformation_block_inst/vector_mult_inst/U666  
                data_in[126]  transformation_block_inst/vector_mult_inst/U459  
                data_in[127]  transformation_block_inst/vector_mult_inst/U397  
                data_in[128]  transformation_block_inst/vector_mult_inst/U508  
                data_in[129]  transformation_block_inst/vector_mult_inst/U341  
                data_in[130]  transformation_block_inst/U1362  
                data_in[131]  transformation_block_inst/U1340  
                data_in[132]  transformation_block_inst/U1599  
                data_in[133]  transformation_block_inst/vector_mult_inst/U662  
                data_in[134]  transformation_block_inst/vector_mult_inst/U321  
                data_in[135]  transformation_block_inst/vector_mult_inst/U537  
                data_in[136]  transformation_block_inst/vector_mult_inst/U498  
                data_in[137]  transformation_block_inst/vector_mult_inst/U407  
                data_in[138]  transformation_block_inst/vector_mult_inst/U438  
                data_in[139]  transformation_block_inst/vector_mult_inst/U612  
                data_in[140]  transformation_block_inst/vector_mult_inst/U263  
                data_in[141]  transformation_block_inst/U1567  
                data_in[142]  transformation_block_inst/U1605  
                data_in[143]  transformation_block_inst/vector_mult_inst/U584  
                data_in[144]  transformation_block_inst/vector_mult_inst/U251  
                data_in[145]  transformation_block_inst/vector_mult_inst/U653  
                data_in[146]  transformation_block_inst/vector_mult_inst/U555  
                data_in[147]  transformation_block_inst/vector_mult_inst/U616  
                data_in[148]  transformation_block_inst/vector_mult_inst/U531  
                data_in[149]  transformation_block_inst/vector_mult_inst/U336  
                data_in[150]  transformation_block_inst/U1466  
                data_in[151]  transformation_block_inst/U1462  
                data_in[152]  transformation_block_inst/vector_mult_inst/U532  
                data_in[153]  transformation_block_inst/vector_mult_inst/U482  
                data_in[154]  transformation_block_inst/vector_mult_inst/U328  
                data_in[155]  transformation_block_inst/vector_mult_inst/U296  
                data_in[156]  transformation_block_inst/vector_mult_inst/U458  
                data_in[157]  transformation_block_inst/vector_mult_inst/U624  
                data_in[158]  transformation_block_inst/vector_mult_inst/U442  
                data_in[159]  transformation_block_inst/vector_mult_inst/U663  
                data_in[160]  transformation_block_inst/U1810  
                data_in[161]  transformation_block_inst/vector_mult_inst/U430  
                data_in[162]  transformation_block_inst/vector_mult_inst/U357  
                data_in[163]  transformation_block_inst/vector_mult_inst/U461  
                data_in[164]  transformation_block_inst/vector_mult_inst/U320  
                data_in[165]  transformation_block_inst/vector_mult_inst/U297  
                data_in[166]  transformation_block_inst/vector_mult_inst/U548  
                data_in[167]  transformation_block_inst/vector_mult_inst/U372  
                data_in[168]  transformation_block_inst/vector_mult_inst/U479  
                data_in[169]  transformation_block_inst/vector_mult_inst/U286  
                data_in[170]  transformation_block_inst/vector_mult_inst/U349  
                data_in[171]  transformation_block_inst/vector_mult_inst/U524  
                data_in[172]  transformation_block_inst/vector_mult_inst/U683  
                data_in[173]  transformation_block_inst/vector_mult_inst/U468  
                data_in[174]  transformation_block_inst/U1784  
                data_in[175]  transformation_block_inst/U1776  
                data_in[176]  transformation_block_inst/vector_mult_inst/U376  
                data_in[177]  transformation_block_inst/U1774  
                data_in[178]  transformation_block_inst/vector_mult_inst/U363  
                data_in[179]  transformation_block_inst/vector_mult_inst/U590  
                data_in[180]  transformation_block_inst/U1770  
                data_in[181]  transformation_block_inst/vector_mult_inst/U529  
                data_in[182]  transformation_block_inst/vector_mult_inst/U472  
                data_in[183]  transformation_block_inst/vector_mult_inst/U618  
                data_in[184]  transformation_block_inst/vector_mult_inst/U291  
                data_in[185]  transformation_block_inst/vector_mult_inst/U345  
                data_in[186]  transformation_block_inst/U1651  
                data_in[187]  transformation_block_inst/vector_mult_inst/U518  
                data_in[188]  transformation_block_inst/vector_mult_inst/U384  
                data_in[189]  transformation_block_inst/U1655  
                data_in[190]  transformation_block_inst/vector_mult_inst/U254  
                data_in[191]  transformation_block_inst/U1657  
                data_in[192]  transformation_block_inst/vector_mult_inst/U460  
                data_in[193]  transformation_block_inst/vector_mult_inst/U410  
                data_in[194]  transformation_block_inst/vector_mult_inst/U289  
                data_in[195]  transformation_block_inst/vector_mult_inst/U348  
                data_in[196]  transformation_block_inst/vector_mult_inst/U501  
                data_in[197]  transformation_block_inst/vector_mult_inst/U522  
                data_in[198]  transformation_block_inst/U1126  
                data_in[199]  transformation_block_inst/vector_mult_inst/U326  
                data_in[200]  transformation_block_inst/U1130  
                data_in[201]  transformation_block_inst/vector_mult_inst/U656  
                data_in[202]  transformation_block_inst/vector_mult_inst/U464  
                data_in[203]  transformation_block_inst/vector_mult_inst/U389  
                data_in[204]  transformation_block_inst/vector_mult_inst/U284  
                data_in[205]  transformation_block_inst/U1116  
                data_in[206]  transformation_block_inst/vector_mult_inst/U506  
                data_in[207]  transformation_block_inst/vector_mult_inst/U377  
                data_in[208]  transformation_block_inst/vector_mult_inst/U500  
                data_in[209]  transformation_block_inst/vector_mult_inst/U317  
                data_in[210]  transformation_block_inst/U1111  
                data_in[211]  transformation_block_inst/vector_mult_inst/U602  
                data_in[212]  transformation_block_inst/U1114  
                data_in[213]  transformation_block_inst/U1109  
                data_in[214]  transformation_block_inst/vector_mult_inst/U281  
                data_in[215]  transformation_block_inst/vector_mult_inst/U629  
                data_in[216]  transformation_block_inst/vector_mult_inst/U533  
                data_in[217]  transformation_block_inst/U1185  
                data_in[218]  transformation_block_inst/vector_mult_inst/U677  
                data_in[219]  transformation_block_inst/vector_mult_inst/U316  
                data_in[220]  transformation_block_inst/U1199  
                data_in[221]  transformation_block_inst/U1177  
                data_in[222]  transformation_block_inst/vector_mult_inst/U447  
                data_in[223]  transformation_block_inst/U1193  
                data_in[224]  transformation_block_inst/U1191  
                data_in[225]  transformation_block_inst/vector_mult_inst/U638  
                data_in[226]  transformation_block_inst/U1201  
                data_in[227]  transformation_block_inst/U1203  
                data_in[228]  transformation_block_inst/vector_mult_inst/U665  
                data_in[229]  transformation_block_inst/vector_mult_inst/U268  
                data_in[230]  transformation_block_inst/vector_mult_inst/U611  
                data_in[231]  transformation_block_inst/vector_mult_inst/U627  
                data_in[232]  transformation_block_inst/vector_mult_inst/U655  
                data_in[233]  transformation_block_inst/vector_mult_inst/U499  
                data_in[234]  transformation_block_inst/vector_mult_inst/U421  
                data_in[235]  transformation_block_inst/vector_mult_inst/U636  
                data_in[236]  transformation_block_inst/U1241  
                data_in[237]  transformation_block_inst/U1183  
                data_in[238]  transformation_block_inst/U1197  
                data_in[239]  transformation_block_inst/U1233  
                data_in[240]  transformation_block_inst/vector_mult_inst/U572  
                data_in[241]  transformation_block_inst/vector_mult_inst/U507  
                data_in[242]  transformation_block_inst/U1521  
                data_in[243]  transformation_block_inst/vector_mult_inst/U716  
                data_in[244]  transformation_block_inst/vector_mult_inst/U672  
                data_in[245]  transformation_block_inst/vector_mult_inst/U706  
                data_in[246]  transformation_block_inst/vector_mult_inst/U488  
                data_in[247]  transformation_block_inst/vector_mult_inst/U493  
                data_in[248]  transformation_block_inst/vector_mult_inst/U622  
                data_in[249]  transformation_block_inst/vector_mult_inst/U579  
                data_in[250]  transformation_block_inst/vector_mult_inst/U582  
                data_in[251]  transformation_block_inst/vector_mult_inst/U502  
                data_in[252]  transformation_block_inst/vector_mult_inst/U452  
                data_in[253]  transformation_block_inst/vector_mult_inst/U646  
                data_in[254]  transformation_block_inst/vector_mult_inst/U314  
                data_in[255]  transformation_block_inst/vector_mult_inst/U337  
                data_in[256]  transformation_block_inst/vector_mult_inst/U543  
                data_in[257]  transformation_block_inst/vector_mult_inst/U390  
                data_in[258]  transformation_block_inst/U1501  
                data_in[259]  transformation_block_inst/vector_mult_inst/U352  
                data_in[260]  transformation_block_inst/U1503  
                data_in[261]  transformation_block_inst/vector_mult_inst/U367  
                data_in[262]  transformation_block_inst/vector_mult_inst/U604  
                data_in[263]  transformation_block_inst/vector_mult_inst/U633  
                data_in[264]  transformation_block_inst/vector_mult_inst/U313  
                data_in[265]  transformation_block_inst/vector_mult_inst/U335  
                data_in[266]  transformation_block_inst/vector_mult_inst/U640  
                data_in[267]  transformation_block_inst/vector_mult_inst/U670  
                data_in[268]  transformation_block_inst/vector_mult_inst/U432  
                data_in[269]  transformation_block_inst/vector_mult_inst/U648  
                data_in[270]  transformation_block_inst/U1750  
                data_in[271]  transformation_block_inst/U1740  
                data_in[272]  transformation_block_inst/U1756  
                data_in[273]  transformation_block_inst/U1738  
                data_in[274]  transformation_block_inst/vector_mult_inst/U301  
                data_in[275]  transformation_block_inst/vector_mult_inst/U339  
                data_in[276]  transformation_block_inst/vector_mult_inst/U674  
                data_in[277]  transformation_block_inst/vector_mult_inst/U526  
                data_in[278]  transformation_block_inst/U1573  
                data_in[279]  transformation_block_inst/vector_mult_inst/U562  
                data_in[280]  transformation_block_inst/U1609  
                data_in[281]  transformation_block_inst/U1603  
                data_in[282]  transformation_block_inst/U1601  
                data_in[283]  transformation_block_inst/vector_mult_inst/U685  
                data_in[284]  transformation_block_inst/vector_mult_inst/U308  
                data_in[285]  transformation_block_inst/U1585  
                data_in[286]  transformation_block_inst/vector_mult_inst/U474  
                data_in[287]  transformation_block_inst/vector_mult_inst/U534  
                data_in[288]  transformation_block_inst/vector_mult_inst/U388  
                data_in[289]  transformation_block_inst/vector_mult_inst/U631  
                data_in[290]  transformation_block_inst/U1163  
                data_in[291]  transformation_block_inst/U1181  
                data_in[292]  transformation_block_inst/vector_mult_inst/U568  
                data_in[293]  transformation_block_inst/vector_mult_inst/U427  
                data_in[294]  transformation_block_inst/vector_mult_inst/U282  
                data_in[295]  transformation_block_inst/vector_mult_inst/U340  
                data_in[296]  transformation_block_inst/vector_mult_inst/U657  
                data_in[297]  transformation_block_inst/vector_mult_inst/U520  
                data_in[298]  transformation_block_inst/vector_mult_inst/U644  
                data_in[299]  transformation_block_inst/vector_mult_inst/U272  
                data_in[300]  transformation_block_inst/vector_mult_inst/U261  
                data_in[301]  transformation_block_inst/vector_mult_inst/U542  
                data_in[302]  transformation_block_inst/vector_mult_inst/U650  
                data_in[303]  transformation_block_inst/vector_mult_inst/U409  
                data_in[304]  transformation_block_inst/vector_mult_inst/U285  
                data_in[305]  transformation_block_inst/vector_mult_inst/U327  
                data_in[306]  transformation_block_inst/vector_mult_inst/U453  
                data_in[307]  transformation_block_inst/vector_mult_inst/U547  
                data_in[308]  transformation_block_inst/vector_mult_inst/U678  
                data_in[309]  transformation_block_inst/vector_mult_inst/U346  
                data_in[310]  transformation_block_inst/U1147  
                data_in[311]  transformation_block_inst/vector_mult_inst/U544  
                data_in[312]  transformation_block_inst/U1149  
                data_in[313]  transformation_block_inst/U1348  
                data_in[314]  transformation_block_inst/vector_mult_inst/U343  
                data_in[315]  transformation_block_inst/vector_mult_inst/U331  
                data_in[316]  transformation_block_inst/vector_mult_inst/U494  
                data_in[317]  transformation_block_inst/vector_mult_inst/U558  
                data_in[318]  transformation_block_inst/vector_mult_inst/U676  
                data_in[319]  transformation_block_inst/vector_mult_inst/U260  
                data_in[320]  transformation_block_inst/vector_mult_inst/U264  
                data_in[321]  transformation_block_inst/vector_mult_inst/U373  
                data_in[322]  transformation_block_inst/vector_mult_inst/U517  
                data_in[323]  transformation_block_inst/U1219  
                data_in[324]  transformation_block_inst/vector_mult_inst/U332  
                data_in[325]  transformation_block_inst/vector_mult_inst/U330  
                data_in[326]  transformation_block_inst/vector_mult_inst/U559  
                data_in[327]  transformation_block_inst/vector_mult_inst/U541  
                data_in[328]  transformation_block_inst/vector_mult_inst/U563  
                data_in[329]  transformation_block_inst/U1718  
                data_in[330]  transformation_block_inst/vector_mult_inst/U660  
                data_in[331]  transformation_block_inst/U1714  
                data_in[332]  transformation_block_inst/U1722  
                data_in[333]  transformation_block_inst/vector_mult_inst/U593  
                data_in[334]  transformation_block_inst/vector_mult_inst/U413  
                data_in[335]  transformation_block_inst/U1742  
                data_in[336]  transformation_block_inst/U1712  
                data_in[337]  transformation_block_inst/U1710  
                data_in[338]  transformation_block_inst/U1708  
                data_in[339]  transformation_block_inst/U1706  
                data_in[340]  transformation_block_inst/vector_mult_inst/U673  
                data_in[341]  transformation_block_inst/vector_mult_inst/U515  
                data_in[342]  transformation_block_inst/vector_mult_inst/U628  
                data_in[343]  transformation_block_inst/vector_mult_inst/U557  
                data_in[344]  transformation_block_inst/vector_mult_inst/U418  
                data_in[345]  transformation_block_inst/U1561  
                data_in[346]  transformation_block_inst/U1400  
                data_in[347]  transformation_block_inst/U1450  
                data_in[348]  transformation_block_inst/U1438  
                data_in[349]  transformation_block_inst/U1404  
                data_in[350]  transformation_block_inst/vector_mult_inst/U651  
                data_in[351]  transformation_block_inst/vector_mult_inst/U551  
                data_in[352]  transformation_block_inst/vector_mult_inst/U592  
                data_in[353]  transformation_block_inst/U1414  
                data_in[354]  transformation_block_inst/vector_mult_inst/U429  
                data_in[355]  transformation_block_inst/U1294  
                data_in[356]  transformation_block_inst/U1284  
                data_in[357]  transformation_block_inst/U1288  
                data_in[358]  transformation_block_inst/U1292  
                data_in[359]  transformation_block_inst/U1290  
                data_in[360]  transformation_block_inst/U1631  
                data_in[361]  transformation_block_inst/U1640  
                data_in[362]  transformation_block_inst/U1623  
                data_in[363]  transformation_block_inst/vector_mult_inst/U466  
                data_in[364]  transformation_block_inst/vector_mult_inst/U554  
                data_in[365]  transformation_block_inst/U1619  
                data_in[366]  transformation_block_inst/U1636  
                data_in[367]  transformation_block_inst/U1627  
                data_in[368]  transformation_block_inst/U1642  
                data_in[369]  transformation_block_inst/U1621  
                data_in[370]  transformation_block_inst/U1629  
                data_in[371]  transformation_block_inst/U1625  
                data_in[372]  transformation_block_inst/vector_mult_inst/U476  
                data_in[373]  transformation_block_inst/vector_mult_inst/U475  
                data_in[374]  transformation_block_inst/U1553  
                data_in[375]  transformation_block_inst/U1555  
                data_in[376]  transformation_block_inst/vector_mult_inst/U573  
                data_in[377]  transformation_block_inst/U1557  
                data_in[378]  transformation_block_inst/vector_mult_inst/U583  
                data_in[379]  transformation_block_inst/vector_mult_inst/U497  
                data_in[380]  transformation_block_inst/U1549  
                data_in[381]  transformation_block_inst/vector_mult_inst/U589  
                data_in[382]  transformation_block_inst/vector_mult_inst/U463  
                data_in[383]  transformation_block_inst/vector_mult_inst/U433  
                data_in[384]  transformation_block_inst/vector_mult_inst/U576  
                data_in[385]  transformation_block_inst/U1698  
                data_in[386]  transformation_block_inst/U1696  
                data_in[387]  transformation_block_inst/U1692  
                data_in[388]  transformation_block_inst/U1688  
                data_in[389]  transformation_block_inst/U1700  
                data_in[390]  transformation_block_inst/vector_mult_inst/U274  
                data_in[391]  transformation_block_inst/vector_mult_inst/U667  
                data_in[392]  transformation_block_inst/vector_mult_inst/U399  
                data_in[393]  transformation_block_inst/vector_mult_inst/U512  
                data_in[394]  transformation_block_inst/vector_mult_inst/U595  
                data_in[395]  transformation_block_inst/vector_mult_inst/U587  
                data_in[396]  transformation_block_inst/U1820  
                data_in[397]  transformation_block_inst/vector_mult_inst/U569  
                data_in[398]  transformation_block_inst/U1830  
                data_in[399]  transformation_block_inst/U1826  
                data_in[400]  transformation_block_inst/vector_mult_inst/U271  
                data_in[401]  transformation_block_inst/vector_mult_inst/U649  
                data_in[402]  transformation_block_inst/vector_mult_inst/U614  
                data_in[403]  transformation_block_inst/U1838  
                data_in[404]  transformation_block_inst/vector_mult_inst/U295  
                data_in[405]  transformation_block_inst/vector_mult_inst/U580  
                data_in[406]  transformation_block_inst/vector_mult_inst/U408  
                data_in[407]  transformation_block_inst/vector_mult_inst/U381  
                data_in[408]  transformation_block_inst/U1818  
                data_in[409]  transformation_block_inst/vector_mult_inst/U455  
                data_in[410]  transformation_block_inst/U937  
                data_in[411]  transformation_block_inst/U933  
                data_in[412]  transformation_block_inst/vector_mult_inst/U669  
                data_in[413]  transformation_block_inst/vector_mult_inst/U439  
                data_in[414]  transformation_block_inst/vector_mult_inst/U300  
                data_in[415]  transformation_block_inst/U923  
                data_in[416]  transformation_block_inst/vector_mult_inst/U510  
                data_in[417]  transformation_block_inst/vector_mult_inst/U486  
                data_in[418]  transformation_block_inst/vector_mult_inst/U405  
                data_in[419]  transformation_block_inst/U921  
                data_in[420]  transformation_block_inst/vector_mult_inst/U269  
                data_in[421]  transformation_block_inst/U958  
                data_in[422]  transformation_block_inst/U949  
                data_in[423]  transformation_block_inst/vector_mult_inst/U528  
                data_in[424]  transformation_block_inst/vector_mult_inst/U258  
                data_in[425]  transformation_block_inst/U1327  
                data_in[426]  transformation_block_inst/U1313  
                data_in[427]  transformation_block_inst/U1333  
                data_in[428]  transformation_block_inst/vector_mult_inst/U366  
                data_in[429]  transformation_block_inst/U1325  
                data_in[430]  transformation_block_inst/vector_mult_inst/U277  
                data_in[431]  transformation_block_inst/vector_mult_inst/U513  
                data_in[432]  transformation_block_inst/vector_mult_inst/U643  
                data_in[433]  transformation_block_inst/vector_mult_inst/U620  
                data_in[434]  transformation_block_inst/vector_mult_inst/U350  
                data_in[435]  transformation_block_inst/U1319  
                data_in[436]  transformation_block_inst/FE_OCPC657_data_in_8__1  
                data_in[437]  transformation_block_inst/U1309  
                data_in[438]  transformation_block_inst/U1507  
                data_in[439]  transformation_block_inst/U1511  
                data_in[440]  transformation_block_inst/vector_mult_inst/U252  
                data_in[441]  transformation_block_inst/vector_mult_inst/U419  
                data_in[442]  transformation_block_inst/vector_mult_inst/U451  
                data_in[443]  transformation_block_inst/vector_mult_inst/U478  
                data_in[444]  transformation_block_inst/vector_mult_inst/U597  
                data_in[445]  transformation_block_inst/FE_OCPC617_data_in_6__0  
                data_in[446]  transformation_block_inst/vector_mult_inst/U404  
                data_in[447]  transformation_block_inst/U962  
                data_in[448]  transformation_block_inst/U955  
                data_in[449]  transformation_block_inst/U943  
                data_in[450]  transformation_block_inst/U939  
                data_in[451]  transformation_block_inst/U941  
                data_in[452]  transformation_block_inst/vector_mult_inst/U415  
                data_in[453]  transformation_block_inst/vector_mult_inst/U471  
                data_in[454]  transformation_block_inst/vector_mult_inst/U637  
                data_in[455]  transformation_block_inst/U964  
                data_in[456]  transformation_block_inst/U1088  
                data_in[457]  transformation_block_inst/U1090  
                data_in[458]  transformation_block_inst/U1084  
                data_in[459]  transformation_block_inst/U1080  
                data_in[460]  transformation_block_inst/vector_mult_inst/U262  
                data_in[461]  transformation_block_inst/vector_mult_inst/U437  
                data_in[462]  transformation_block_inst/U1068  
                data_in[463]  transformation_block_inst/vector_mult_inst/U545  
                data_in[464]  transformation_block_inst/vector_mult_inst/U266  
                data_in[465]  transformation_block_inst/U1086  
                data_in[466]  transformation_block_inst/U1082  
                data_in[467]  transformation_block_inst/U1078  
                data_in[468]  transformation_block_inst/U1074  
                data_in[469]  transformation_block_inst/U1028  
                data_in[470]  transformation_block_inst/vector_mult_inst/U705  
                data_in[471]  transformation_block_inst/U1000  
                data_in[472]  transformation_block_inst/vector_mult_inst/U394  
                data_in[473]  transformation_block_inst/vector_mult_inst/U521  
                data_in[474]  transformation_block_inst/vector_mult_inst/U280  
                data_in[475]  transformation_block_inst/U984  
                data_in[476]  transformation_block_inst/U1563  
                data_in[477]  transformation_block_inst/U1671  
                data_in[478]  transformation_block_inst/vector_mult_inst/U717  
                data_in[479]  transformation_block_inst/vector_mult_inst/U275  
                       start  transformation_block_inst/FE_RC_4_0  
                       reset  transformation_block_inst/scratchpad_inst_memory_reg_69__0_  
                         clk  transformation_block_inst/CTS_ccl_a_buf_00016  519  519  
# Pins: 
    ------------------------------
    Correctness of Pin Connectivity for All Instances
    ------------------------------
    # Floating Terms  0  
    # Output Term Marked Tie Hi/Lo  0  
    # Output Term Shorted to PG Net  0  60760  
# PG Pins: 
    ------------------------------
    Correctness of PG Pin Connectivity for All Instances
    ------------------------------
    # Instances that No Net Defined for Any PG Pin  0  
    # Floating PG Terms  0  
    # PG Pins Connect to Non-PG Net  0  
    # Power Pins Connect Ground Net  0  
    # Ground Pins Connect Power Net  0  103156  
Average Pins Per Net(Signal): 2.948  

==============================
General Library Information
==============================
# Routing Layers: 10  
# Masterslice Layers: 4  
# Pin Layers: 
    General Caution:
        1) Library have M1 and M2 pins, you should setPlaceMode -prerouteAsObs {1 2 3}                                 to ensure these pins are accessible after placement

    ------------------------------
    Pin Layers
    ------------------------------
    M2  
    M1  2  
# Layers: 
    ------------------------------
    Layer Pad Information
    ------------------------------
    Type  Routing  
    Wire Pitch X  0.320 um  
    Wire Pitch Y  0.320 um  
    Offset X  0.160 um  
    Offset Y  0.160 um  
    Wire Width  0.160 um  
    Spacing  8.000 um  
    ------------------------------
    Layer V9 Information
    ------------------------------
    Type  Cut  
    Wire Width  0.160 um  
    Vias  
        ------------------------------
        Via list in layer V9
        ------------------------------
                  Vias in V9  Default  
                     VIA9Pad      Yes  For complete list click here  
    Multiple Orientation Vias  CAUTION: There is only one default via in this layer  
    ------------------------------
    Layer M9 Information
    ------------------------------
    Type  Routing  
    Wire Pitch X  0.320 um  
    Wire Pitch Y  0.320 um  
    Offset X  0.160 um  
    Offset Y  0.160 um  
    Wire Width  0.160 um  
    Spacing  0.160 um  
    ------------------------------
    Layer V8 Information
    ------------------------------
    Type  Cut  
    Wire Width  0.160 um  
    Vias  
        ------------------------------
        Via list in layer V8
        ------------------------------
                  Vias in V8  Default  
                       VIA89      Yes  For complete list click here  
    Multiple Orientation Vias  CAUTION: There is only one default via in this layer  
    ------------------------------
    Layer M8 Information
    ------------------------------
    Type  Routing  
    Wire Pitch X  0.320 um  
    Wire Pitch Y  0.320 um  
    Offset X  0.160 um  
    Offset Y  0.160 um  
    Wire Width  0.160 um  
    Spacing  0.160 um  
    ------------------------------
    Layer V7 Information
    ------------------------------
    Type  Cut  
    Wire Width  0.128 um  
    Vias  
        ------------------------------
        Via list in layer V7
        ------------------------------
                  Vias in V7  Default  
                       VIA78      Yes  For complete list click here  
    Multiple Orientation Vias  CAUTION: There is only one default via in this layer  
    ------------------------------
    Layer M7 Information
    ------------------------------
    Type  Routing  
    Wire Pitch X  0.256 um  
    Wire Pitch Y  0.256 um  
    Offset X  0.128 um  
    Offset Y  0.128 um  
    Wire Width  0.128 um  
    Spacing  0.128 um  
    ------------------------------
    Layer V6 Information
    ------------------------------
    Type  Cut  
    Vias  
        ------------------------------
        Via list in layer V6
        ------------------------------
                  Vias in V6  Default  
                       VIA67      Yes  For complete list click here  
    Multiple Orientation Vias  CAUTION: There is only one default via in this layer  
    ------------------------------
    Layer M6 Information
    ------------------------------
    Type  Routing  
    Wire Pitch X  0.256 um  
    Wire Pitch Y  0.256 um  
    Offset X  0.128 um  
    Offset Y  0.128 um  
    Wire Width  0.128 um  
    Spacing  0.128 um  
    ------------------------------
    Layer V5 Information
    ------------------------------
    Type  Cut  
    Vias  
        ------------------------------
        Via list in layer V5
        ------------------------------
                  Vias in V5  Default  
                       VIA56      Yes  For complete list click here  
    Multiple Orientation Vias  CAUTION: There is only one default via in this layer  
    ------------------------------
    Layer M5 Information
    ------------------------------
    Type  Routing  
    Wire Pitch X  0.192 um  
    Wire Pitch Y  0.192 um  
    Wire Width  0.096 um  
    Spacing  0.096 um  
    ------------------------------
    Layer V4 Information
    ------------------------------
    Type  Cut  
    Vias  
        ------------------------------
        Via list in layer V4
        ------------------------------
                  Vias in V4  Default  
                       VIA45      Yes  For complete list click here  
    Multiple Orientation Vias  CAUTION: There is only one default via in this layer  
    ------------------------------
    Layer M4 Information
    ------------------------------
    Type  Routing  
    Wire Pitch X  0.192 um  
    Wire Pitch Y  0.192 um  
    Offset X  0.012 um  
    Offset Y  0.012 um  
    Wire Width  0.096 um  
    Spacing  0.096 um  
    ------------------------------
    Layer V3 Information
    ------------------------------
    Type  Cut  
    Vias  
        ------------------------------
        Via list in layer V3
        ------------------------------
                  Vias in V3  Default  
                       VIA34      Yes  For complete list click here  
    Multiple Orientation Vias  CAUTION: There is only one default via in this layer  
    ------------------------------
    Layer M3 Information
    ------------------------------
    Type  Routing  
    Wire Pitch X  0.144 um  
    Wire Pitch Y  0.144 um  
    Wire Width  0.072 um  
    Spacing  0.072 um  
    ------------------------------
    Layer V2 Information
    ------------------------------
    Type  Cut  
    Wire Width  0.072 um  
    Vias  
        ------------------------------
        Via list in layer V2
        ------------------------------
                  Vias in V2  Default  
                       VIA23      Yes  For complete list click here  
    Multiple Orientation Vias  CAUTION: There is only one default via in this layer  
    ------------------------------
    Layer M2 Information
    ------------------------------
    Type  Routing  
    Wire Pitch X  0.144 um  
    Wire Pitch Y  0.144 um  
    Wire Width  0.072 um  
    Spacing  0.072 um  
    ------------------------------
    Layer V1 Information
    ------------------------------
    Type  Cut  
    Wire Width  0.072 um  
    Vias  
        ------------------------------
        Via list in layer V1
        ------------------------------
                  Vias in V1  Default  
                       VIA12      Yes  For complete list click here  
    Multiple Orientation Vias  CAUTION: There is only one default via in this layer  
    ------------------------------
    Layer M1 Information
    ------------------------------
    Type  Routing  
    Wire Pitch X  0.144 um  
    Wire Pitch Y  0.144 um  
    Wire Width  0.072 um  
    Spacing  0.072 um  
    ------------------------------
    Layer V0 Information
    ------------------------------
    Type  Cut  
    Wire Width  0.072 um  
    Vias  
        ------------------------------
        Via list in layer V0
        ------------------------------  
    ------------------------------
    Layer Active Information
    ------------------------------
    Type  Masterslice  
    ------------------------------
    Layer Gate Information
    ------------------------------
    Type  Masterslice  
    ------------------------------
    Layer OVERLAP Information
    ------------------------------
    Type  Overlap  25  
# Pins without Physical Port: 0  
# Pins in Library without Timing Lib: 0  
# Pins Missing Direction: 0  
Antenna Summary Report: 
    General Caution:
        1) All Antenna Constructs are absent for the layer section of LEF.
        2) All Antenna Constructs are absent for the macro section of LEF.For more information click here  
# Cells Missing LEF Info: 0  
# Cells with Dimension Errors: 
    ------------------------------
    Size of cell is not an integer multiple of its site
    ------------------------------
               Cell Name        Tech Site name  
    ICGx2p67DC_ASAP7_75t_R           asap7sc7p5t  
     ICGx4DC_ASAP7_75t_R           asap7sc7p5t  
    ICGx5p33DC_ASAP7_75t_R           asap7sc7p5t  
    ICGx6p67DC_ASAP7_75t_R           asap7sc7p5t  
     ICGx8DC_ASAP7_75t_R           asap7sc7p5t  5  

==============================
Netlist Information
==============================
# HFO (>200) Nets: 0  
# No-driven Nets: 495  
    General Caution:
        1) TODO
    No-driven Nets  
    transformation_block_inst/weight_col_out[0]  
    transformation_block_inst/weight_col_out[2]  
    transformation_block_inst/weight_col_out[5]  
    transformation_block_inst/weight_col_out[6]  
    transformation_block_inst/weight_col_out[7]  
    transformation_block_inst/weight_col_out[8]  
    transformation_block_inst/weight_col_out[11]  
    transformation_block_inst/weight_col_out[12]  
    transformation_block_inst/weight_col_out[13]  
    transformation_block_inst/weight_col_out[14]  
    transformation_block_inst/weight_col_out[15]  
    transformation_block_inst/weight_col_out[16]  
    transformation_block_inst/weight_col_out[17]  
    transformation_block_inst/weight_col_out[18]  
    transformation_block_inst/weight_col_out[19]  
    transformation_block_inst/weight_col_out[20]  
    transformation_block_inst/weight_col_out[21]  
    transformation_block_inst/weight_col_out[22]  
    transformation_block_inst/weight_col_out[23]  
    transformation_block_inst/weight_col_out[24]  
    transformation_block_inst/weight_col_out[25]  
    transformation_block_inst/weight_col_out[26]  
    transformation_block_inst/weight_col_out[27]  
    transformation_block_inst/weight_col_out[28]  
    transformation_block_inst/weight_col_out[29]  
    transformation_block_inst/weight_col_out[30]  
    transformation_block_inst/weight_col_out[31]  
    transformation_block_inst/weight_col_out[32]  
    transformation_block_inst/weight_col_out[33]  
    transformation_block_inst/weight_col_out[34]  
    transformation_block_inst/weight_col_out[35]  
    transformation_block_inst/weight_col_out[36]  
    transformation_block_inst/weight_col_out[37]  
    transformation_block_inst/weight_col_out[38]  
    transformation_block_inst/weight_col_out[39]  
    transformation_block_inst/weight_col_out[40]  
    transformation_block_inst/weight_col_out[41]  
    transformation_block_inst/weight_col_out[42]  
    transformation_block_inst/weight_col_out[43]  
    transformation_block_inst/weight_col_out[44]  
    transformation_block_inst/weight_col_out[45]  
    transformation_block_inst/weight_col_out[46]  
    transformation_block_inst/weight_col_out[47]  
    transformation_block_inst/weight_col_out[48]  
    transformation_block_inst/weight_col_out[49]  
    transformation_block_inst/weight_col_out[50]  
    transformation_block_inst/weight_col_out[51]  
    transformation_block_inst/weight_col_out[52]  
    transformation_block_inst/weight_col_out[53]  
    transformation_block_inst/weight_col_out[54]  
    transformation_block_inst/weight_col_out[55]  
    transformation_block_inst/weight_col_out[56]  
    transformation_block_inst/weight_col_out[57]  
    transformation_block_inst/weight_col_out[58]  
    transformation_block_inst/weight_col_out[59]  
    transformation_block_inst/weight_col_out[60]  
    transformation_block_inst/weight_col_out[61]  
    transformation_block_inst/weight_col_out[62]  
    transformation_block_inst/weight_col_out[63]  
    transformation_block_inst/weight_col_out[64]  
    transformation_block_inst/weight_col_out[65]  
    transformation_block_inst/weight_col_out[66]  
    transformation_block_inst/weight_col_out[67]  
    transformation_block_inst/weight_col_out[68]  
    transformation_block_inst/weight_col_out[69]  
    transformation_block_inst/weight_col_out[70]  
    transformation_block_inst/weight_col_out[71]  
    transformation_block_inst/weight_col_out[72]  
    transformation_block_inst/weight_col_out[73]  
    transformation_block_inst/weight_col_out[74]  
    transformation_block_inst/weight_col_out[75]  
    transformation_block_inst/weight_col_out[76]  
    transformation_block_inst/weight_col_out[77]  
    transformation_block_inst/weight_col_out[78]  
    transformation_block_inst/weight_col_out[79]  
    transformation_block_inst/weight_col_out[80]  
    transformation_block_inst/weight_col_out[81]  
    transformation_block_inst/weight_col_out[82]  
    transformation_block_inst/weight_col_out[83]  
    transformation_block_inst/weight_col_out[84]  
    transformation_block_inst/weight_col_out[85]  
    transformation_block_inst/weight_col_out[86]  
    transformation_block_inst/weight_col_out[87]  
    transformation_block_inst/weight_col_out[88]  
    transformation_block_inst/weight_col_out[89]  
    transformation_block_inst/weight_col_out[90]  
    transformation_block_inst/weight_col_out[91]  
    transformation_block_inst/weight_col_out[92]  
    transformation_block_inst/weight_col_out[93]  
    transformation_block_inst/weight_col_out[94]  
    transformation_block_inst/weight_col_out[95]  
    transformation_block_inst/weight_col_out[96]  
    transformation_block_inst/weight_col_out[97]  
    transformation_block_inst/weight_col_out[98]  
    transformation_block_inst/weight_col_out[99]  
    transformation_block_inst/weight_col_out[100]  
    transformation_block_inst/weight_col_out[101]  
    transformation_block_inst/weight_col_out[102]  
    transformation_block_inst/weight_col_out[103]  
    transformation_block_inst/weight_col_out[104]  
    transformation_block_inst/weight_col_out[105]  
    transformation_block_inst/weight_col_out[106]  
    transformation_block_inst/weight_col_out[107]  
    transformation_block_inst/weight_col_out[108]  
    transformation_block_inst/weight_col_out[109]  
    transformation_block_inst/weight_col_out[110]  
    transformation_block_inst/weight_col_out[111]  
    transformation_block_inst/weight_col_out[112]  
    transformation_block_inst/weight_col_out[113]  
    transformation_block_inst/weight_col_out[114]  
    transformation_block_inst/weight_col_out[115]  
    transformation_block_inst/weight_col_out[116]  
    transformation_block_inst/weight_col_out[117]  
    transformation_block_inst/weight_col_out[118]  
    transformation_block_inst/weight_col_out[119]  
    transformation_block_inst/weight_col_out[120]  
    transformation_block_inst/weight_col_out[121]  
    transformation_block_inst/weight_col_out[122]  
    transformation_block_inst/weight_col_out[123]  
    transformation_block_inst/weight_col_out[124]  
    transformation_block_inst/weight_col_out[125]  
    transformation_block_inst/weight_col_out[126]  
    transformation_block_inst/weight_col_out[127]  
    transformation_block_inst/weight_col_out[128]  
    transformation_block_inst/weight_col_out[129]  
    transformation_block_inst/weight_col_out[130]  
    transformation_block_inst/weight_col_out[131]  
    transformation_block_inst/weight_col_out[132]  
    transformation_block_inst/weight_col_out[133]  
    transformation_block_inst/weight_col_out[134]  
    transformation_block_inst/weight_col_out[135]  
    transformation_block_inst/weight_col_out[136]  
    transformation_block_inst/weight_col_out[137]  
    transformation_block_inst/weight_col_out[138]  
    transformation_block_inst/weight_col_out[139]  
    transformation_block_inst/weight_col_out[140]  
    transformation_block_inst/weight_col_out[141]  
    transformation_block_inst/weight_col_out[142]  
    transformation_block_inst/weight_col_out[143]  
    transformation_block_inst/weight_col_out[144]  
    transformation_block_inst/weight_col_out[145]  
    transformation_block_inst/weight_col_out[146]  
    transformation_block_inst/weight_col_out[147]  
    transformation_block_inst/weight_col_out[148]  
    transformation_block_inst/weight_col_out[149]  
    transformation_block_inst/weight_col_out[150]  
    transformation_block_inst/weight_col_out[151]  
    transformation_block_inst/weight_col_out[152]  
    transformation_block_inst/weight_col_out[153]  
    transformation_block_inst/weight_col_out[154]  
    transformation_block_inst/weight_col_out[155]  
    transformation_block_inst/weight_col_out[156]  
    transformation_block_inst/weight_col_out[157]  
    transformation_block_inst/weight_col_out[158]  
    transformation_block_inst/weight_col_out[159]  
    transformation_block_inst/weight_col_out[160]  
    transformation_block_inst/weight_col_out[161]  
    transformation_block_inst/weight_col_out[162]  
    transformation_block_inst/weight_col_out[163]  
    transformation_block_inst/weight_col_out[164]  
    transformation_block_inst/weight_col_out[165]  
    transformation_block_inst/weight_col_out[166]  
    transformation_block_inst/weight_col_out[167]  
    transformation_block_inst/weight_col_out[168]  
    transformation_block_inst/weight_col_out[169]  
    transformation_block_inst/weight_col_out[170]  
    transformation_block_inst/weight_col_out[171]  
    transformation_block_inst/weight_col_out[172]  
    transformation_block_inst/weight_col_out[173]  
    transformation_block_inst/weight_col_out[174]  
    transformation_block_inst/weight_col_out[175]  
    transformation_block_inst/weight_col_out[176]  
    transformation_block_inst/weight_col_out[177]  
    transformation_block_inst/weight_col_out[178]  
    transformation_block_inst/weight_col_out[179]  
    transformation_block_inst/weight_col_out[180]  
    transformation_block_inst/weight_col_out[181]  
    transformation_block_inst/weight_col_out[182]  
    transformation_block_inst/weight_col_out[183]  
    transformation_block_inst/weight_col_out[184]  
    transformation_block_inst/weight_col_out[185]  
    transformation_block_inst/weight_col_out[186]  
    transformation_block_inst/weight_col_out[187]  
    transformation_block_inst/weight_col_out[188]  
    transformation_block_inst/weight_col_out[189]  
    transformation_block_inst/weight_col_out[190]  
    transformation_block_inst/weight_col_out[191]  
    transformation_block_inst/weight_col_out[192]  
    transformation_block_inst/weight_col_out[193]  
    transformation_block_inst/weight_col_out[194]  
    transformation_block_inst/weight_col_out[195]  
    transformation_block_inst/weight_col_out[196]  
    transformation_block_inst/weight_col_out[197]  
    transformation_block_inst/weight_col_out[198]  
    transformation_block_inst/weight_col_out[199]  
    transformation_block_inst/weight_col_out[200]  
    transformation_block_inst/weight_col_out[201]  
    transformation_block_inst/weight_col_out[202]  
    transformation_block_inst/weight_col_out[203]  
    transformation_block_inst/weight_col_out[204]  
    transformation_block_inst/weight_col_out[205]  
    transformation_block_inst/weight_col_out[206]  
    transformation_block_inst/weight_col_out[207]  
    transformation_block_inst/weight_col_out[208]  
    transformation_block_inst/weight_col_out[209]  
    transformation_block_inst/weight_col_out[210]  
    transformation_block_inst/weight_col_out[211]  
    transformation_block_inst/weight_col_out[212]  
    transformation_block_inst/weight_col_out[213]  
    transformation_block_inst/weight_col_out[214]  
    transformation_block_inst/weight_col_out[215]  
    transformation_block_inst/weight_col_out[216]  
    transformation_block_inst/weight_col_out[217]  
    transformation_block_inst/weight_col_out[218]  
    transformation_block_inst/weight_col_out[219]  
    transformation_block_inst/weight_col_out[220]  
    transformation_block_inst/weight_col_out[221]  
    transformation_block_inst/weight_col_out[222]  
    transformation_block_inst/weight_col_out[223]  
    transformation_block_inst/weight_col_out[224]  
    transformation_block_inst/weight_col_out[225]  
    transformation_block_inst/weight_col_out[226]  
    transformation_block_inst/weight_col_out[227]  
    transformation_block_inst/weight_col_out[228]  
    transformation_block_inst/weight_col_out[229]  
    transformation_block_inst/weight_col_out[230]  
    transformation_block_inst/weight_col_out[231]  
    transformation_block_inst/weight_col_out[232]  
    transformation_block_inst/weight_col_out[233]  
    transformation_block_inst/weight_col_out[234]  
    transformation_block_inst/weight_col_out[235]  
    transformation_block_inst/weight_col_out[236]  
    transformation_block_inst/weight_col_out[237]  
    transformation_block_inst/weight_col_out[238]  
    transformation_block_inst/weight_col_out[239]  
    transformation_block_inst/weight_col_out[240]  
    transformation_block_inst/weight_col_out[242]  
    transformation_block_inst/weight_col_out[243]  
    transformation_block_inst/weight_col_out[244]  
    transformation_block_inst/weight_col_out[245]  
    transformation_block_inst/weight_col_out[246]  
    transformation_block_inst/weight_col_out[249]  
    transformation_block_inst/weight_col_out[250]  
    transformation_block_inst/weight_col_out[251]  
    transformation_block_inst/weight_col_out[252]  
    transformation_block_inst/weight_col_out[253]  
    transformation_block_inst/weight_col_out[254]  
    transformation_block_inst/weight_col_out[255]  
    transformation_block_inst/weight_col_out[256]  
    transformation_block_inst/weight_col_out[257]  
    transformation_block_inst/weight_col_out[258]  
    transformation_block_inst/weight_col_out[259]  
    transformation_block_inst/weight_col_out[260]  
    transformation_block_inst/weight_col_out[261]  
    transformation_block_inst/weight_col_out[262]  
    transformation_block_inst/weight_col_out[263]  
    transformation_block_inst/weight_col_out[264]  
    transformation_block_inst/weight_col_out[265]  
    transformation_block_inst/weight_col_out[266]  
    transformation_block_inst/weight_col_out[267]  
    transformation_block_inst/weight_col_out[268]  
    transformation_block_inst/weight_col_out[269]  
    transformation_block_inst/weight_col_out[270]  
    transformation_block_inst/weight_col_out[271]  
    transformation_block_inst/weight_col_out[272]  
    transformation_block_inst/weight_col_out[273]  
    transformation_block_inst/weight_col_out[274]  
    transformation_block_inst/weight_col_out[275]  
    transformation_block_inst/weight_col_out[276]  
    transformation_block_inst/weight_col_out[277]  
    transformation_block_inst/weight_col_out[278]  
    transformation_block_inst/weight_col_out[279]  
    transformation_block_inst/weight_col_out[280]  
    transformation_block_inst/weight_col_out[281]  
    transformation_block_inst/weight_col_out[282]  
    transformation_block_inst/weight_col_out[283]  
    transformation_block_inst/weight_col_out[284]  
    transformation_block_inst/weight_col_out[285]  
    transformation_block_inst/weight_col_out[286]  
    transformation_block_inst/weight_col_out[287]  
    transformation_block_inst/weight_col_out[288]  
    transformation_block_inst/weight_col_out[289]  
    transformation_block_inst/weight_col_out[290]  
    transformation_block_inst/weight_col_out[291]  
    transformation_block_inst/weight_col_out[292]  
    transformation_block_inst/weight_col_out[293]  
    transformation_block_inst/weight_col_out[294]  
    transformation_block_inst/weight_col_out[295]  
    transformation_block_inst/weight_col_out[296]  
    transformation_block_inst/weight_col_out[297]  
    transformation_block_inst/weight_col_out[298]  
    transformation_block_inst/weight_col_out[299]  
    transformation_block_inst/weight_col_out[300]  
    transformation_block_inst/weight_col_out[301]  
    transformation_block_inst/weight_col_out[302]  
    transformation_block_inst/weight_col_out[303]  
    transformation_block_inst/weight_col_out[304]  
    transformation_block_inst/weight_col_out[305]  
    transformation_block_inst/weight_col_out[306]  
    transformation_block_inst/weight_col_out[307]  
    transformation_block_inst/weight_col_out[308]  
    transformation_block_inst/weight_col_out[309]  
    transformation_block_inst/weight_col_out[310]  
    transformation_block_inst/weight_col_out[311]  
    transformation_block_inst/weight_col_out[312]  
    transformation_block_inst/weight_col_out[313]  
    transformation_block_inst/weight_col_out[314]  
    transformation_block_inst/weight_col_out[315]  
    transformation_block_inst/weight_col_out[316]  
    transformation_block_inst/weight_col_out[317]  
    transformation_block_inst/weight_col_out[318]  
    transformation_block_inst/weight_col_out[319]  
    transformation_block_inst/weight_col_out[320]  
    transformation_block_inst/weight_col_out[321]  
    transformation_block_inst/weight_col_out[322]  
    transformation_block_inst/weight_col_out[323]  
    transformation_block_inst/weight_col_out[324]  
    transformation_block_inst/weight_col_out[325]  
    transformation_block_inst/weight_col_out[326]  
    transformation_block_inst/weight_col_out[327]  
    transformation_block_inst/weight_col_out[328]  
    transformation_block_inst/weight_col_out[329]  
    transformation_block_inst/weight_col_out[330]  
    transformation_block_inst/weight_col_out[331]  
    transformation_block_inst/weight_col_out[332]  
    transformation_block_inst/weight_col_out[333]  
    transformation_block_inst/weight_col_out[334]  
    transformation_block_inst/weight_col_out[335]  
    transformation_block_inst/weight_col_out[336]  
    transformation_block_inst/weight_col_out[337]  
    transformation_block_inst/weight_col_out[338]  
    transformation_block_inst/weight_col_out[339]  
    transformation_block_inst/weight_col_out[340]  
    transformation_block_inst/weight_col_out[341]  
    transformation_block_inst/weight_col_out[342]  
    transformation_block_inst/weight_col_out[343]  
    transformation_block_inst/weight_col_out[344]  
    transformation_block_inst/weight_col_out[345]  
    transformation_block_inst/weight_col_out[346]  
    transformation_block_inst/weight_col_out[347]  
    transformation_block_inst/weight_col_out[348]  
    transformation_block_inst/weight_col_out[349]  
    transformation_block_inst/weight_col_out[350]  
    transformation_block_inst/weight_col_out[351]  
    transformation_block_inst/weight_col_out[352]  
    transformation_block_inst/weight_col_out[353]  
    transformation_block_inst/weight_col_out[354]  
    transformation_block_inst/weight_col_out[355]  
    transformation_block_inst/weight_col_out[356]  
    transformation_block_inst/weight_col_out[357]  
    transformation_block_inst/weight_col_out[358]  
    transformation_block_inst/weight_col_out[359]  
    transformation_block_inst/weight_col_out[360]  
    transformation_block_inst/weight_col_out[361]  
    transformation_block_inst/weight_col_out[362]  
    transformation_block_inst/weight_col_out[363]  
    transformation_block_inst/weight_col_out[364]  
    transformation_block_inst/weight_col_out[365]  
    transformation_block_inst/weight_col_out[366]  
    transformation_block_inst/weight_col_out[367]  
    transformation_block_inst/weight_col_out[368]  
    transformation_block_inst/weight_col_out[369]  
    transformation_block_inst/weight_col_out[370]  
    transformation_block_inst/weight_col_out[371]  
    transformation_block_inst/weight_col_out[372]  
    transformation_block_inst/weight_col_out[373]  
    transformation_block_inst/weight_col_out[374]  
    transformation_block_inst/weight_col_out[375]  
    transformation_block_inst/weight_col_out[376]  
    transformation_block_inst/weight_col_out[377]  
    transformation_block_inst/weight_col_out[378]  
    transformation_block_inst/weight_col_out[379]  
    transformation_block_inst/weight_col_out[380]  
    transformation_block_inst/weight_col_out[381]  
    transformation_block_inst/weight_col_out[382]  
    transformation_block_inst/weight_col_out[383]  
    transformation_block_inst/weight_col_out[384]  
    transformation_block_inst/weight_col_out[385]  
    transformation_block_inst/weight_col_out[386]  
    transformation_block_inst/weight_col_out[387]  
    transformation_block_inst/weight_col_out[388]  
    transformation_block_inst/weight_col_out[389]  
    transformation_block_inst/weight_col_out[390]  
    transformation_block_inst/weight_col_out[391]  
    transformation_block_inst/weight_col_out[392]  
    transformation_block_inst/weight_col_out[393]  
    transformation_block_inst/weight_col_out[394]  
    transformation_block_inst/weight_col_out[395]  
    transformation_block_inst/weight_col_out[396]  
    transformation_block_inst/weight_col_out[397]  
    transformation_block_inst/weight_col_out[398]  
    transformation_block_inst/weight_col_out[399]  
    transformation_block_inst/weight_col_out[400]  
    transformation_block_inst/weight_col_out[401]  
    transformation_block_inst/weight_col_out[402]  
    transformation_block_inst/weight_col_out[403]  
    transformation_block_inst/weight_col_out[404]  
    transformation_block_inst/weight_col_out[405]  
    transformation_block_inst/weight_col_out[406]  
    transformation_block_inst/weight_col_out[407]  
    transformation_block_inst/weight_col_out[408]  
    transformation_block_inst/weight_col_out[409]  
    transformation_block_inst/weight_col_out[410]  
    transformation_block_inst/weight_col_out[411]  
    transformation_block_inst/weight_col_out[412]  
    transformation_block_inst/weight_col_out[413]  
    transformation_block_inst/weight_col_out[414]  
    transformation_block_inst/weight_col_out[415]  
    transformation_block_inst/weight_col_out[416]  
    transformation_block_inst/weight_col_out[417]  
    transformation_block_inst/weight_col_out[418]  
    transformation_block_inst/weight_col_out[419]  
    transformation_block_inst/weight_col_out[420]  
    transformation_block_inst/weight_col_out[421]  
    transformation_block_inst/weight_col_out[422]  
    transformation_block_inst/weight_col_out[423]  
    transformation_block_inst/weight_col_out[424]  
    transformation_block_inst/weight_col_out[425]  
    transformation_block_inst/weight_col_out[426]  
    transformation_block_inst/weight_col_out[427]  
    transformation_block_inst/weight_col_out[428]  
    transformation_block_inst/weight_col_out[429]  
    transformation_block_inst/weight_col_out[430]  
    transformation_block_inst/weight_col_out[431]  
    transformation_block_inst/weight_col_out[432]  
    transformation_block_inst/weight_col_out[433]  
    transformation_block_inst/weight_col_out[434]  
    transformation_block_inst/weight_col_out[435]  
    transformation_block_inst/weight_col_out[436]  
    transformation_block_inst/weight_col_out[437]  
    transformation_block_inst/weight_col_out[438]  
    transformation_block_inst/weight_col_out[439]  
    transformation_block_inst/weight_col_out[440]  
    transformation_block_inst/weight_col_out[441]  
    transformation_block_inst/weight_col_out[442]  
    transformation_block_inst/weight_col_out[443]  
    transformation_block_inst/weight_col_out[444]  
    transformation_block_inst/weight_col_out[445]  
    transformation_block_inst/weight_col_out[446]  
    transformation_block_inst/weight_col_out[447]  
    transformation_block_inst/weight_col_out[448]  
    transformation_block_inst/weight_col_out[449]  
    transformation_block_inst/weight_col_out[450]  
    transformation_block_inst/weight_col_out[451]  
    transformation_block_inst/weight_col_out[452]  
    transformation_block_inst/weight_col_out[453]  
    transformation_block_inst/weight_col_out[454]  
    transformation_block_inst/weight_col_out[455]  
    transformation_block_inst/weight_col_out[456]  
    transformation_block_inst/weight_col_out[457]  
    transformation_block_inst/weight_col_out[458]  
    transformation_block_inst/weight_col_out[459]  
    transformation_block_inst/weight_col_out[460]  
    transformation_block_inst/weight_col_out[461]  
    transformation_block_inst/weight_col_out[462]  
    transformation_block_inst/weight_col_out[463]  
    transformation_block_inst/weight_col_out[464]  
    transformation_block_inst/weight_col_out[465]  
    transformation_block_inst/weight_col_out[466]  
    transformation_block_inst/weight_col_out[467]  
    transformation_block_inst/weight_col_out[468]  
    transformation_block_inst/weight_col_out[469]  
    transformation_block_inst/weight_col_out[470]  
    transformation_block_inst/weight_col_out[471]  
    transformation_block_inst/weight_col_out[472]  
    transformation_block_inst/weight_col_out[474]  
    transformation_block_inst/weight_col_out[475]  
    transformation_block_inst/weight_col_out[477]  
    transformation_block_inst/weight_col_out[478]  
    transformation_block_inst/weight_col_out[479]  
    SYNOPSYS_UNCONNECTED__8  
    SYNOPSYS_UNCONNECTED__7  
    SYNOPSYS_UNCONNECTED__6  
    SYNOPSYS_UNCONNECTED__5  
    SYNOPSYS_UNCONNECTED__4  
    SYNOPSYS_UNCONNECTED__3  
    SYNOPSYS_UNCONNECTED__2  
    SYNOPSYS_UNCONNECTED__1  
    SYNOPSYS_UNCONNECTED__0  
    read_address_10_  
    read_address[3]  
    read_address[4]  
    read_address[5]  
    read_address[6]  
    read_address[7]  
    read_address[8]  
    read_address[11]  
    read_address[12]  
    transformation_block_inst/vector_mult_inst/FE_OFN2120_n3139  
    transformation_block_inst/FE_OCPN2177_n3193  
    transformation_block_inst/vector_mult_inst/FE_OCPN2200_n2860  
    transformation_block_inst/vector_mult_inst/FE_OCPN2237_n1930  
    transformation_block_inst/FE_OCPN2243_n2749  
    transformation_block_inst/FE_OCPN2297_n1777  
    transformation_block_inst/vector_mult_inst/FE_OCPN2317_n3007  
# Multi-driven Nets: 0  
# Assign Statements: 0  
Is Design Uniquified: YES  
# Pins in Netlist without timing lib: 0  

==============================

==============================
: Internal  External  
No of Nets:      20114           0  
No of Connections:      41165           0  
Total Net Length (X): 1.3917e+05  0.0000e+00  
Total Net Length (Y): 1.5142e+05  0.0000e+00  
Total Net Length: 2.9059e+05  0.0000e+00  

==============================
Timing Information
==============================
# Clocks in design: 
    ------------------------------
    Clocks in Design
    ------------------------------
    default_hold_view/clk  
    default_setup_view/clk  2  
# Generated clocks: 0  
# "dont_use" cells from .libs: 0  
# "dont_touch" cells from .libs: 0  
# Cells in .lib with max_tran: 
    ------------------------------
    Cell List with max_tran
    ------------------------------
               Cell Name  Max Transition (ps)  
    A2O1A1Ixp33_ASAP7_75t_R  320  
    A2O1A1O1Ixp25_ASAP7_75t_R  320  
      AND2x2_ASAP7_75t_R  4000  
      AND2x4_ASAP7_75t_R  4000  
      AND2x6_ASAP7_75t_R  4000  
      AND3x1_ASAP7_75t_R  4000  
      AND3x2_ASAP7_75t_R  4000  
      AND3x4_ASAP7_75t_R  4000  
      AND4x1_ASAP7_75t_R  4000  
      AND4x2_ASAP7_75t_R  4000  
      AND5x1_ASAP7_75t_R  4000  
      AND5x2_ASAP7_75t_R  4000  
     AO211x2_ASAP7_75t_R  320  
      AO21x1_ASAP7_75t_R  320  
      AO21x2_ASAP7_75t_R  320  
     AO221x1_ASAP7_75t_R  320  
     AO221x2_ASAP7_75t_R  320  
     AO222x2_ASAP7_75t_R  320  
      AO22x1_ASAP7_75t_R  320  
      AO22x2_ASAP7_75t_R  320  
      AO31x2_ASAP7_75t_R  320  
     AO322x2_ASAP7_75t_R  320  
      AO32x1_ASAP7_75t_R  320  
      AO32x2_ASAP7_75t_R  320  
     AO331x1_ASAP7_75t_R  320  
     AO331x2_ASAP7_75t_R  320  
     AO332x1_ASAP7_75t_R  320  
     AO332x2_ASAP7_75t_R  320  
     AO333x1_ASAP7_75t_R  320  
     AO333x2_ASAP7_75t_R  320  
      AO33x2_ASAP7_75t_R  320  
    AOI211x1_ASAP7_75t_R  320  
    AOI211xp5_ASAP7_75t_R  320  
     AOI21x1_ASAP7_75t_R  320  
    AOI21xp33_ASAP7_75t_R  320  
    AOI21xp5_ASAP7_75t_R  320  
    AOI221x1_ASAP7_75t_R  320  
    AOI221xp5_ASAP7_75t_R  320  
    AOI222xp33_ASAP7_75t_R  320  
     AOI22x1_ASAP7_75t_R  320  
    AOI22xp33_ASAP7_75t_R  320  
    AOI22xp5_ASAP7_75t_R  320  
    AOI311xp33_ASAP7_75t_R  320  
    AOI31xp33_ASAP7_75t_R  320  
    AOI31xp67_ASAP7_75t_R  320  
    AOI321xp33_ASAP7_75t_R  320  
    AOI322xp5_ASAP7_75t_R  320  
    AOI32xp33_ASAP7_75t_R  320  
    AOI331xp33_ASAP7_75t_R  320  
    AOI332xp33_ASAP7_75t_R  320  
    AOI333xp33_ASAP7_75t_R  320  
    AOI33xp33_ASAP7_75t_R  320  
    ASYNC_DFFHx1_ASAP7_75t_R  320  
      BUFx10_ASAP7_75t_R  320  
      BUFx12_ASAP7_75t_R  320  
     BUFx12f_ASAP7_75t_R  320  
     BUFx16f_ASAP7_75t_R  320  
      BUFx24_ASAP7_75t_R  320  
       BUFx2_ASAP7_75t_R  320  
       BUFx3_ASAP7_75t_R  320  
       BUFx4_ASAP7_75t_R  320  
      BUFx4f_ASAP7_75t_R  320  
       BUFx5_ASAP7_75t_R  320  
      BUFx6f_ASAP7_75t_R  320  
       BUFx8_ASAP7_75t_R  320  
    CKINVDCx10_ASAP7_75t_R  320  
    CKINVDCx11_ASAP7_75t_R  320  
    CKINVDCx12_ASAP7_75t_R  320  
    CKINVDCx14_ASAP7_75t_R  320  
    CKINVDCx16_ASAP7_75t_R  320  
    CKINVDCx20_ASAP7_75t_R  320  
    CKINVDCx5p33_ASAP7_75t_R  320  
    CKINVDCx6p67_ASAP7_75t_R  320  
    CKINVDCx8_ASAP7_75t_R  320  
    CKINVDCx9p33_ASAP7_75t_R  320  
    DFFHQNx1_ASAP7_75t_R  320  
    DFFHQNx2_ASAP7_75t_R  320  
    DFFHQNx3_ASAP7_75t_R  320  
     DFFHQx4_ASAP7_75t_R  320  
    DFFLQNx1_ASAP7_75t_R  320  
    DFFLQNx2_ASAP7_75t_R  320  
    DFFLQNx3_ASAP7_75t_R  320  
     DFFLQx4_ASAP7_75t_R  320  
       DHLx1_ASAP7_75t_R  320  
       DHLx2_ASAP7_75t_R  320  
       DHLx3_ASAP7_75t_R  320  
       DLLx1_ASAP7_75t_R  320  
       DLLx2_ASAP7_75t_R  320  
       DLLx3_ASAP7_75t_R  320  
        FAx1_ASAP7_75t_R  4000  
       HAxp5_ASAP7_75t_R  4000  
     HB1xp67_ASAP7_75t_R  320  
     HB2xp67_ASAP7_75t_R  320  
     HB3xp67_ASAP7_75t_R  320  
     HB4xp67_ASAP7_75t_R  320  
       ICGx1_ASAP7_75t_R  320  
       ICGx2_ASAP7_75t_R  320  
    ICGx2p67DC_ASAP7_75t_R  320  
       ICGx3_ASAP7_75t_R  320  
     ICGx4DC_ASAP7_75t_R  320  
       ICGx4_ASAP7_75t_R  320  
       ICGx5_ASAP7_75t_R  320  
    ICGx5p33DC_ASAP7_75t_R  320  
    ICGx6p67DC_ASAP7_75t_R  320  
     ICGx8DC_ASAP7_75t_R  320  
      INVx11_ASAP7_75t_R  320  
      INVx13_ASAP7_75t_R  320  
       INVx1_ASAP7_75t_R  320  
       INVx2_ASAP7_75t_R  320  
       INVx3_ASAP7_75t_R  320  
       INVx4_ASAP7_75t_R  320  
       INVx5_ASAP7_75t_R  320  
       INVx6_ASAP7_75t_R  320  
       INVx8_ASAP7_75t_R  320  
     INVxp33_ASAP7_75t_R  320  
     INVxp67_ASAP7_75t_R  320  
     MAJIxp5_ASAP7_75t_R  4000  
       MAJx2_ASAP7_75t_R  4000  
       MAJx3_ASAP7_75t_R  4000  
     NAND2x1_ASAP7_75t_R  4000  
    NAND2x1p5_ASAP7_75t_R  4000  
     NAND2x2_ASAP7_75t_R  4000  
    NAND2xp33_ASAP7_75t_R  4000  
    NAND2xp5_ASAP7_75t_R  4000  
    NAND2xp67_ASAP7_75t_R  4000  
     NAND3x1_ASAP7_75t_R  4000  
     NAND3x2_ASAP7_75t_R  4000  
    NAND3xp33_ASAP7_75t_R  4000  
    NAND4xp25_ASAP7_75t_R  4000  
    NAND4xp75_ASAP7_75t_R  4000  
    NAND5xp2_ASAP7_75t_R  4000  
      NOR2x1_ASAP7_75t_R  4000  
    NOR2x1p5_ASAP7_75t_R  4000  
      NOR2x2_ASAP7_75t_R  4000  
    NOR2xp33_ASAP7_75t_R  4000  
    NOR2xp67_ASAP7_75t_R  4000  
      NOR3x1_ASAP7_75t_R  4000  
      NOR3x2_ASAP7_75t_R  4000  
    NOR3xp33_ASAP7_75t_R  4000  
    NOR4xp25_ASAP7_75t_R  4000  
    NOR4xp75_ASAP7_75t_R  4000  
     NOR5xp2_ASAP7_75t_R  4000  
    O2A1O1Ixp33_ASAP7_75t_R  320  
    O2A1O1Ixp5_ASAP7_75t_R  320  
     OA211x2_ASAP7_75t_R  320  
      OA21x2_ASAP7_75t_R  320  
     OA221x2_ASAP7_75t_R  320  
     OA222x2_ASAP7_75t_R  320  
      OA22x2_ASAP7_75t_R  320  
      OA31x2_ASAP7_75t_R  320  
     OA331x1_ASAP7_75t_R  320  
     OA331x2_ASAP7_75t_R  320  
     OA332x1_ASAP7_75t_R  320  
     OA332x2_ASAP7_75t_R  320  
     OA333x1_ASAP7_75t_R  320  
     OA333x2_ASAP7_75t_R  320  
      OA33x2_ASAP7_75t_R  320  
    OAI211xp5_ASAP7_75t_R  320  
     OAI21x1_ASAP7_75t_R  320  
    OAI21xp33_ASAP7_75t_R  320  
    OAI21xp5_ASAP7_75t_R  320  
    OAI221xp5_ASAP7_75t_R  320  
    OAI222xp33_ASAP7_75t_R  320  
     OAI22x1_ASAP7_75t_R  320  
    OAI22xp33_ASAP7_75t_R  320  
    OAI22xp5_ASAP7_75t_R  320  
    OAI311xp33_ASAP7_75t_R  320  
    OAI31xp33_ASAP7_75t_R  320  
    OAI31xp67_ASAP7_75t_R  320  
    OAI321xp33_ASAP7_75t_R  320  
    OAI322xp33_ASAP7_75t_R  320  
    OAI32xp33_ASAP7_75t_R  320  
    OAI331xp33_ASAP7_75t_R  320  
    OAI332xp33_ASAP7_75t_R  320  
    OAI333xp33_ASAP7_75t_R  320  
    OAI33xp33_ASAP7_75t_R  320  
       OR2x2_ASAP7_75t_R  4000  
       OR2x4_ASAP7_75t_R  4000  
       OR2x6_ASAP7_75t_R  4000  
       OR3x1_ASAP7_75t_R  4000  
       OR3x2_ASAP7_75t_R  4000  
       OR3x4_ASAP7_75t_R  4000  
       OR4x1_ASAP7_75t_R  4000  
       OR4x2_ASAP7_75t_R  4000  
       OR5x1_ASAP7_75t_R  4000  
       OR5x2_ASAP7_75t_R  4000  
      SDFHx1_ASAP7_75t_R  320  
      SDFHx2_ASAP7_75t_R  320  
      SDFHx3_ASAP7_75t_R  320  
      SDFHx4_ASAP7_75t_R  320  
      SDFLx1_ASAP7_75t_R  320  
      SDFLx2_ASAP7_75t_R  320  
      SDFLx3_ASAP7_75t_R  320  
      SDFLx4_ASAP7_75t_R  320  
     TIEHIx1_ASAP7_75t_R  4000  
     TIELOx1_ASAP7_75t_R  4000  
     XNOR2x1_ASAP7_75t_R  4000  
     XNOR2x2_ASAP7_75t_R  4000  
    XNOR2xp5_ASAP7_75t_R  4000  
      XOR2x1_ASAP7_75t_R  4000  
      XOR2x2_ASAP7_75t_R  4000  
     XOR2xp5_ASAP7_75t_R  4000  202  
# Cells in .lib with max_cap: 
    ------------------------------
    Cell List with max_cap
    ------------------------------
               Cell Name  Max Capacitance (pf)  
    A2O1A1Ixp33_ASAP7_75t_R  0.023040  
    A2O1A1O1Ixp25_ASAP7_75t_R  0.023040  
      AND2x2_ASAP7_75t_R  0.092160  
      AND2x4_ASAP7_75t_R  0.184320  
      AND2x6_ASAP7_75t_R  0.368640  
      AND3x1_ASAP7_75t_R  0.046080  
      AND3x2_ASAP7_75t_R  0.092160  
      AND3x4_ASAP7_75t_R  0.184320  
      AND4x1_ASAP7_75t_R  0.046080  
      AND4x2_ASAP7_75t_R  0.092160  
      AND5x1_ASAP7_75t_R  0.368640  
      AND5x2_ASAP7_75t_R  0.368640  
     AO211x2_ASAP7_75t_R  0.092160  
      AO21x1_ASAP7_75t_R  0.046080  
      AO21x2_ASAP7_75t_R  0.092160  
     AO221x1_ASAP7_75t_R  0.046080  
     AO221x2_ASAP7_75t_R  0.092160  
     AO222x2_ASAP7_75t_R  0.092160  
      AO22x1_ASAP7_75t_R  0.046080  
      AO22x2_ASAP7_75t_R  0.092160  
      AO31x2_ASAP7_75t_R  0.092160  
     AO322x2_ASAP7_75t_R  0.092160  
      AO32x1_ASAP7_75t_R  0.046080  
      AO32x2_ASAP7_75t_R  0.092160  
     AO331x1_ASAP7_75t_R  0.046080  
     AO331x2_ASAP7_75t_R  0.092160  
     AO332x1_ASAP7_75t_R  0.046080  
     AO332x2_ASAP7_75t_R  0.092160  
     AO333x1_ASAP7_75t_R  0.046080  
     AO333x2_ASAP7_75t_R  0.092160  
      AO33x2_ASAP7_75t_R  0.092160  
    AOI211x1_ASAP7_75t_R  0.046080  
    AOI211xp5_ASAP7_75t_R  0.023040  
     AOI21x1_ASAP7_75t_R  0.023040  
    AOI21xp33_ASAP7_75t_R  0.023040  
    AOI21xp5_ASAP7_75t_R  0.023040  
    AOI221x1_ASAP7_75t_R  0.046080  
    AOI221xp5_ASAP7_75t_R  0.023040  
    AOI222xp33_ASAP7_75t_R  0.023040  
     AOI22x1_ASAP7_75t_R  0.046080  
    AOI22xp33_ASAP7_75t_R  0.023040  
    AOI22xp5_ASAP7_75t_R  0.023040  
    AOI311xp33_ASAP7_75t_R  0.023040  
    AOI31xp33_ASAP7_75t_R  0.023040  
    AOI31xp67_ASAP7_75t_R  0.023040  
    AOI321xp33_ASAP7_75t_R  0.023040  
    AOI322xp5_ASAP7_75t_R  0.023040  
    AOI32xp33_ASAP7_75t_R  0.023040  
    AOI331xp33_ASAP7_75t_R  0.023040  
    AOI332xp33_ASAP7_75t_R  0.023040  
    AOI333xp33_ASAP7_75t_R  0.023040  
    AOI33xp33_ASAP7_75t_R  0.023040  
    ASYNC_DFFHx1_ASAP7_75t_R  0.046080  
      BUFx10_ASAP7_75t_R  0.368640  
      BUFx12_ASAP7_75t_R  0.368640  
     BUFx12f_ASAP7_75t_R  0.368640  
     BUFx16f_ASAP7_75t_R  0.737280  
      BUFx24_ASAP7_75t_R  1.474560  
       BUFx2_ASAP7_75t_R  0.092160  
       BUFx3_ASAP7_75t_R  0.092160  
       BUFx4_ASAP7_75t_R  0.184320  
      BUFx4f_ASAP7_75t_R  0.184320  
       BUFx5_ASAP7_75t_R  0.184320  
      BUFx6f_ASAP7_75t_R  0.184320  
       BUFx8_ASAP7_75t_R  0.368640  
    CKINVDCx10_ASAP7_75t_R  0.737280  
    CKINVDCx11_ASAP7_75t_R  0.737280  
    CKINVDCx12_ASAP7_75t_R  0.737280  
    CKINVDCx14_ASAP7_75t_R  0.737280  
    CKINVDCx16_ASAP7_75t_R  0.737280  
    CKINVDCx20_ASAP7_75t_R  0.737280  
    CKINVDCx5p33_ASAP7_75t_R  0.184320  
    CKINVDCx6p67_ASAP7_75t_R  0.368640  
    CKINVDCx8_ASAP7_75t_R  0.368640  
    CKINVDCx9p33_ASAP7_75t_R  0.368640  
    DFFHQNx1_ASAP7_75t_R  0.046080  
    DFFHQNx2_ASAP7_75t_R  0.092160  
    DFFHQNx3_ASAP7_75t_R  0.092160  
     DFFHQx4_ASAP7_75t_R  0.092160  
    DFFLQNx1_ASAP7_75t_R  0.046080  
    DFFLQNx2_ASAP7_75t_R  0.092160  
    DFFLQNx3_ASAP7_75t_R  0.092160  
     DFFLQx4_ASAP7_75t_R  0.184320  
       DHLx1_ASAP7_75t_R  0.046080  
       DHLx2_ASAP7_75t_R  0.092160  
       DHLx3_ASAP7_75t_R  0.092160  
       DLLx1_ASAP7_75t_R  0.046080  
       DLLx2_ASAP7_75t_R  0.092160  
       DLLx3_ASAP7_75t_R  0.092160  
        FAx1_ASAP7_75t_R  0.046080  
       HAxp5_ASAP7_75t_R  0.023040  
     HB1xp67_ASAP7_75t_R  0.023040  
     HB2xp67_ASAP7_75t_R  0.023040  
     HB3xp67_ASAP7_75t_R  0.023040  
     HB4xp67_ASAP7_75t_R  0.023040  
       ICGx1_ASAP7_75t_R  0.046080  
       ICGx2_ASAP7_75t_R  0.092160  
    ICGx2p67DC_ASAP7_75t_R  0.092160  
       ICGx3_ASAP7_75t_R  0.092160  
     ICGx4DC_ASAP7_75t_R  0.092160  
       ICGx4_ASAP7_75t_R  0.092160  
       ICGx5_ASAP7_75t_R  0.092160  
    ICGx5p33DC_ASAP7_75t_R  0.092160  
    ICGx6p67DC_ASAP7_75t_R  0.092160  
     ICGx8DC_ASAP7_75t_R  0.092160  
      INVx11_ASAP7_75t_R  0.368640  
      INVx13_ASAP7_75t_R  0.737280  
       INVx1_ASAP7_75t_R  0.046080  
       INVx2_ASAP7_75t_R  0.092160  
       INVx3_ASAP7_75t_R  0.092160  
       INVx4_ASAP7_75t_R  0.184320  
       INVx5_ASAP7_75t_R  0.184320  
       INVx6_ASAP7_75t_R  0.368640  
       INVx8_ASAP7_75t_R  0.368640  
     INVxp33_ASAP7_75t_R  0.023040  
     INVxp67_ASAP7_75t_R  0.023040  
     MAJIxp5_ASAP7_75t_R  0.023040  
       MAJx2_ASAP7_75t_R  0.092160  
       MAJx3_ASAP7_75t_R  0.092160  
     NAND2x1_ASAP7_75t_R  0.046080  
    NAND2x1p5_ASAP7_75t_R  0.023040  
     NAND2x2_ASAP7_75t_R  0.092160  
    NAND2xp33_ASAP7_75t_R  0.023040  
    NAND2xp5_ASAP7_75t_R  0.023040  
    NAND2xp67_ASAP7_75t_R  0.046080  
     NAND3x1_ASAP7_75t_R  0.046080  
     NAND3x2_ASAP7_75t_R  0.092160  
    NAND3xp33_ASAP7_75t_R  0.023040  
    NAND4xp25_ASAP7_75t_R  0.023040  
    NAND4xp75_ASAP7_75t_R  0.046080  
    NAND5xp2_ASAP7_75t_R  0.092160  
      NOR2x1_ASAP7_75t_R  0.046080  
    NOR2x1p5_ASAP7_75t_R  0.092160  
      NOR2x2_ASAP7_75t_R  0.092160  
    NOR2xp33_ASAP7_75t_R  0.023040  
    NOR2xp67_ASAP7_75t_R  0.046080  
      NOR3x1_ASAP7_75t_R  0.046080  
      NOR3x2_ASAP7_75t_R  0.092160  
    NOR3xp33_ASAP7_75t_R  0.023040  
    NOR4xp25_ASAP7_75t_R  0.023040  
    NOR4xp75_ASAP7_75t_R  0.046080  
     NOR5xp2_ASAP7_75t_R  0.023040  
    O2A1O1Ixp33_ASAP7_75t_R  0.023040  
    O2A1O1Ixp5_ASAP7_75t_R  0.023040  
     OA211x2_ASAP7_75t_R  0.092160  
      OA21x2_ASAP7_75t_R  0.092160  
     OA221x2_ASAP7_75t_R  0.092160  
     OA222x2_ASAP7_75t_R  0.092160  
      OA22x2_ASAP7_75t_R  0.092160  
      OA31x2_ASAP7_75t_R  0.092160  
     OA331x1_ASAP7_75t_R  0.046080  
     OA331x2_ASAP7_75t_R  0.092160  
     OA332x1_ASAP7_75t_R  0.046080  
     OA332x2_ASAP7_75t_R  0.092160  
     OA333x1_ASAP7_75t_R  0.046080  
     OA333x2_ASAP7_75t_R  0.092160  
      OA33x2_ASAP7_75t_R  0.092160  
    OAI211xp5_ASAP7_75t_R  0.023040  
     OAI21x1_ASAP7_75t_R  0.046080  
    OAI21xp33_ASAP7_75t_R  0.023040  
    OAI21xp5_ASAP7_75t_R  0.023040  
    OAI221xp5_ASAP7_75t_R  0.023040  
    OAI222xp33_ASAP7_75t_R  0.023040  
     OAI22x1_ASAP7_75t_R  0.046080  
    OAI22xp33_ASAP7_75t_R  0.023040  
    OAI22xp5_ASAP7_75t_R  0.023040  
    OAI311xp33_ASAP7_75t_R  0.023040  
    OAI31xp33_ASAP7_75t_R  0.023040  
    OAI31xp67_ASAP7_75t_R  0.023040  
    OAI321xp33_ASAP7_75t_R  0.023040  
    OAI322xp33_ASAP7_75t_R  0.023040  
    OAI32xp33_ASAP7_75t_R  0.023040  
    OAI331xp33_ASAP7_75t_R  0.023040  
    OAI332xp33_ASAP7_75t_R  0.023040  
    OAI333xp33_ASAP7_75t_R  0.023040  
    OAI33xp33_ASAP7_75t_R  0.023040  
       OR2x2_ASAP7_75t_R  0.092160  
       OR2x4_ASAP7_75t_R  0.184320  
       OR2x6_ASAP7_75t_R  0.184320  
       OR3x1_ASAP7_75t_R  0.046080  
       OR3x2_ASAP7_75t_R  0.092160  
       OR3x4_ASAP7_75t_R  0.184320  
       OR4x1_ASAP7_75t_R  0.046080  
       OR4x2_ASAP7_75t_R  0.092160  
       OR5x1_ASAP7_75t_R  0.046080  
       OR5x2_ASAP7_75t_R  0.092160  
      SDFHx1_ASAP7_75t_R  0.046080  
      SDFHx2_ASAP7_75t_R  0.092160  
      SDFHx3_ASAP7_75t_R  0.092160  
      SDFHx4_ASAP7_75t_R  0.184320  
      SDFLx1_ASAP7_75t_R  0.046080  
      SDFLx2_ASAP7_75t_R  0.092160  
      SDFLx3_ASAP7_75t_R  0.092160  
      SDFLx4_ASAP7_75t_R  0.184320  
     XNOR2x1_ASAP7_75t_R  0.046080  
     XNOR2x2_ASAP7_75t_R  0.092160  
    XNOR2xp5_ASAP7_75t_R  0.023040  
      XOR2x1_ASAP7_75t_R  0.046080  
      XOR2x2_ASAP7_75t_R  0.092160  
     XOR2xp5_ASAP7_75t_R  0.023040  200  
# Cells in .lib with max_fanout: 0  
SDC max_cap: N/A  
SDC max_tran: N/A  
SDC max_fanout: 16  
Default Ext. Scale Factor: 1.000  
Detail Ext. Scale Factor: 1.000  

==============================
Floorplan/Placement Information
==============================
Total area of Standard cells: 43087.749 um^2  
Total area of Standard cells(Subtracting Physical Cells): 30046.931 um^2  
Total area of Macros: 0.000 um^2  
Total area of Blockages: 0.000 um^2  
Total area of Pad cells: 0.000 um^2  
Total area of Core: 43117.609 um^2  
Total area of Chip: 47405.399 um^2  
Effective Utilization: 1.0000e+00  
Number of Cell Rows: 192  
% Pure Gate Density #1 (Subtracting BLOCKAGES): 99.931%  
% Pure Gate Density #2 (Subtracting BLOCKAGES and Physical Cells): 69.686%  
% Pure Gate Density #3 (Subtracting MACROS): 99.931%  
% Pure Gate Density #4 (Subtracting MACROS and Physical Cells): 69.686%  
% Pure Gate Density #5 (Subtracting MACROS and BLOCKAGES): 99.931%  
% Pure Gate Density #6 (Subtracting MACROS and BLOCKAGES for insts are not placed): 69.686%  
% Core Density (Counting Std Cells and MACROs): 99.931%  
% Core Density #2(Subtracting Physical Cells): 69.686%  
% Chip Density (Counting Std Cells and MACROs and IOs): 90.892%  
% Chip Density #2(Subtracting Physical Cells): 63.383%  
# Macros within 5 sites of IO pad: No  
Macro halo defined?: No  

==============================
Wire Length Distribution
==============================
Total M1 wire length: 4751.6480 um  
Total M2 wire length: 72123.1280 um  
Total M3 wire length: 91152.6120 um  
Total M4 wire length: 50330.8080 um  
Total M5 wire length: 46898.9760 um  
Total M6 wire length: 18986.9760 um  
Total M7 wire length: 9531.0720 um  
Total M8 wire length: 1784.1600 um  
Total M9 wire length: 3856.7520 um  
Total Pad wire length: 0.0000 um  
Total wire length: 299416.1320 um  
Average wire length/net: 14.5270 um  
Area of Power Net Distribution: 
    ------------------------------
    Area of Power Net Distribution
    ------------------------------
    Layer Name  Area of Power Net  Routable Area  Percentage  
    M1  1453.6498  43117.6090  3.3714%  
    M2  550.5368  43117.6090  1.2768%  
    M3  518.7410  43117.6090  1.2031%  
    M4  0.0000  43117.6090  0.0000%  
    M5  0.0000  43117.6090  0.0000%  
    M6  0.0000  43117.6090  0.0000%  
    M7  0.0000  43117.6090  0.0000%  
    M8  0.0000  43117.6090  0.0000%  
    M9  0.0000  43117.6090  0.0000%  
    Pad  0.0000  43117.6090  0.0000%  For more information click here  
